Archive member included to satisfy reference by file (symbol)

d:/stm32cubemx/gcc-arm-none-eabi-10.3-2021.10/bin/../lib/gcc/arm-none-eabi/10.3.1/thumb/v7e-m+fp/hard\libgcc.a(_aeabi_uldivmod.o)
                              CMakeFiles/Test.elf.dir/Drivers/STM32F4xx_HAL_Driver/Src/stm32f4xx_hal_rcc.c.obj (__aeabi_uldivmod)
d:/stm32cubemx/gcc-arm-none-eabi-10.3-2021.10/bin/../lib/gcc/arm-none-eabi/10.3.1/thumb/v7e-m+fp/hard\libgcc.a(_udivmoddi4.o)
                              d:/stm32cubemx/gcc-arm-none-eabi-10.3-2021.10/bin/../lib/gcc/arm-none-eabi/10.3.1/thumb/v7e-m+fp/hard\libgcc.a(_aeabi_uldivmod.o) (__udivmoddi4)
d:/stm32cubemx/gcc-arm-none-eabi-10.3-2021.10/bin/../lib/gcc/arm-none-eabi/10.3.1/thumb/v7e-m+fp/hard\libgcc.a(_dvmd_tls.o)
                              d:/stm32cubemx/gcc-arm-none-eabi-10.3-2021.10/bin/../lib/gcc/arm-none-eabi/10.3.1/thumb/v7e-m+fp/hard\libgcc.a(_aeabi_uldivmod.o) (__aeabi_ldiv0)
d:/stm32cubemx/gcc-arm-none-eabi-10.3-2021.10/bin/../lib/gcc/arm-none-eabi/10.3.1/../../../../arm-none-eabi/lib/thumb/v7e-m+fp/hard\libg.a(lib_a-errno.o)
                              CMakeFiles/Test.elf.dir/Core/Src/syscalls.c.obj (__errno)
d:/stm32cubemx/gcc-arm-none-eabi-10.3-2021.10/bin/../lib/gcc/arm-none-eabi/10.3.1/../../../../arm-none-eabi/lib/thumb/v7e-m+fp/hard\libg.a(lib_a-exit.o)
                              d:/stm32cubemx/gcc-arm-none-eabi-10.3-2021.10/bin/../lib/gcc/arm-none-eabi/10.3.1/../../../../arm-none-eabi/lib/thumb/v7e-m+fp/hard/crt0.o (exit)
d:/stm32cubemx/gcc-arm-none-eabi-10.3-2021.10/bin/../lib/gcc/arm-none-eabi/10.3.1/../../../../arm-none-eabi/lib/thumb/v7e-m+fp/hard\libg.a(lib_a-impure.o)
                              d:/stm32cubemx/gcc-arm-none-eabi-10.3-2021.10/bin/../lib/gcc/arm-none-eabi/10.3.1/../../../../arm-none-eabi/lib/thumb/v7e-m+fp/hard\libg.a(lib_a-exit.o) (_global_impure_ptr)
d:/stm32cubemx/gcc-arm-none-eabi-10.3-2021.10/bin/../lib/gcc/arm-none-eabi/10.3.1/../../../../arm-none-eabi/lib/thumb/v7e-m+fp/hard\libg.a(lib_a-init.o)
                              d:/stm32cubemx/gcc-arm-none-eabi-10.3-2021.10/bin/../lib/gcc/arm-none-eabi/10.3.1/../../../../arm-none-eabi/lib/thumb/v7e-m+fp/hard/crt0.o (__libc_init_array)
d:/stm32cubemx/gcc-arm-none-eabi-10.3-2021.10/bin/../lib/gcc/arm-none-eabi/10.3.1/../../../../arm-none-eabi/lib/thumb/v7e-m+fp/hard\libg.a(lib_a-memcpy.o)
                              CMakeFiles/Test.elf.dir/Middlewares/Third_Party/FreeRTOS/Source/CMSIS_RTOS_V2/cmsis_os2.c.obj (memcpy)
d:/stm32cubemx/gcc-arm-none-eabi-10.3-2021.10/bin/../lib/gcc/arm-none-eabi/10.3.1/../../../../arm-none-eabi/lib/thumb/v7e-m+fp/hard\libg.a(lib_a-memset.o)
                              d:/stm32cubemx/gcc-arm-none-eabi-10.3-2021.10/bin/../lib/gcc/arm-none-eabi/10.3.1/../../../../arm-none-eabi/lib/thumb/v7e-m+fp/hard/crt0.o (memset)
d:/stm32cubemx/gcc-arm-none-eabi-10.3-2021.10/bin/../lib/gcc/arm-none-eabi/10.3.1/../../../../arm-none-eabi/lib/thumb/v7e-m+fp/hard\libg.a(lib_a-__call_atexit.o)
                              d:/stm32cubemx/gcc-arm-none-eabi-10.3-2021.10/bin/../lib/gcc/arm-none-eabi/10.3.1/../../../../arm-none-eabi/lib/thumb/v7e-m+fp/hard\libg.a(lib_a-exit.o) (__call_exitprocs)
d:/stm32cubemx/gcc-arm-none-eabi-10.3-2021.10/bin/../lib/gcc/arm-none-eabi/10.3.1/../../../../arm-none-eabi/lib/thumb/v7e-m+fp/hard\libg.a(lib_a-atexit.o)
                              d:/stm32cubemx/gcc-arm-none-eabi-10.3-2021.10/bin/../lib/gcc/arm-none-eabi/10.3.1/../../../../arm-none-eabi/lib/thumb/v7e-m+fp/hard\libg.a(lib_a-__call_atexit.o) (atexit)
d:/stm32cubemx/gcc-arm-none-eabi-10.3-2021.10/bin/../lib/gcc/arm-none-eabi/10.3.1/../../../../arm-none-eabi/lib/thumb/v7e-m+fp/hard\libg.a(lib_a-fini.o)
                              d:/stm32cubemx/gcc-arm-none-eabi-10.3-2021.10/bin/../lib/gcc/arm-none-eabi/10.3.1/../../../../arm-none-eabi/lib/thumb/v7e-m+fp/hard\libg.a(lib_a-__call_atexit.o) (__libc_fini_array)
d:/stm32cubemx/gcc-arm-none-eabi-10.3-2021.10/bin/../lib/gcc/arm-none-eabi/10.3.1/../../../../arm-none-eabi/lib/thumb/v7e-m+fp/hard\libg.a(lib_a-lock.o)
                              d:/stm32cubemx/gcc-arm-none-eabi-10.3-2021.10/bin/../lib/gcc/arm-none-eabi/10.3.1/../../../../arm-none-eabi/lib/thumb/v7e-m+fp/hard\libg.a(lib_a-__call_atexit.o) (__retarget_lock_acquire_recursive)
d:/stm32cubemx/gcc-arm-none-eabi-10.3-2021.10/bin/../lib/gcc/arm-none-eabi/10.3.1/../../../../arm-none-eabi/lib/thumb/v7e-m+fp/hard\libg.a(lib_a-__atexit.o)
                              d:/stm32cubemx/gcc-arm-none-eabi-10.3-2021.10/bin/../lib/gcc/arm-none-eabi/10.3.1/../../../../arm-none-eabi/lib/thumb/v7e-m+fp/hard\libg.a(lib_a-atexit.o) (__register_exitproc)

Discarded input sections

 .text          0x00000000        0x0 d:/stm32cubemx/gcc-arm-none-eabi-10.3-2021.10/bin/../lib/gcc/arm-none-eabi/10.3.1/thumb/v7e-m+fp/hard/crti.o
 .data          0x00000000        0x0 d:/stm32cubemx/gcc-arm-none-eabi-10.3-2021.10/bin/../lib/gcc/arm-none-eabi/10.3.1/thumb/v7e-m+fp/hard/crti.o
[...]
Memory Configuration

Name             Origin             Length             Attributes
CCMRAM           0x10000000         0x00010000         xrw
RAM              0x20000000         0x00030000         xrw
FLASH            0x08000000         0x00200000         xr
*default*        0x00000000         0xffffffff

Linker script and memory map

LOAD d:/stm32cubemx/gcc-arm-none-eabi-10.3-2021.10/bin/../lib/gcc/arm-none-eabi/10.3.1/thumb/v7e-m+fp/hard/crti.o
LOAD d:/stm32cubemx/gcc-arm-none-eabi-10.3-2021.10/bin/../lib/gcc/arm-none-eabi/10.3.1/thumb/v7e-m+fp/hard/crtbegin.o
LOAD d:/stm32cubemx/gcc-arm-none-eabi-10.3-2021.10/bin/../lib/gcc/arm-none-eabi/10.3.1/../../../../arm-none-eabi/lib/thumb/v7e-m+fp/hard/crt0.o
LOAD CMakeFiles/Test.elf.dir/Core/Src/freertos.c.obj
LOAD CMakeFiles/Test.elf.dir/Core/Src/gpio.c.obj
LOAD CMakeFiles/Test.elf.dir/Core/Src/main.c.obj
LOAD CMakeFiles/Test.elf.dir/Core/Src/stm32f4xx_hal_msp.c.obj
LOAD CMakeFiles/Test.elf.dir/Core/Src/stm32f4xx_it.c.obj
LOAD CMakeFiles/Test.elf.dir/Core/Src/syscalls.c.obj
LOAD CMakeFiles/Test.elf.dir/Core/Src/sysmem.c.obj
LOAD CMakeFiles/Test.elf.dir/Core/Src/system_stm32f4xx.c.obj
LOAD CMakeFiles/Test.elf.dir/Core/Startup/startup_stm32f427iihx.s.obj
LOAD CMakeFiles/Test.elf.dir/Drivers/STM32F4xx_HAL_Driver/Src/stm32f4xx_hal.c.obj
LOAD CMakeFiles/Test.elf.dir/Drivers/STM32F4xx_HAL_Driver/Src/stm32f4xx_hal_cortex.c.obj
LOAD CMakeFiles/Test.elf.dir/Drivers/STM32F4xx_HAL_Driver/Src/stm32f4xx_hal_dma.c.obj
LOAD CMakeFiles/Test.elf.dir/Drivers/STM32F4xx_HAL_Driver/Src/stm32f4xx_hal_dma_ex.c.obj
LOAD CMakeFiles/Test.elf.dir/Drivers/STM32F4xx_HAL_Driver/Src/stm32f4xx_hal_exti.c.obj
LOAD CMakeFiles/Test.elf.dir/Drivers/STM32F4xx_HAL_Driver/Src/stm32f4xx_hal_flash.c.obj
LOAD CMakeFiles/Test.elf.dir/Drivers/STM32F4xx_HAL_Driver/Src/stm32f4xx_hal_flash_ex.c.obj
LOAD CMakeFiles/Test.elf.dir/Drivers/STM32F4xx_HAL_Driver/Src/stm32f4xx_hal_flash_ramfunc.c.obj
LOAD CMakeFiles/Test.elf.dir/Drivers/STM32F4xx_HAL_Driver/Src/stm32f4xx_hal_gpio.c.obj
LOAD CMakeFiles/Test.elf.dir/Drivers/STM32F4xx_HAL_Driver/Src/stm32f4xx_hal_pwr.c.obj
LOAD CMakeFiles/Test.elf.dir/Drivers/STM32F4xx_HAL_Driver/Src/stm32f4xx_hal_pwr_ex.c.obj
LOAD CMakeFiles/Test.elf.dir/Drivers/STM32F4xx_HAL_Driver/Src/stm32f4xx_hal_rcc.c.obj
LOAD CMakeFiles/Test.elf.dir/Drivers/STM32F4xx_HAL_Driver/Src/stm32f4xx_hal_rcc_ex.c.obj
LOAD CMakeFiles/Test.elf.dir/Drivers/STM32F4xx_HAL_Driver/Src/stm32f4xx_hal_tim.c.obj
LOAD CMakeFiles/Test.elf.dir/Drivers/STM32F4xx_HAL_Driver/Src/stm32f4xx_hal_tim_ex.c.obj
LOAD CMakeFiles/Test.elf.dir/Middlewares/Third_Party/FreeRTOS/Source/CMSIS_RTOS_V2/cmsis_os2.c.obj
LOAD CMakeFiles/Test.elf.dir/Middlewares/Third_Party/FreeRTOS/Source/croutine.c.obj
LOAD CMakeFiles/Test.elf.dir/Middlewares/Third_Party/FreeRTOS/Source/event_groups.c.obj
LOAD CMakeFiles/Test.elf.dir/Middlewares/Third_Party/FreeRTOS/Source/list.c.obj
LOAD CMakeFiles/Test.elf.dir/Middlewares/Third_Party/FreeRTOS/Source/portable/GCC/ARM_CM4F/port.c.obj
LOAD CMakeFiles/Test.elf.dir/Middlewares/Third_Party/FreeRTOS/Source/portable/MemMang/heap_4.c.obj
LOAD CMakeFiles/Test.elf.dir/Middlewares/Third_Party/FreeRTOS/Source/queue.c.obj
LOAD CMakeFiles/Test.elf.dir/Middlewares/Third_Party/FreeRTOS/Source/stream_buffer.c.obj
LOAD CMakeFiles/Test.elf.dir/Middlewares/Third_Party/FreeRTOS/Source/tasks.c.obj
LOAD CMakeFiles/Test.elf.dir/Middlewares/Third_Party/FreeRTOS/Source/timers.c.obj
START GROUP
LOAD d:/stm32cubemx/gcc-arm-none-eabi-10.3-2021.10/bin/../lib/gcc/arm-none-eabi/10.3.1/thumb/v7e-m+fp/hard\libgcc.a
LOAD d:/stm32cubemx/gcc-arm-none-eabi-10.3-2021.10/bin/../lib/gcc/arm-none-eabi/10.3.1/../../../../arm-none-eabi/lib/thumb/v7e-m+fp/hard\libg.a
LOAD d:/stm32cubemx/gcc-arm-none-eabi-10.3-2021.10/bin/../lib/gcc/arm-none-eabi/10.3.1/../../../../arm-none-eabi/lib/thumb/v7e-m+fp/hard\libc.a
END GROUP
LOAD d:/stm32cubemx/gcc-arm-none-eabi-10.3-2021.10/bin/../lib/gcc/arm-none-eabi/10.3.1/thumb/v7e-m+fp/hard/crtend.o
LOAD d:/stm32cubemx/gcc-arm-none-eabi-10.3-2021.10/bin/../lib/gcc/arm-none-eabi/10.3.1/thumb/v7e-m+fp/hard/crtn.o
                0x20030000                _estack = (ORIGIN (RAM) + LENGTH (RAM))
                0x00000200                _Min_Heap_Size = 0x200
                0x00000400                _Min_Stack_Size = 0x400

.isr_vector     0x08000000      0x1ac
                0x08000000                . = ALIGN (0x4)
 *(.isr_vector)
 .isr_vector    0x08000000      0x1ac CMakeFiles/Test.elf.dir/Core/Startup/startup_stm32f427iihx.s.obj
                0x08000000                g_pfnVectors
                0x080001ac                . = ALIGN (0x4)

.text           0x080001b0     0x2f14
                0x080001b0                . = ALIGN (0x4)
 *(.text)
 .text          0x080001b0       0x40 d:/stm32cubemx/gcc-arm-none-eabi-10.3-2021.10/bin/../lib/gcc/arm-none-eabi/10.3.1/thumb/v7e-m+fp/hard/crtbegin.o
 .text          0x080001f0       0x30 d:/stm32cubemx/gcc-arm-none-eabi-10.3-2021.10/bin/../lib/gcc/arm-none-eabi/10.3.1/thumb/v7e-m+fp/hard\libgcc.a(_aeabi_uldivmod.o)
                0x080001f0                __aeabi_uldivmod
 .text          0x08000220      0x2d0 d:/stm32cubemx/gcc-arm-none-eabi-10.3-2021.10/bin/../lib/gcc/arm-none-eabi/10.3.1/thumb/v7e-m+fp/hard\libgcc.a(_udivmoddi4.o)
                0x08000220                __udivmoddi4
 .text          0x080004f0        0x4 d:/stm32cubemx/gcc-arm-none-eabi-10.3-2021.10/bin/../lib/gcc/arm-none-eabi/10.3.1/thumb/v7e-m+fp/hard\libgcc.a(_dvmd_tls.o)
                0x080004f0                __aeabi_idiv0
                0x080004f0                __aeabi_ldiv0
 .text          0x080004f4      0x134 d:/stm32cubemx/gcc-arm-none-eabi-10.3-2021.10/bin/../lib/gcc/arm-none-eabi/10.3.1/../../../../arm-none-eabi/lib/thumb/v7e-m+fp/hard\libg.a(lib_a-memcpy.o)
                0x080004f4                memcpy
 *(.text*)
 .text.StartDefaultTask
                0x08000628       0x1c CMakeFiles/Test.elf.dir/Core/Src/freertos.c.obj
                0x08000628                StartDefaultTask
 .text.LED_Task
                0x08000644       0x1c CMakeFiles/Test.elf.dir/Core/Src/freertos.c.obj
                0x08000644                LED_Task
 .text.MX_FREERTOS_Init
                0x08000660       0x38 CMakeFiles/Test.elf.dir/Core/Src/freertos.c.obj
                0x08000660                MX_FREERTOS_Init
 .text.MX_GPIO_Init
                0x08000698       0xa4 CMakeFiles/Test.elf.dir/Core/Src/gpio.c.obj
                0x08000698                MX_GPIO_Init
 .text.Error_Handler
                0x0800073c        0x4 CMakeFiles/Test.elf.dir/Core/Src/main.c.obj
                0x0800073c                Error_Handler
 .text.SystemClock_Config
                0x08000740       0xa8 CMakeFiles/Test.elf.dir/Core/Src/main.c.obj
                0x08000740                SystemClock_Config
 .text.main     0x080007e8       0x1c CMakeFiles/Test.elf.dir/Core/Src/main.c.obj
                0x080007e8                main
 .text.HAL_MspInit
                0x08000804       0x44 CMakeFiles/Test.elf.dir/Core/Src/stm32f4xx_hal_msp.c.obj
                0x08000804                HAL_MspInit
 .text.NMI_Handler
                0x08000848        0x2 CMakeFiles/Test.elf.dir/Core/Src/stm32f4xx_it.c.obj
                0x08000848                NMI_Handler
 .text.HardFault_Handler
                0x0800084a        0x2 CMakeFiles/Test.elf.dir/Core/Src/stm32f4xx_it.c.obj
                0x0800084a                HardFault_Handler
 .text.MemManage_Handler
                0x0800084c        0x2 CMakeFiles/Test.elf.dir/Core/Src/stm32f4xx_it.c.obj
                0x0800084c                MemManage_Handler
 .text.BusFault_Handler
                0x0800084e        0x2 CMakeFiles/Test.elf.dir/Core/Src/stm32f4xx_it.c.obj
                0x0800084e                BusFault_Handler
 .text.UsageFault_Handler
                0x08000850        0x2 CMakeFiles/Test.elf.dir/Core/Src/stm32f4xx_it.c.obj
                0x08000850                UsageFault_Handler
 .text.DebugMon_Handler
                0x08000852        0x2 CMakeFiles/Test.elf.dir/Core/Src/stm32f4xx_it.c.obj
                0x08000852                DebugMon_Handler
 .text.SysTick_Handler
                0x08000854       0x16 CMakeFiles/Test.elf.dir/Core/Src/stm32f4xx_it.c.obj
                0x08000854                SysTick_Handler
 *fill*         0x0800086a        0x2 
 .text.SystemInit
                0x0800086c       0x14 CMakeFiles/Test.elf.dir/Core/Src/system_stm32f4xx.c.obj
                0x0800086c                SystemInit
 .text.Reset_Handler
                0x08000880       0x50 CMakeFiles/Test.elf.dir/Core/Startup/startup_stm32f427iihx.s.obj
                0x08000880                Reset_Handler
 .text.Default_Handler
                0x080008d0        0x2 CMakeFiles/Test.elf.dir/Core/Startup/startup_stm32f427iihx.s.obj
                0x080008d0                RTC_Alarm_IRQHandler
                0x080008d0                HASH_RNG_IRQHandler
                0x080008d0                EXTI2_IRQHandler
                0x080008d0                TIM8_CC_IRQHandler
                0x080008d0                UART8_IRQHandler
                0x080008d0                SPI4_IRQHandler
                0x080008d0                TIM1_CC_IRQHandler
                0x080008d0                DMA2_Stream5_IRQHandler
                0x080008d0                DMA1_Stream5_IRQHandler
                0x080008d0                PVD_IRQHandler
                0x080008d0                SDIO_IRQHandler
                0x080008d0                TAMP_STAMP_IRQHandler
                0x080008d0                CAN2_RX1_IRQHandler
                0x080008d0                EXTI3_IRQHandler
                0x080008d0                TIM8_TRG_COM_TIM14_IRQHandler
                0x080008d0                TIM1_UP_TIM10_IRQHandler
                0x080008d0                TIM8_UP_TIM13_IRQHandler
                0x080008d0                I2C3_ER_IRQHandler
                0x080008d0                EXTI0_IRQHandler
                0x080008d0                I2C2_EV_IRQHandler
                0x080008d0                DMA1_Stream2_IRQHandler
                0x080008d0                CAN1_RX0_IRQHandler
                0x080008d0                FPU_IRQHandler
                0x080008d0                OTG_HS_WKUP_IRQHandler
                0x080008d0                CAN2_SCE_IRQHandler
                0x080008d0                DMA2_Stream2_IRQHandler
                0x080008d0                SPI1_IRQHandler
                0x080008d0                TIM6_DAC_IRQHandler
                0x080008d0                TIM1_BRK_TIM9_IRQHandler
                0x080008d0                DCMI_IRQHandler
                0x080008d0                CAN2_RX0_IRQHandler
                0x080008d0                DMA2_Stream3_IRQHandler
                0x080008d0                USART6_IRQHandler
                0x080008d0                USART3_IRQHandler
                0x080008d0                CAN1_RX1_IRQHandler
                0x080008d0                UART5_IRQHandler
                0x080008d0                DMA2_Stream0_IRQHandler
                0x080008d0                TIM4_IRQHandler
                0x080008d0                I2C1_EV_IRQHandler
                0x080008d0                DMA1_Stream6_IRQHandler
                0x080008d0                DMA1_Stream1_IRQHandler
                0x080008d0                UART4_IRQHandler
                0x080008d0                TIM3_IRQHandler
                0x080008d0                RCC_IRQHandler
                0x080008d0                TIM8_BRK_TIM12_IRQHandler
                0x080008d0                Default_Handler
                0x080008d0                EXTI15_10_IRQHandler
                0x080008d0                ADC_IRQHandler
                0x080008d0                DMA1_Stream7_IRQHandler
                0x080008d0                SPI5_IRQHandler
                0x080008d0                TIM7_IRQHandler
                0x080008d0                CAN2_TX_IRQHandler
                0x080008d0                TIM5_IRQHandler
                0x080008d0                DMA2_Stream7_IRQHandler
                0x080008d0                I2C3_EV_IRQHandler
                0x080008d0                EXTI9_5_IRQHandler
                0x080008d0                RTC_WKUP_IRQHandler
                0x080008d0                ETH_WKUP_IRQHandler
                0x080008d0                SPI2_IRQHandler
                0x080008d0                OTG_HS_EP1_IN_IRQHandler
                0x080008d0                DMA1_Stream0_IRQHandler
                0x080008d0                CAN1_TX_IRQHandler
                0x080008d0                EXTI4_IRQHandler
                0x080008d0                ETH_IRQHandler
                0x080008d0                OTG_HS_EP1_OUT_IRQHandler
                0x080008d0                WWDG_IRQHandler
                0x080008d0                SPI6_IRQHandler
                0x080008d0                TIM2_IRQHandler
                0x080008d0                OTG_FS_WKUP_IRQHandler
                0x080008d0                TIM1_TRG_COM_TIM11_IRQHandler
                0x080008d0                OTG_HS_IRQHandler
                0x080008d0                DMA2D_IRQHandler
                0x080008d0                EXTI1_IRQHandler
                0x080008d0                UART7_IRQHandler
                0x080008d0                USART2_IRQHandler
                0x080008d0                I2C2_ER_IRQHandler
                0x080008d0                DMA2_Stream1_IRQHandler
                0x080008d0                CAN1_SCE_IRQHandler
                0x080008d0                FLASH_IRQHandler
                0x080008d0                DMA2_Stream4_IRQHandler
                0x080008d0                USART1_IRQHandler
                0x080008d0                OTG_FS_IRQHandler
                0x080008d0                SPI3_IRQHandler
                0x080008d0                DMA1_Stream4_IRQHandler
                0x080008d0                I2C1_ER_IRQHandler
                0x080008d0                FMC_IRQHandler
                0x080008d0                DMA2_Stream6_IRQHandler
                0x080008d0                SAI1_IRQHandler
                0x080008d0                DMA1_Stream3_IRQHandler
 *fill*         0x080008d2        0x2 
 .text.HAL_InitTick
                0x080008d4       0x4c CMakeFiles/Test.elf.dir/Drivers/STM32F4xx_HAL_Driver/Src/stm32f4xx_hal.c.obj
                0x080008d4                HAL_InitTick
 .text.HAL_Init
                0x08000920       0x34 CMakeFiles/Test.elf.dir/Drivers/STM32F4xx_HAL_Driver/Src/stm32f4xx_hal.c.obj
                0x08000920                HAL_Init
 .text.HAL_IncTick
                0x08000954       0x18 CMakeFiles/Test.elf.dir/Drivers/STM32F4xx_HAL_Driver/Src/stm32f4xx_hal.c.obj
                0x08000954                HAL_IncTick
 .text.HAL_GetTick
                0x0800096c        0xc CMakeFiles/Test.elf.dir/Drivers/STM32F4xx_HAL_Driver/Src/stm32f4xx_hal.c.obj
                0x0800096c                HAL_GetTick
 .text.HAL_NVIC_SetPriorityGrouping
                0x08000978       0x24 CMakeFiles/Test.elf.dir/Drivers/STM32F4xx_HAL_Driver/Src/stm32f4xx_hal_cortex.c.obj
                0x08000978                HAL_NVIC_SetPriorityGrouping
 .text.HAL_NVIC_SetPriority
                0x0800099c       0x70 CMakeFiles/Test.elf.dir/Drivers/STM32F4xx_HAL_Driver/Src/stm32f4xx_hal_cortex.c.obj
                0x0800099c                HAL_NVIC_SetPriority
 .text.HAL_SYSTICK_Config
                0x08000a0c       0x28 CMakeFiles/Test.elf.dir/Drivers/STM32F4xx_HAL_Driver/Src/stm32f4xx_hal_cortex.c.obj
                0x08000a0c                HAL_SYSTICK_Config
 .text.HAL_GPIO_Init
                0x08000a34      0x1fc CMakeFiles/Test.elf.dir/Drivers/STM32F4xx_HAL_Driver/Src/stm32f4xx_hal_gpio.c.obj
                0x08000a34                HAL_GPIO_Init
 .text.HAL_GPIO_WritePin
                0x08000c30        0xc CMakeFiles/Test.elf.dir/Drivers/STM32F4xx_HAL_Driver/Src/stm32f4xx_hal_gpio.c.obj
                0x08000c30                HAL_GPIO_WritePin
 .text.HAL_GPIO_TogglePin
                0x08000c3c       0x12 CMakeFiles/Test.elf.dir/Drivers/STM32F4xx_HAL_Driver/Src/stm32f4xx_hal_gpio.c.obj
                0x08000c3c                HAL_GPIO_TogglePin
 *fill*         0x08000c4e        0x2 
 .text.HAL_RCC_OscConfig
                0x08000c50      0x3f8 CMakeFiles/Test.elf.dir/Drivers/STM32F4xx_HAL_Driver/Src/stm32f4xx_hal_rcc.c.obj
                0x08000c50                HAL_RCC_OscConfig
 .text.HAL_RCC_GetSysClockFreq
                0x08001048       0xa4 CMakeFiles/Test.elf.dir/Drivers/STM32F4xx_HAL_Driver/Src/stm32f4xx_hal_rcc.c.obj
                0x08001048                HAL_RCC_GetSysClockFreq
 .text.HAL_RCC_ClockConfig
                0x080010ec      0x160 CMakeFiles/Test.elf.dir/Drivers/STM32F4xx_HAL_Driver/Src/stm32f4xx_hal_rcc.c.obj
                0x080010ec                HAL_RCC_ClockConfig
 .text.osKernelInitialize
                0x0800124c       0x24 CMakeFiles/Test.elf.dir/Middlewares/Third_Party/FreeRTOS/Source/CMSIS_RTOS_V2/cmsis_os2.c.obj
                0x0800124c                osKernelInitialize
 .text.osKernelStart
                0x08001270       0x38 CMakeFiles/Test.elf.dir/Middlewares/Third_Party/FreeRTOS/Source/CMSIS_RTOS_V2/cmsis_os2.c.obj
                0x08001270                osKernelStart
 .text.osThreadNew
                0x080012a8       0xbc CMakeFiles/Test.elf.dir/Middlewares/Third_Party/FreeRTOS/Source/CMSIS_RTOS_V2/cmsis_os2.c.obj
                0x080012a8                osThreadNew
 .text.osDelay  0x08001364       0x1c CMakeFiles/Test.elf.dir/Middlewares/Third_Party/FreeRTOS/Source/CMSIS_RTOS_V2/cmsis_os2.c.obj
                0x08001364                osDelay
 .text.vApplicationGetIdleTaskMemory
                0x08001380       0x18 CMakeFiles/Test.elf.dir/Middlewares/Third_Party/FreeRTOS/Source/CMSIS_RTOS_V2/cmsis_os2.c.obj
                0x08001380                vApplicationGetIdleTaskMemory
 .text.vApplicationGetTimerTaskMemory
                0x08001398       0x18 CMakeFiles/Test.elf.dir/Middlewares/Third_Party/FreeRTOS/Source/CMSIS_RTOS_V2/cmsis_os2.c.obj
                0x08001398                vApplicationGetTimerTaskMemory
 .text.vListInitialise
                0x080013b0       0x16 CMakeFiles/Test.elf.dir/Middlewares/Third_Party/FreeRTOS/Source/list.c.obj
                0x080013b0                vListInitialise
 .text.vListInitialiseItem
                0x080013c6        0x6 CMakeFiles/Test.elf.dir/Middlewares/Third_Party/FreeRTOS/Source/list.c.obj
                0x080013c6                vListInitialiseItem
 .text.vListInsertEnd
                0x080013cc       0x16 CMakeFiles/Test.elf.dir/Middlewares/Third_Party/FreeRTOS/Source/list.c.obj
                0x080013cc                vListInsertEnd
 .text.vListInsert
                0x080013e2       0x32 CMakeFiles/Test.elf.dir/Middlewares/Third_Party/FreeRTOS/Source/list.c.obj
                0x080013e2                vListInsert
 .text.uxListRemove
                0x08001414       0x26 CMakeFiles/Test.elf.dir/Middlewares/Third_Party/FreeRTOS/Source/list.c.obj
                0x08001414                uxListRemove
 *fill*         0x0800143a        0x2 
 .text.prvTaskExitError
                0x0800143c       0x40 CMakeFiles/Test.elf.dir/Middlewares/Third_Party/FreeRTOS/Source/portable/GCC/ARM_CM4F/port.c.obj
 .text.prvPortStartFirstTask
                0x0800147c       0x28 CMakeFiles/Test.elf.dir/Middlewares/Third_Party/FreeRTOS/Source/portable/GCC/ARM_CM4F/port.c.obj
 .text.vPortEnableVFP
                0x080014a4       0x14 CMakeFiles/Test.elf.dir/Middlewares/Third_Party/FreeRTOS/Source/portable/GCC/ARM_CM4F/port.c.obj
 .text.pxPortInitialiseStack
                0x080014b8       0x2c CMakeFiles/Test.elf.dir/Middlewares/Third_Party/FreeRTOS/Source/portable/GCC/ARM_CM4F/port.c.obj
                0x080014b8                pxPortInitialiseStack
 *fill*         0x080014e4        0xc 
 .text.SVC_Handler
                0x080014f0       0x24 CMakeFiles/Test.elf.dir/Middlewares/Third_Party/FreeRTOS/Source/portable/GCC/ARM_CM4F/port.c.obj
                0x080014f0                SVC_Handler
 .text.vPortEnterCritical
                0x08001514       0x44 CMakeFiles/Test.elf.dir/Middlewares/Third_Party/FreeRTOS/Source/portable/GCC/ARM_CM4F/port.c.obj
                0x08001514                vPortEnterCritical
 .text.vPortExitCritical
                0x08001558       0x2c CMakeFiles/Test.elf.dir/Middlewares/Third_Party/FreeRTOS/Source/portable/GCC/ARM_CM4F/port.c.obj
                0x08001558                vPortExitCritical
 *fill*         0x08001584        0xc 
 .text.PendSV_Handler
                0x08001590       0x64 CMakeFiles/Test.elf.dir/Middlewares/Third_Party/FreeRTOS/Source/portable/GCC/ARM_CM4F/port.c.obj
                0x08001590                PendSV_Handler
 .text.xPortSysTickHandler
                0x080015f4       0x2c CMakeFiles/Test.elf.dir/Middlewares/Third_Party/FreeRTOS/Source/portable/GCC/ARM_CM4F/port.c.obj
                0x080015f4                xPortSysTickHandler
 .text.vPortSetupTimerInterrupt
                0x08001620       0x28 CMakeFiles/Test.elf.dir/Middlewares/Third_Party/FreeRTOS/Source/portable/GCC/ARM_CM4F/port.c.obj
                0x08001620                vPortSetupTimerInterrupt
 .text.xPortStartScheduler
                0x08001648      0x118 CMakeFiles/Test.elf.dir/Middlewares/Third_Party/FreeRTOS/Source/portable/GCC/ARM_CM4F/port.c.obj
                0x08001648                xPortStartScheduler
 .text.vPortValidateInterruptPriority
                0x08001760       0x5c CMakeFiles/Test.elf.dir/Middlewares/Third_Party/FreeRTOS/Source/portable/GCC/ARM_CM4F/port.c.obj
                0x08001760                vPortValidateInterruptPriority
 .text.prvHeapInit
                0x080017bc       0x64 CMakeFiles/Test.elf.dir/Middlewares/Third_Party/FreeRTOS/Source/portable/MemMang/heap_4.c.obj
 .text.prvInsertBlockIntoFreeList
                0x08001820       0x64 CMakeFiles/Test.elf.dir/Middlewares/Third_Party/FreeRTOS/Source/portable/MemMang/heap_4.c.obj
 .text.pvPortMalloc
                0x08001884       0xfc CMakeFiles/Test.elf.dir/Middlewares/Third_Party/FreeRTOS/Source/portable/MemMang/heap_4.c.obj
                0x08001884                pvPortMalloc
 .text.vPortFree
                0x08001980       0x7c CMakeFiles/Test.elf.dir/Middlewares/Third_Party/FreeRTOS/Source/portable/MemMang/heap_4.c.obj
                0x08001980                vPortFree
 .text.prvIsQueueFull
                0x080019fc       0x1e CMakeFiles/Test.elf.dir/Middlewares/Third_Party/FreeRTOS/Source/queue.c.obj
 .text.prvIsQueueEmpty
                0x08001a1a       0x1a CMakeFiles/Test.elf.dir/Middlewares/Third_Party/FreeRTOS/Source/queue.c.obj
 .text.prvCopyDataToQueue
                0x08001a34       0x76 CMakeFiles/Test.elf.dir/Middlewares/Third_Party/FreeRTOS/Source/queue.c.obj
 .text.prvCopyDataFromQueue
                0x08001aaa       0x24 CMakeFiles/Test.elf.dir/Middlewares/Third_Party/FreeRTOS/Source/queue.c.obj
 .text.prvUnlockQueue
                0x08001ace       0x6e CMakeFiles/Test.elf.dir/Middlewares/Third_Party/FreeRTOS/Source/queue.c.obj
 .text.xQueueGenericReset
                0x08001b3c       0x84 CMakeFiles/Test.elf.dir/Middlewares/Third_Party/FreeRTOS/Source/queue.c.obj
                0x08001b3c                xQueueGenericReset
 .text.prvInitialiseNewQueue
                0x08001bc0       0x22 CMakeFiles/Test.elf.dir/Middlewares/Third_Party/FreeRTOS/Source/queue.c.obj
 .text.xQueueGenericCreateStatic
                0x08001be2       0x94 CMakeFiles/Test.elf.dir/Middlewares/Third_Party/FreeRTOS/Source/queue.c.obj
                0x08001be2                xQueueGenericCreateStatic
 .text.xQueueGenericSend
                0x08001c76      0x188 CMakeFiles/Test.elf.dir/Middlewares/Third_Party/FreeRTOS/Source/queue.c.obj
                0x08001c76                xQueueGenericSend
 .text.xQueueGenericSendFromISR
                0x08001dfe       0xce CMakeFiles/Test.elf.dir/Middlewares/Third_Party/FreeRTOS/Source/queue.c.obj
                0x08001dfe                xQueueGenericSendFromISR
 .text.xQueueReceive
                0x08001ecc      0x15e CMakeFiles/Test.elf.dir/Middlewares/Third_Party/FreeRTOS/Source/queue.c.obj
                0x08001ecc                xQueueReceive
 *fill*         0x0800202a        0x2 
 .text.vQueueAddToRegistry
                0x0800202c       0x28 CMakeFiles/Test.elf.dir/Middlewares/Third_Party/FreeRTOS/Source/queue.c.obj
                0x0800202c                vQueueAddToRegistry
 .text.vQueueWaitForMessageRestricted
                0x08002054       0x52 CMakeFiles/Test.elf.dir/Middlewares/Third_Party/FreeRTOS/Source/queue.c.obj
                0x08002054                vQueueWaitForMessageRestricted
 *fill*         0x080020a6        0x2 
 .text.prvResetNextTaskUnblockTime
                0x080020a8       0x2c CMakeFiles/Test.elf.dir/Middlewares/Third_Party/FreeRTOS/Source/tasks.c.obj
 .text.prvInitialiseNewTask
                0x080020d4       0xa6 CMakeFiles/Test.elf.dir/Middlewares/Third_Party/FreeRTOS/Source/tasks.c.obj
 *fill*         0x0800217a        0x2 
 .text.prvInitialiseTaskLists
                0x0800217c       0x68 CMakeFiles/Test.elf.dir/Middlewares/Third_Party/FreeRTOS/Source/tasks.c.obj
 .text.prvAddNewTaskToReadyList
                0x080021e4       0xac CMakeFiles/Test.elf.dir/Middlewares/Third_Party/FreeRTOS/Source/tasks.c.obj
 .text.prvDeleteTCB
                0x08002290       0x38 CMakeFiles/Test.elf.dir/Middlewares/Third_Party/FreeRTOS/Source/tasks.c.obj
 .text.prvCheckTasksWaitingTermination
                0x080022c8       0x4c CMakeFiles/Test.elf.dir/Middlewares/Third_Party/FreeRTOS/Source/tasks.c.obj
 .text.prvIdleTask
                0x08002314       0x28 CMakeFiles/Test.elf.dir/Middlewares/Third_Party/FreeRTOS/Source/tasks.c.obj
 .text.prvAddCurrentTaskToDelayedList
                0x0800233c       0x7c CMakeFiles/Test.elf.dir/Middlewares/Third_Party/FreeRTOS/Source/tasks.c.obj
 .text.xTaskCreateStatic
                0x080023b8       0x76 CMakeFiles/Test.elf.dir/Middlewares/Third_Party/FreeRTOS/Source/tasks.c.obj
                0x080023b8                xTaskCreateStatic
 .text.xTaskCreate
                0x0800242e       0x68 CMakeFiles/Test.elf.dir/Middlewares/Third_Party/FreeRTOS/Source/tasks.c.obj
                0x0800242e                xTaskCreate
 *fill*         0x08002496        0x2 
 .text.vTaskStartScheduler
                0x08002498       0x9c CMakeFiles/Test.elf.dir/Middlewares/Third_Party/FreeRTOS/Source/tasks.c.obj
                0x08002498                vTaskStartScheduler
 .text.vTaskSuspendAll
                0x08002534       0x10 CMakeFiles/Test.elf.dir/Middlewares/Third_Party/FreeRTOS/Source/tasks.c.obj
                0x08002534                vTaskSuspendAll
 .text.xTaskGetTickCount
                0x08002544        0xc CMakeFiles/Test.elf.dir/Middlewares/Third_Party/FreeRTOS/Source/tasks.c.obj
                0x08002544                xTaskGetTickCount
 .text.xTaskIncrementTick
                0x08002550      0x118 CMakeFiles/Test.elf.dir/Middlewares/Third_Party/FreeRTOS/Source/tasks.c.obj
                0x08002550                xTaskIncrementTick
 .text.xTaskResumeAll
                0x08002668       0xf8 CMakeFiles/Test.elf.dir/Middlewares/Third_Party/FreeRTOS/Source/tasks.c.obj
                0x08002668                xTaskResumeAll
 .text.vTaskDelay
                0x08002760       0x4c CMakeFiles/Test.elf.dir/Middlewares/Third_Party/FreeRTOS/Source/tasks.c.obj
                0x08002760                vTaskDelay
 .text.vTaskSwitchContext
                0x080027ac       0x94 CMakeFiles/Test.elf.dir/Middlewares/Third_Party/FreeRTOS/Source/tasks.c.obj
                0x080027ac                vTaskSwitchContext
 .text.vTaskPlaceOnEventList
                0x08002840       0x30 CMakeFiles/Test.elf.dir/Middlewares/Third_Party/FreeRTOS/Source/tasks.c.obj
                0x08002840                vTaskPlaceOnEventList
 .text.vTaskPlaceOnEventListRestricted
                0x08002870       0x38 CMakeFiles/Test.elf.dir/Middlewares/Third_Party/FreeRTOS/Source/tasks.c.obj
                0x08002870                vTaskPlaceOnEventListRestricted
 .text.xTaskRemoveFromEventList
                0x080028a8       0x8c CMakeFiles/Test.elf.dir/Middlewares/Third_Party/FreeRTOS/Source/tasks.c.obj
                0x080028a8                xTaskRemoveFromEventList
 .text.vTaskInternalSetTimeOutState
                0x08002934       0x18 CMakeFiles/Test.elf.dir/Middlewares/Third_Party/FreeRTOS/Source/tasks.c.obj
                0x08002934                vTaskInternalSetTimeOutState
 .text.xTaskCheckForTimeOut
                0x0800294c       0x84 CMakeFiles/Test.elf.dir/Middlewares/Third_Party/FreeRTOS/Source/tasks.c.obj
                0x0800294c                xTaskCheckForTimeOut
 .text.vTaskMissedYield
                0x080029d0        0xc CMakeFiles/Test.elf.dir/Middlewares/Third_Party/FreeRTOS/Source/tasks.c.obj
                0x080029d0                vTaskMissedYield
 .text.xTaskGetSchedulerState
                0x080029dc       0x20 CMakeFiles/Test.elf.dir/Middlewares/Third_Party/FreeRTOS/Source/tasks.c.obj
                0x080029dc                xTaskGetSchedulerState
 .text.xTaskPriorityDisinherit
                0x080029fc       0x90 CMakeFiles/Test.elf.dir/Middlewares/Third_Party/FreeRTOS/Source/tasks.c.obj
                0x080029fc                xTaskPriorityDisinherit
 .text.prvGetNextExpireTime
                0x08002a8c       0x20 CMakeFiles/Test.elf.dir/Middlewares/Third_Party/FreeRTOS/Source/timers.c.obj
 .text.prvInsertTimerInActiveList
                0x08002aac       0x48 CMakeFiles/Test.elf.dir/Middlewares/Third_Party/FreeRTOS/Source/timers.c.obj
 .text.prvCheckForValidListAndQueue
                0x08002af4       0x70 CMakeFiles/Test.elf.dir/Middlewares/Third_Party/FreeRTOS/Source/timers.c.obj
 .text.xTimerCreateTimerTask
                0x08002b64       0x64 CMakeFiles/Test.elf.dir/Middlewares/Third_Party/FreeRTOS/Source/timers.c.obj
                0x08002b64                xTimerCreateTimerTask
 .text.xTimerGenericCommand
                0x08002bc8       0x6c CMakeFiles/Test.elf.dir/Middlewares/Third_Party/FreeRTOS/Source/timers.c.obj
                0x08002bc8                xTimerGenericCommand
 .text.prvSwitchTimerLists
                0x08002c34       0x7c CMakeFiles/Test.elf.dir/Middlewares/Third_Party/FreeRTOS/Source/timers.c.obj
 .text.prvSampleTimeNow
                0x08002cb0       0x2c CMakeFiles/Test.elf.dir/Middlewares/Third_Party/FreeRTOS/Source/timers.c.obj
 .text.prvProcessExpiredTimer
                0x08002cdc       0x6c CMakeFiles/Test.elf.dir/Middlewares/Third_Party/FreeRTOS/Source/timers.c.obj
 .text.prvProcessTimerOrBlockTask
                0x08002d48       0x74 CMakeFiles/Test.elf.dir/Middlewares/Third_Party/FreeRTOS/Source/timers.c.obj
 .text.prvProcessReceivedCommands
                0x08002dbc      0x10c CMakeFiles/Test.elf.dir/Middlewares/Third_Party/FreeRTOS/Source/timers.c.obj
 .text.prvTimerTask
                0x08002ec8       0x16 CMakeFiles/Test.elf.dir/Middlewares/Third_Party/FreeRTOS/Source/timers.c.obj
 *fill*         0x08002ede        0x2 
 .text.__libc_init_array
                0x08002ee0       0x48 d:/stm32cubemx/gcc-arm-none-eabi-10.3-2021.10/bin/../lib/gcc/arm-none-eabi/10.3.1/../../../../arm-none-eabi/lib/thumb/v7e-m+fp/hard\libg.a(lib_a-init.o)
                0x08002ee0                __libc_init_array
 .text.memset   0x08002f28       0xa4 d:/stm32cubemx/gcc-arm-none-eabi-10.3-2021.10/bin/../lib/gcc/arm-none-eabi/10.3.1/../../../../arm-none-eabi/lib/thumb/v7e-m+fp/hard\libg.a(lib_a-memset.o)
                0x08002f28                memset
 .text.startup.register_fini
                0x08002fcc       0x14 d:/stm32cubemx/gcc-arm-none-eabi-10.3-2021.10/bin/../lib/gcc/arm-none-eabi/10.3.1/../../../../arm-none-eabi/lib/thumb/v7e-m+fp/hard\libg.a(lib_a-__call_atexit.o)
 .text.atexit   0x08002fe0        0xc d:/stm32cubemx/gcc-arm-none-eabi-10.3-2021.10/bin/../lib/gcc/arm-none-eabi/10.3.1/../../../../arm-none-eabi/lib/thumb/v7e-m+fp/hard\libg.a(lib_a-atexit.o)
                0x08002fe0                atexit
 .text.__libc_fini_array
                0x08002fec       0x2c d:/stm32cubemx/gcc-arm-none-eabi-10.3-2021.10/bin/../lib/gcc/arm-none-eabi/10.3.1/../../../../arm-none-eabi/lib/thumb/v7e-m+fp/hard\libg.a(lib_a-fini.o)
                0x08002fec                __libc_fini_array
 .text.__retarget_lock_acquire_recursive
                0x08003018        0x4 d:/stm32cubemx/gcc-arm-none-eabi-10.3-2021.10/bin/../lib/gcc/arm-none-eabi/10.3.1/../../../../arm-none-eabi/lib/thumb/v7e-m+fp/hard\libg.a(lib_a-lock.o)
                0x08003018                __retarget_lock_acquire_recursive
 .text.__retarget_lock_release_recursive
                0x0800301c        0x4 d:/stm32cubemx/gcc-arm-none-eabi-10.3-2021.10/bin/../lib/gcc/arm-none-eabi/10.3.1/../../../../arm-none-eabi/lib/thumb/v7e-m+fp/hard\libg.a(lib_a-lock.o)
                0x0800301c                __retarget_lock_release_recursive
 .text.__register_exitproc
                0x08003020       0x8c d:/stm32cubemx/gcc-arm-none-eabi-10.3-2021.10/bin/../lib/gcc/arm-none-eabi/10.3.1/../../../../arm-none-eabi/lib/thumb/v7e-m+fp/hard\libg.a(lib_a-__atexit.o)
                0x08003020                __register_exitproc
 *(.glue_7)
 .glue_7        0x080030ac        0x0 linker stubs
 *(.glue_7t)
 .glue_7t       0x080030ac        0x0 linker stubs
 *(.eh_frame)
 .eh_frame      0x080030ac        0x0 d:/stm32cubemx/gcc-arm-none-eabi-10.3-2021.10/bin/../lib/gcc/arm-none-eabi/10.3.1/thumb/v7e-m+fp/hard/crtbegin.o
 *(.init)
 .init          0x080030ac        0x4 d:/stm32cubemx/gcc-arm-none-eabi-10.3-2021.10/bin/../lib/gcc/arm-none-eabi/10.3.1/thumb/v7e-m+fp/hard/crti.o
                0x080030ac                _init
 .init          0x080030b0        0x8 d:/stm32cubemx/gcc-arm-none-eabi-10.3-2021.10/bin/../lib/gcc/arm-none-eabi/10.3.1/thumb/v7e-m+fp/hard/crtn.o
 *(.fini)
 .fini          0x080030b8        0x4 d:/stm32cubemx/gcc-arm-none-eabi-10.3-2021.10/bin/../lib/gcc/arm-none-eabi/10.3.1/thumb/v7e-m+fp/hard/crti.o
                0x080030b8                _fini
 .fini          0x080030bc        0x8 d:/stm32cubemx/gcc-arm-none-eabi-10.3-2021.10/bin/../lib/gcc/arm-none-eabi/10.3.1/thumb/v7e-m+fp/hard/crtn.o
                0x080030c4                . = ALIGN (0x4)
                0x080030c4                _etext = .

.vfp11_veneer   0x080030c4        0x0
 .vfp11_veneer  0x080030c4        0x0 linker stubs

.v4_bx          0x080030c4        0x0
 .v4_bx         0x080030c4        0x0 linker stubs

.iplt           0x080030c4        0x0
 .iplt          0x080030c4        0x0 d:/stm32cubemx/gcc-arm-none-eabi-10.3-2021.10/bin/../lib/gcc/arm-none-eabi/10.3.1/thumb/v7e-m+fp/hard/crtbegin.o

.rodata         0x080030c4       0x84
                0x080030c4                . = ALIGN (0x4)
 *(.rodata)
 *(.rodata*)
 .rodata.str1.4
                0x080030c4       0x10 CMakeFiles/Test.elf.dir/Core/Src/freertos.c.obj
 .rodata.LED_attributes
                0x080030d4       0x24 CMakeFiles/Test.elf.dir/Core/Src/freertos.c.obj
                0x080030d4                LED_attributes
 .rodata.defaultTask_attributes
                0x080030f8       0x24 CMakeFiles/Test.elf.dir/Core/Src/freertos.c.obj
                0x080030f8                defaultTask_attributes
 .rodata.AHBPrescTable
                0x0800311c       0x10 CMakeFiles/Test.elf.dir/Core/Src/system_stm32f4xx.c.obj
                0x0800311c                AHBPrescTable
 .rodata.vTaskStartScheduler.str1.4
                0x0800312c        0x5 CMakeFiles/Test.elf.dir/Middlewares/Third_Party/FreeRTOS/Source/tasks.c.obj
 *fill*         0x08003131        0x3 
 .rodata.prvCheckForValidListAndQueue.str1.4
                0x08003134        0x5 CMakeFiles/Test.elf.dir/Middlewares/Third_Party/FreeRTOS/Source/timers.c.obj
 *fill*         0x08003139        0x3 
 .rodata.xTimerCreateTimerTask.str1.4
                0x0800313c        0x8 CMakeFiles/Test.elf.dir/Middlewares/Third_Party/FreeRTOS/Source/timers.c.obj
 .rodata._global_impure_ptr
                0x08003144        0x4 d:/stm32cubemx/gcc-arm-none-eabi-10.3-2021.10/bin/../lib/gcc/arm-none-eabi/10.3.1/../../../../arm-none-eabi/lib/thumb/v7e-m+fp/hard\libg.a(lib_a-impure.o)
                0x08003144                _global_impure_ptr
                0x08003148                . = ALIGN (0x4)

.ARM.extab      0x08003148        0x0
                0x08003148                . = ALIGN (0x4)
 *(.ARM.extab* .gnu.linkonce.armextab.*)
                0x08003148                . = ALIGN (0x4)

.ARM            0x08003148        0x8
                0x08003148                . = ALIGN (0x4)
                0x08003148                __exidx_start = .
 *(.ARM.exidx*)
 .ARM.exidx     0x08003148        0x8 d:/stm32cubemx/gcc-arm-none-eabi-10.3-2021.10/bin/../lib/gcc/arm-none-eabi/10.3.1/thumb/v7e-m+fp/hard\libgcc.a(_udivmoddi4.o)
                0x08003150                __exidx_end = .
                0x08003150                . = ALIGN (0x4)

.rel.dyn        0x08003150        0x0
 .rel.iplt      0x08003150        0x0 d:/stm32cubemx/gcc-arm-none-eabi-10.3-2021.10/bin/../lib/gcc/arm-none-eabi/10.3.1/thumb/v7e-m+fp/hard/crtbegin.o

.preinit_array  0x08003150        0x0
                0x08003150                . = ALIGN (0x4)
                0x08003150                PROVIDE (__preinit_array_start = .)
 *(.preinit_array*)
                0x08003150                PROVIDE (__preinit_array_end = .)
                0x08003150                . = ALIGN (0x4)

.init_array     0x08003150        0x8
                0x08003150                . = ALIGN (0x4)
                0x08003150                PROVIDE (__init_array_start = .)
 *(SORT_BY_NAME(.init_array.*))
 .init_array.00000
                0x08003150        0x4 d:/stm32cubemx/gcc-arm-none-eabi-10.3-2021.10/bin/../lib/gcc/arm-none-eabi/10.3.1/../../../../arm-none-eabi/lib/thumb/v7e-m+fp/hard\libg.a(lib_a-__call_atexit.o)
 *(.init_array*)
 .init_array    0x08003154        0x4 d:/stm32cubemx/gcc-arm-none-eabi-10.3-2021.10/bin/../lib/gcc/arm-none-eabi/10.3.1/thumb/v7e-m+fp/hard/crtbegin.o
                0x08003158                PROVIDE (__init_array_end = .)
                0x08003158                . = ALIGN (0x4)

.fini_array     0x08003158        0x4
                0x08003158                . = ALIGN (0x4)
                0x08003158                PROVIDE (__fini_array_start = .)
 *(SORT_BY_NAME(.fini_array.*))
 *(.fini_array*)
 .fini_array    0x08003158        0x4 d:/stm32cubemx/gcc-arm-none-eabi-10.3-2021.10/bin/../lib/gcc/arm-none-eabi/10.3.1/thumb/v7e-m+fp/hard/crtbegin.o
                0x0800315c                PROVIDE (__fini_array_end = .)
                0x0800315c                . = ALIGN (0x4)
                0x0800315c                _sidata = LOADADDR (.data)

.data           0x20000000      0x43c load address 0x0800315c
                0x20000000                . = ALIGN (0x4)
                0x20000000                _sdata = .
 *(.data)
 *(.data*)
 .data.SystemCoreClock
                0x20000000        0x4 CMakeFiles/Test.elf.dir/Core/Src/system_stm32f4xx.c.obj
                0x20000000                SystemCoreClock
 .data.uwTickFreq
                0x20000004        0x1 CMakeFiles/Test.elf.dir/Drivers/STM32F4xx_HAL_Driver/Src/stm32f4xx_hal.c.obj
                0x20000004                uwTickFreq
 *fill*         0x20000005        0x3 
 .data.uwTickPrio
                0x20000008        0x4 CMakeFiles/Test.elf.dir/Drivers/STM32F4xx_HAL_Driver/Src/stm32f4xx_hal.c.obj
                0x20000008                uwTickPrio
 .data.uxCriticalNesting
                0x2000000c        0x4 CMakeFiles/Test.elf.dir/Middlewares/Third_Party/FreeRTOS/Source/portable/GCC/ARM_CM4F/port.c.obj
 .data.impure_data
                0x20000010      0x428 d:/stm32cubemx/gcc-arm-none-eabi-10.3-2021.10/bin/../lib/gcc/arm-none-eabi/10.3.1/../../../../arm-none-eabi/lib/thumb/v7e-m+fp/hard\libg.a(lib_a-impure.o)
 .data.__atexit_recursive_mutex
                0x20000438        0x4 d:/stm32cubemx/gcc-arm-none-eabi-10.3-2021.10/bin/../lib/gcc/arm-none-eabi/10.3.1/../../../../arm-none-eabi/lib/thumb/v7e-m+fp/hard\libg.a(lib_a-__call_atexit.o)
                0x20000438                __atexit_recursive_mutex
 *(.RamFunc)
 *(.RamFunc*)
                0x2000043c                . = ALIGN (0x4)
                0x2000043c                _edata = .
                0x08003598                _siccmram = LOADADDR (.ccmram)

.igot.plt       0x2000043c        0x0 load address 0x08003598
 .igot.plt      0x2000043c        0x0 d:/stm32cubemx/gcc-arm-none-eabi-10.3-2021.10/bin/../lib/gcc/arm-none-eabi/10.3.1/thumb/v7e-m+fp/hard/crtbegin.o

.ccmram         0x10000000        0x0 load address 0x08003598
                0x10000000                . = ALIGN (0x4)
                0x10000000                _sccmram = .
 *(.ccmram)
 *(.ccmram*)
                0x10000000                . = ALIGN (0x4)
                0x10000000                _eccmram = .
                0x10000000                . = ALIGN (0x4)

.bss            0x2000043c     0x497c
                0x2000043c                _sbss = .
                0x2000043c                __bss_start__ = _sbss
 *(.bss)
 .bss           0x2000043c       0x1c d:/stm32cubemx/gcc-arm-none-eabi-10.3-2021.10/bin/../lib/gcc/arm-none-eabi/10.3.1/thumb/v7e-m+fp/hard/crtbegin.o
 *(.bss*)
 .bss.LEDHandle
                0x20000458        0x4 CMakeFiles/Test.elf.dir/Core/Src/freertos.c.obj
                0x20000458                LEDHandle
 .bss.defaultTaskHandle
                0x2000045c        0x4 CMakeFiles/Test.elf.dir/Core/Src/freertos.c.obj
                0x2000045c                defaultTaskHandle
 .bss.uwTick    0x20000460        0x4 CMakeFiles/Test.elf.dir/Drivers/STM32F4xx_HAL_Driver/Src/stm32f4xx_hal.c.obj
                0x20000460                uwTick
 .bss.Idle_Stack.2
                0x20000464      0x200 CMakeFiles/Test.elf.dir/Middlewares/Third_Party/FreeRTOS/Source/CMSIS_RTOS_V2/cmsis_os2.c.obj
 .bss.Idle_TCB.3
                0x20000664       0x5c CMakeFiles/Test.elf.dir/Middlewares/Third_Party/FreeRTOS/Source/CMSIS_RTOS_V2/cmsis_os2.c.obj
 .bss.KernelState
                0x200006c0        0x4 CMakeFiles/Test.elf.dir/Middlewares/Third_Party/FreeRTOS/Source/CMSIS_RTOS_V2/cmsis_os2.c.obj
 .bss.Timer_Stack.0
                0x200006c4      0x400 CMakeFiles/Test.elf.dir/Middlewares/Third_Party/FreeRTOS/Source/CMSIS_RTOS_V2/cmsis_os2.c.obj
 .bss.Timer_TCB.1
                0x20000ac4       0x5c CMakeFiles/Test.elf.dir/Middlewares/Third_Party/FreeRTOS/Source/CMSIS_RTOS_V2/cmsis_os2.c.obj
 .bss.ucMaxSysCallPriority
                0x20000b20        0x1 CMakeFiles/Test.elf.dir/Middlewares/Third_Party/FreeRTOS/Source/portable/GCC/ARM_CM4F/port.c.obj
 *fill*         0x20000b21        0x3 
 .bss.ulMaxPRIGROUPValue
                0x20000b24        0x4 CMakeFiles/Test.elf.dir/Middlewares/Third_Party/FreeRTOS/Source/portable/GCC/ARM_CM4F/port.c.obj
 .bss.pxEnd     0x20000b28        0x4 CMakeFiles/Test.elf.dir/Middlewares/Third_Party/FreeRTOS/Source/portable/MemMang/heap_4.c.obj
 .bss.ucHeap    0x20000b2c     0x3c00 CMakeFiles/Test.elf.dir/Middlewares/Third_Party/FreeRTOS/Source/portable/MemMang/heap_4.c.obj
 .bss.xBlockAllocatedBit
                0x2000472c        0x4 CMakeFiles/Test.elf.dir/Middlewares/Third_Party/FreeRTOS/Source/portable/MemMang/heap_4.c.obj
 .bss.xFreeBytesRemaining
                0x20004730        0x4 CMakeFiles/Test.elf.dir/Middlewares/Third_Party/FreeRTOS/Source/portable/MemMang/heap_4.c.obj
 .bss.xMinimumEverFreeBytesRemaining
                0x20004734        0x4 CMakeFiles/Test.elf.dir/Middlewares/Third_Party/FreeRTOS/Source/portable/MemMang/heap_4.c.obj
 .bss.xNumberOfSuccessfulAllocations
                0x20004738        0x4 CMakeFiles/Test.elf.dir/Middlewares/Third_Party/FreeRTOS/Source/portable/MemMang/heap_4.c.obj
 .bss.xNumberOfSuccessfulFrees
                0x2000473c        0x4 CMakeFiles/Test.elf.dir/Middlewares/Third_Party/FreeRTOS/Source/portable/MemMang/heap_4.c.obj
 .bss.xStart    0x20004740        0x8 CMakeFiles/Test.elf.dir/Middlewares/Third_Party/FreeRTOS/Source/portable/MemMang/heap_4.c.obj
 .bss.xQueueRegistry
                0x20004748       0x40 CMakeFiles/Test.elf.dir/Middlewares/Third_Party/FreeRTOS/Source/queue.c.obj
                0x20004748                xQueueRegistry
 .bss.pxCurrentTCB
                0x20004788        0x4 CMakeFiles/Test.elf.dir/Middlewares/Third_Party/FreeRTOS/Source/tasks.c.obj
                0x20004788                pxCurrentTCB
 .bss.pxDelayedTaskList
                0x2000478c        0x4 CMakeFiles/Test.elf.dir/Middlewares/Third_Party/FreeRTOS/Source/tasks.c.obj
 .bss.pxOverflowDelayedTaskList
                0x20004790        0x4 CMakeFiles/Test.elf.dir/Middlewares/Third_Party/FreeRTOS/Source/tasks.c.obj
 .bss.pxReadyTasksLists
                0x20004794      0x460 CMakeFiles/Test.elf.dir/Middlewares/Third_Party/FreeRTOS/Source/tasks.c.obj
 .bss.uxCurrentNumberOfTasks
                0x20004bf4        0x4 CMakeFiles/Test.elf.dir/Middlewares/Third_Party/FreeRTOS/Source/tasks.c.obj
 .bss.uxDeletedTasksWaitingCleanUp
                0x20004bf8        0x4 CMakeFiles/Test.elf.dir/Middlewares/Third_Party/FreeRTOS/Source/tasks.c.obj
 .bss.uxSchedulerSuspended
                0x20004bfc        0x4 CMakeFiles/Test.elf.dir/Middlewares/Third_Party/FreeRTOS/Source/tasks.c.obj
 .bss.uxTaskNumber
                0x20004c00        0x4 CMakeFiles/Test.elf.dir/Middlewares/Third_Party/FreeRTOS/Source/tasks.c.obj
 .bss.uxTopReadyPriority
                0x20004c04        0x4 CMakeFiles/Test.elf.dir/Middlewares/Third_Party/FreeRTOS/Source/tasks.c.obj
 .bss.xDelayedTaskList1
                0x20004c08       0x14 CMakeFiles/Test.elf.dir/Middlewares/Third_Party/FreeRTOS/Source/tasks.c.obj
 .bss.xDelayedTaskList2
                0x20004c1c       0x14 CMakeFiles/Test.elf.dir/Middlewares/Third_Party/FreeRTOS/Source/tasks.c.obj
 .bss.xIdleTaskHandle
                0x20004c30        0x4 CMakeFiles/Test.elf.dir/Middlewares/Third_Party/FreeRTOS/Source/tasks.c.obj
 .bss.xNextTaskUnblockTime
                0x20004c34        0x4 CMakeFiles/Test.elf.dir/Middlewares/Third_Party/FreeRTOS/Source/tasks.c.obj
 .bss.xNumOfOverflows
                0x20004c38        0x4 CMakeFiles/Test.elf.dir/Middlewares/Third_Party/FreeRTOS/Source/tasks.c.obj
 .bss.xPendedTicks
                0x20004c3c        0x4 CMakeFiles/Test.elf.dir/Middlewares/Third_Party/FreeRTOS/Source/tasks.c.obj
 .bss.xPendingReadyList
                0x20004c40       0x14 CMakeFiles/Test.elf.dir/Middlewares/Third_Party/FreeRTOS/Source/tasks.c.obj
 .bss.xSchedulerRunning
                0x20004c54        0x4 CMakeFiles/Test.elf.dir/Middlewares/Third_Party/FreeRTOS/Source/tasks.c.obj
 .bss.xSuspendedTaskList
                0x20004c58       0x14 CMakeFiles/Test.elf.dir/Middlewares/Third_Party/FreeRTOS/Source/tasks.c.obj
 .bss.xTasksWaitingTermination
                0x20004c6c       0x14 CMakeFiles/Test.elf.dir/Middlewares/Third_Party/FreeRTOS/Source/tasks.c.obj
 .bss.xTickCount
                0x20004c80        0x4 CMakeFiles/Test.elf.dir/Middlewares/Third_Party/FreeRTOS/Source/tasks.c.obj
 .bss.xYieldPending
                0x20004c84        0x4 CMakeFiles/Test.elf.dir/Middlewares/Third_Party/FreeRTOS/Source/tasks.c.obj
 .bss.pxCurrentTimerList
                0x20004c88        0x4 CMakeFiles/Test.elf.dir/Middlewares/Third_Party/FreeRTOS/Source/timers.c.obj
 .bss.pxOverflowTimerList
                0x20004c8c        0x4 CMakeFiles/Test.elf.dir/Middlewares/Third_Party/FreeRTOS/Source/timers.c.obj
 .bss.ucStaticTimerQueueStorage.1
                0x20004c90       0xa0 CMakeFiles/Test.elf.dir/Middlewares/Third_Party/FreeRTOS/Source/timers.c.obj
 .bss.xActiveTimerList1
                0x20004d30       0x14 CMakeFiles/Test.elf.dir/Middlewares/Third_Party/FreeRTOS/Source/timers.c.obj
 .bss.xActiveTimerList2
                0x20004d44       0x14 CMakeFiles/Test.elf.dir/Middlewares/Third_Party/FreeRTOS/Source/timers.c.obj
 .bss.xLastTime.2
                0x20004d58        0x4 CMakeFiles/Test.elf.dir/Middlewares/Third_Party/FreeRTOS/Source/timers.c.obj
 .bss.xStaticTimerQueue.0
                0x20004d5c       0x50 CMakeFiles/Test.elf.dir/Middlewares/Third_Party/FreeRTOS/Source/timers.c.obj
 .bss.xTimerQueue
                0x20004dac        0x4 CMakeFiles/Test.elf.dir/Middlewares/Third_Party/FreeRTOS/Source/timers.c.obj
 .bss.xTimerTaskHandle
                0x20004db0        0x4 CMakeFiles/Test.elf.dir/Middlewares/Third_Party/FreeRTOS/Source/timers.c.obj
 .bss.__lock___atexit_recursive_mutex
                0x20004db4        0x1 d:/stm32cubemx/gcc-arm-none-eabi-10.3-2021.10/bin/../lib/gcc/arm-none-eabi/10.3.1/../../../../arm-none-eabi/lib/thumb/v7e-m+fp/hard\libg.a(lib_a-lock.o)
                0x20004db4                __lock___atexit_recursive_mutex
 *(COMMON)
                0x20004db8                . = ALIGN (0x4)
 *fill*         0x20004db5        0x3 
                0x20004db8                _ebss = .
                0x20004db8                __bss_end__ = _ebss

._user_heap_stack
                0x20004db8      0x600
                0x20004db8                . = ALIGN (0x8)
                [!provide]                PROVIDE (end = .)
                0x20004db8                PROVIDE (_end = .)
                0x20004fb8                . = (. + _Min_Heap_Size)
 *fill*         0x20004db8      0x200 
                0x200053b8                . = (. + _Min_Stack_Size)
 *fill*         0x20004fb8      0x400 
                0x200053b8                . = ALIGN (0x8)

/DISCARD/
 libc.a(*)
 libm.a(*)
 libgcc.a(*)

.ARM.attributes
                0x00000000       0x30
 *(.ARM.attributes)
 .ARM.attributes
                0x00000000       0x1e d:/stm32cubemx/gcc-arm-none-eabi-10.3-2021.10/bin/../lib/gcc/arm-none-eabi/10.3.1/thumb/v7e-m+fp/hard/crti.o
 .ARM.attributes
                0x0000001e       0x34 d:/stm32cubemx/gcc-arm-none-eabi-10.3-2021.10/bin/../lib/gcc/arm-none-eabi/10.3.1/thumb/v7e-m+fp/hard/crtbegin.o
 .ARM.attributes
                0x00000052       0x34 CMakeFiles/Test.elf.dir/Core/Src/freertos.c.obj
 .ARM.attributes
                0x00000086       0x34 CMakeFiles/Test.elf.dir/Core/Src/gpio.c.obj
 .ARM.attributes
                0x000000ba       0x34 CMakeFiles/Test.elf.dir/Core/Src/main.c.obj
 .ARM.attributes
                0x000000ee       0x34 CMakeFiles/Test.elf.dir/Core/Src/stm32f4xx_hal_msp.c.obj
 .ARM.attributes
                0x00000122       0x34 CMakeFiles/Test.elf.dir/Core/Src/stm32f4xx_it.c.obj
 .ARM.attributes
                0x00000156       0x34 CMakeFiles/Test.elf.dir/Core/Src/system_stm32f4xx.c.obj
 .ARM.attributes
                0x0000018a       0x21 CMakeFiles/Test.elf.dir/Core/Startup/startup_stm32f427iihx.s.obj
 .ARM.attributes
                0x000001ab       0x34 CMakeFiles/Test.elf.dir/Drivers/STM32F4xx_HAL_Driver/Src/stm32f4xx_hal.c.obj
 .ARM.attributes
                0x000001df       0x34 CMakeFiles/Test.elf.dir/Drivers/STM32F4xx_HAL_Driver/Src/stm32f4xx_hal_cortex.c.obj
 .ARM.attributes
                0x00000213       0x34 CMakeFiles/Test.elf.dir/Drivers/STM32F4xx_HAL_Driver/Src/stm32f4xx_hal_gpio.c.obj
 .ARM.attributes
                0x00000247       0x34 CMakeFiles/Test.elf.dir/Drivers/STM32F4xx_HAL_Driver/Src/stm32f4xx_hal_rcc.c.obj
 .ARM.attributes
                0x0000027b       0x34 CMakeFiles/Test.elf.dir/Middlewares/Third_Party/FreeRTOS/Source/CMSIS_RTOS_V2/cmsis_os2.c.obj
 .ARM.attributes
                0x000002af       0x34 CMakeFiles/Test.elf.dir/Middlewares/Third_Party/FreeRTOS/Source/list.c.obj
 .ARM.attributes
                0x000002e3       0x34 CMakeFiles/Test.elf.dir/Middlewares/Third_Party/FreeRTOS/Source/portable/GCC/ARM_CM4F/port.c.obj
 .ARM.attributes
                0x00000317       0x34 CMakeFiles/Test.elf.dir/Middlewares/Third_Party/FreeRTOS/Source/portable/MemMang/heap_4.c.obj
 .ARM.attributes
                0x0000034b       0x34 CMakeFiles/Test.elf.dir/Middlewares/Third_Party/FreeRTOS/Source/queue.c.obj
 .ARM.attributes
                0x0000037f       0x34 CMakeFiles/Test.elf.dir/Middlewares/Third_Party/FreeRTOS/Source/tasks.c.obj
 .ARM.attributes
                0x000003b3       0x34 CMakeFiles/Test.elf.dir/Middlewares/Third_Party/FreeRTOS/Source/timers.c.obj
 .ARM.attributes
                0x000003e7       0x1e d:/stm32cubemx/gcc-arm-none-eabi-10.3-2021.10/bin/../lib/gcc/arm-none-eabi/10.3.1/thumb/v7e-m+fp/hard\libgcc.a(_aeabi_uldivmod.o)
 .ARM.attributes
                0x00000405       0x34 d:/stm32cubemx/gcc-arm-none-eabi-10.3-2021.10/bin/../lib/gcc/arm-none-eabi/10.3.1/thumb/v7e-m+fp/hard\libgcc.a(_udivmoddi4.o)
 .ARM.attributes
                0x00000439       0x1e d:/stm32cubemx/gcc-arm-none-eabi-10.3-2021.10/bin/../lib/gcc/arm-none-eabi/10.3.1/thumb/v7e-m+fp/hard\libgcc.a(_dvmd_tls.o)
 .ARM.attributes
                0x00000457       0x34 d:/stm32cubemx/gcc-arm-none-eabi-10.3-2021.10/bin/../lib/gcc/arm-none-eabi/10.3.1/../../../../arm-none-eabi/lib/thumb/v7e-m+fp/hard\libg.a(lib_a-impure.o)
 .ARM.attributes
                0x0000048b       0x34 d:/stm32cubemx/gcc-arm-none-eabi-10.3-2021.10/bin/../lib/gcc/arm-none-eabi/10.3.1/../../../../arm-none-eabi/lib/thumb/v7e-m+fp/hard\libg.a(lib_a-init.o)
 .ARM.attributes
                0x000004bf       0x1c d:/stm32cubemx/gcc-arm-none-eabi-10.3-2021.10/bin/../lib/gcc/arm-none-eabi/10.3.1/../../../../arm-none-eabi/lib/thumb/v7e-m+fp/hard\libg.a(lib_a-memcpy.o)
 .ARM.attributes
                0x000004db       0x34 d:/stm32cubemx/gcc-arm-none-eabi-10.3-2021.10/bin/../lib/gcc/arm-none-eabi/10.3.1/../../../../arm-none-eabi/lib/thumb/v7e-m+fp/hard\libg.a(lib_a-memset.o)
 .ARM.attributes
                0x0000050f       0x34 d:/stm32cubemx/gcc-arm-none-eabi-10.3-2021.10/bin/../lib/gcc/arm-none-eabi/10.3.1/../../../../arm-none-eabi/lib/thumb/v7e-m+fp/hard\libg.a(lib_a-__call_atexit.o)
 .ARM.attributes
                0x00000543       0x34 d:/stm32cubemx/gcc-arm-none-eabi-10.3-2021.10/bin/../lib/gcc/arm-none-eabi/10.3.1/../../../../arm-none-eabi/lib/thumb/v7e-m+fp/hard\libg.a(lib_a-atexit.o)
 .ARM.attributes
                0x00000577       0x34 d:/stm32cubemx/gcc-arm-none-eabi-10.3-2021.10/bin/../lib/gcc/arm-none-eabi/10.3.1/../../../../arm-none-eabi/lib/thumb/v7e-m+fp/hard\libg.a(lib_a-fini.o)
 .ARM.attributes
                0x000005ab       0x34 d:/stm32cubemx/gcc-arm-none-eabi-10.3-2021.10/bin/../lib/gcc/arm-none-eabi/10.3.1/../../../../arm-none-eabi/lib/thumb/v7e-m+fp/hard\libg.a(lib_a-lock.o)
 .ARM.attributes
                0x000005df       0x34 d:/stm32cubemx/gcc-arm-none-eabi-10.3-2021.10/bin/../lib/gcc/arm-none-eabi/10.3.1/../../../../arm-none-eabi/lib/thumb/v7e-m+fp/hard\libg.a(lib_a-__atexit.o)
 .ARM.attributes
                0x00000613       0x1e d:/stm32cubemx/gcc-arm-none-eabi-10.3-2021.10/bin/../lib/gcc/arm-none-eabi/10.3.1/thumb/v7e-m+fp/hard/crtn.o
OUTPUT(Test.elf elf32-littlearm)
LOAD linker stubs
LOAD d:/stm32cubemx/gcc-arm-none-eabi-10.3-2021.10/bin/../lib/gcc/arm-none-eabi/10.3.1/../../../../arm-none-eabi/lib/thumb/v7e-m+fp/hard\libc.a
LOAD d:/stm32cubemx/gcc-arm-none-eabi-10.3-2021.10/bin/../lib/gcc/arm-none-eabi/10.3.1/../../../../arm-none-eabi/lib/thumb/v7e-m+fp/hard\libm.a
LOAD d:/stm32cubemx/gcc-arm-none-eabi-10.3-2021.10/bin/../lib/gcc/arm-none-eabi/10.3.1/thumb/v7e-m+fp/hard\libgcc.a

.debug_info     0x00000000    0x1171e
 .debug_info    0x00000000      0x4ea CMakeFiles/Test.elf.dir/Core/Src/freertos.c.obj
 .debug_info    0x000004ea      0x4b3 CMakeFiles/Test.elf.dir/Core/Src/gpio.c.obj
 .debug_info    0x0000099d      0x5d6 CMakeFiles/Test.elf.dir/Core/Src/main.c.obj
 .debug_info    0x00000f73      0x53e CMakeFiles/Test.elf.dir/Core/Src/stm32f4xx_hal_msp.c.obj
 .debug_info    0x000014b1      0x149 CMakeFiles/Test.elf.dir/Core/Src/stm32f4xx_it.c.obj
 .debug_info    0x000015fa      0x554 CMakeFiles/Test.elf.dir/Core/Src/system_stm32f4xx.c.obj
 .debug_info    0x00001b4e       0x22 CMakeFiles/Test.elf.dir/Core/Startup/startup_stm32f427iihx.s.obj
 .debug_info    0x00001b70      0xa5c CMakeFiles/Test.elf.dir/Drivers/STM32F4xx_HAL_Driver/Src/stm32f4xx_hal.c.obj
 .debug_info    0x000025cc     0x10c2 CMakeFiles/Test.elf.dir/Drivers/STM32F4xx_HAL_Driver/Src/stm32f4xx_hal_cortex.c.obj
 .debug_info    0x0000368e      0x7cc CMakeFiles/Test.elf.dir/Drivers/STM32F4xx_HAL_Driver/Src/stm32f4xx_hal_gpio.c.obj
 .debug_info    0x00003e5a      0xb1f CMakeFiles/Test.elf.dir/Drivers/STM32F4xx_HAL_Driver/Src/stm32f4xx_hal_rcc.c.obj
 .debug_info    0x00004979     0x4aef CMakeFiles/Test.elf.dir/Middlewares/Third_Party/FreeRTOS/Source/CMSIS_RTOS_V2/cmsis_os2.c.obj
 .debug_info    0x00009468      0x2e0 CMakeFiles/Test.elf.dir/Middlewares/Third_Party/FreeRTOS/Source/list.c.obj
 .debug_info    0x00009748      0x587 CMakeFiles/Test.elf.dir/Middlewares/Third_Party/FreeRTOS/Source/portable/GCC/ARM_CM4F/port.c.obj
 .debug_info    0x00009ccf      0x5d9 CMakeFiles/Test.elf.dir/Middlewares/Third_Party/FreeRTOS/Source/portable/MemMang/heap_4.c.obj
 .debug_info    0x0000a2a8     0x2826 CMakeFiles/Test.elf.dir/Middlewares/Third_Party/FreeRTOS/Source/queue.c.obj
 .debug_info    0x0000cace     0x3197 CMakeFiles/Test.elf.dir/Middlewares/Third_Party/FreeRTOS/Source/tasks.c.obj
 .debug_info    0x0000fc65     0x1ab9 CMakeFiles/Test.elf.dir/Middlewares/Third_Party/FreeRTOS/Source/timers.c.obj

.debug_abbrev   0x00000000     0x25b8
 .debug_abbrev  0x00000000      0x184 CMakeFiles/Test.elf.dir/Core/Src/freertos.c.obj
 .debug_abbrev  0x00000184      0x14e CMakeFiles/Test.elf.dir/Core/Src/gpio.c.obj
 .debug_abbrev  0x000002d2      0x1b7 CMakeFiles/Test.elf.dir/Core/Src/main.c.obj
 .debug_abbrev  0x00000489      0x119 CMakeFiles/Test.elf.dir/Core/Src/stm32f4xx_hal_msp.c.obj
 .debug_abbrev  0x000005a2       0xa0 CMakeFiles/Test.elf.dir/Core/Src/stm32f4xx_it.c.obj
 .debug_abbrev  0x00000642      0x119 CMakeFiles/Test.elf.dir/Core/Src/system_stm32f4xx.c.obj
 .debug_abbrev  0x0000075b       0x12 CMakeFiles/Test.elf.dir/Core/Startup/startup_stm32f427iihx.s.obj
 .debug_abbrev  0x0000076d      0x206 CMakeFiles/Test.elf.dir/Drivers/STM32F4xx_HAL_Driver/Src/stm32f4xx_hal.c.obj
 .debug_abbrev  0x00000973      0x36a CMakeFiles/Test.elf.dir/Drivers/STM32F4xx_HAL_Driver/Src/stm32f4xx_hal_cortex.c.obj
 .debug_abbrev  0x00000cdd      0x1ef CMakeFiles/Test.elf.dir/Drivers/STM32F4xx_HAL_Driver/Src/stm32f4xx_hal_gpio.c.obj
 .debug_abbrev  0x00000ecc      0x28a CMakeFiles/Test.elf.dir/Drivers/STM32F4xx_HAL_Driver/Src/stm32f4xx_hal_rcc.c.obj
 .debug_abbrev  0x00001156      0x51e CMakeFiles/Test.elf.dir/Middlewares/Third_Party/FreeRTOS/Source/CMSIS_RTOS_V2/cmsis_os2.c.obj
 .debug_abbrev  0x00001674      0x106 CMakeFiles/Test.elf.dir/Middlewares/Third_Party/FreeRTOS/Source/list.c.obj
 .debug_abbrev  0x0000177a      0x26b CMakeFiles/Test.elf.dir/Middlewares/Third_Party/FreeRTOS/Source/portable/GCC/ARM_CM4F/port.c.obj
 .debug_abbrev  0x000019e5      0x24b CMakeFiles/Test.elf.dir/Middlewares/Third_Party/FreeRTOS/Source/portable/MemMang/heap_4.c.obj
 .debug_abbrev  0x00001c30      0x369 CMakeFiles/Test.elf.dir/Middlewares/Third_Party/FreeRTOS/Source/queue.c.obj
 .debug_abbrev  0x00001f99      0x313 CMakeFiles/Test.elf.dir/Middlewares/Third_Party/FreeRTOS/Source/tasks.c.obj
 .debug_abbrev  0x000022ac      0x30c CMakeFiles/Test.elf.dir/Middlewares/Third_Party/FreeRTOS/Source/timers.c.obj

.debug_loc      0x00000000     0xbe5c
 .debug_loc     0x00000000       0x4a CMakeFiles/Test.elf.dir/Core/Src/freertos.c.obj
 .debug_loc     0x0000004a      0x158 CMakeFiles/Test.elf.dir/Core/Src/system_stm32f4xx.c.obj
 .debug_loc     0x000001a2      0x141 CMakeFiles/Test.elf.dir/Drivers/STM32F4xx_HAL_Driver/Src/stm32f4xx_hal.c.obj
 .debug_loc     0x000002e3      0x744 CMakeFiles/Test.elf.dir/Drivers/STM32F4xx_HAL_Driver/Src/stm32f4xx_hal_cortex.c.obj
 .debug_loc     0x00000a27      0x520 CMakeFiles/Test.elf.dir/Drivers/STM32F4xx_HAL_Driver/Src/stm32f4xx_hal_gpio.c.obj
 .debug_loc     0x00000f47      0x58c CMakeFiles/Test.elf.dir/Drivers/STM32F4xx_HAL_Driver/Src/stm32f4xx_hal_rcc.c.obj
 .debug_loc     0x000014d3     0x5184 CMakeFiles/Test.elf.dir/Middlewares/Third_Party/FreeRTOS/Source/CMSIS_RTOS_V2/cmsis_os2.c.obj
 .debug_loc     0x00006657       0xad CMakeFiles/Test.elf.dir/Middlewares/Third_Party/FreeRTOS/Source/list.c.obj
 .debug_loc     0x00006704      0x124 CMakeFiles/Test.elf.dir/Middlewares/Third_Party/FreeRTOS/Source/portable/GCC/ARM_CM4F/port.c.obj
 .debug_loc     0x00006828      0x434 CMakeFiles/Test.elf.dir/Middlewares/Third_Party/FreeRTOS/Source/portable/MemMang/heap_4.c.obj
 .debug_loc     0x00006c5c     0x1ae8 CMakeFiles/Test.elf.dir/Middlewares/Third_Party/FreeRTOS/Source/queue.c.obj
 .debug_loc     0x00008744     0x25c2 CMakeFiles/Test.elf.dir/Middlewares/Third_Party/FreeRTOS/Source/tasks.c.obj
 .debug_loc     0x0000ad06     0x1156 CMakeFiles/Test.elf.dir/Middlewares/Third_Party/FreeRTOS/Source/timers.c.obj

.debug_aranges  0x00000000      0xbc8
 .debug_aranges
                0x00000000       0x30 CMakeFiles/Test.elf.dir/Core/Src/freertos.c.obj
 .debug_aranges
                0x00000030       0x20 CMakeFiles/Test.elf.dir/Core/Src/gpio.c.obj
 .debug_aranges
                0x00000050       0x30 CMakeFiles/Test.elf.dir/Core/Src/main.c.obj
 .debug_aranges
                0x00000080       0x20 CMakeFiles/Test.elf.dir/Core/Src/stm32f4xx_hal_msp.c.obj
 .debug_aranges
                0x000000a0       0x50 CMakeFiles/Test.elf.dir/Core/Src/stm32f4xx_it.c.obj
 .debug_aranges
                0x000000f0       0x28 CMakeFiles/Test.elf.dir/Core/Src/system_stm32f4xx.c.obj
 .debug_aranges
                0x00000118       0x28 CMakeFiles/Test.elf.dir/Core/Startup/startup_stm32f427iihx.s.obj
 .debug_aranges
                0x00000140      0x100 CMakeFiles/Test.elf.dir/Drivers/STM32F4xx_HAL_Driver/Src/stm32f4xx_hal.c.obj
 .debug_aranges
                0x00000240       0xa8 CMakeFiles/Test.elf.dir/Drivers/STM32F4xx_HAL_Driver/Src/stm32f4xx_hal_cortex.c.obj
 .debug_aranges
                0x000002e8       0x58 CMakeFiles/Test.elf.dir/Drivers/STM32F4xx_HAL_Driver/Src/stm32f4xx_hal_gpio.c.obj
 .debug_aranges
                0x00000340       0x88 CMakeFiles/Test.elf.dir/Drivers/STM32F4xx_HAL_Driver/Src/stm32f4xx_hal_rcc.c.obj
 .debug_aranges
                0x000003c8      0x298 CMakeFiles/Test.elf.dir/Middlewares/Third_Party/FreeRTOS/Source/CMSIS_RTOS_V2/cmsis_os2.c.obj
 .debug_aranges
                0x00000660       0x40 CMakeFiles/Test.elf.dir/Middlewares/Third_Party/FreeRTOS/Source/list.c.obj
 .debug_aranges
                0x000006a0       0x80 CMakeFiles/Test.elf.dir/Middlewares/Third_Party/FreeRTOS/Source/portable/GCC/ARM_CM4F/port.c.obj
 .debug_aranges
                0x00000720       0x58 CMakeFiles/Test.elf.dir/Middlewares/Third_Party/FreeRTOS/Source/portable/MemMang/heap_4.c.obj
 .debug_aranges
                0x00000778      0x158 CMakeFiles/Test.elf.dir/Middlewares/Third_Party/FreeRTOS/Source/queue.c.obj
 .debug_aranges
                0x000008d0      0x208 CMakeFiles/Test.elf.dir/Middlewares/Third_Party/FreeRTOS/Source/tasks.c.obj
 .debug_aranges
                0x00000ad8       0xf0 CMakeFiles/Test.elf.dir/Middlewares/Third_Party/FreeRTOS/Source/timers.c.obj

.debug_ranges   0x00000000      0xd68
 .debug_ranges  0x00000000       0x20 CMakeFiles/Test.elf.dir/Core/Src/freertos.c.obj
 .debug_ranges  0x00000020       0x10 CMakeFiles/Test.elf.dir/Core/Src/gpio.c.obj
 .debug_ranges  0x00000030       0x20 CMakeFiles/Test.elf.dir/Core/Src/main.c.obj
 .debug_ranges  0x00000050       0x10 CMakeFiles/Test.elf.dir/Core/Src/stm32f4xx_hal_msp.c.obj
 .debug_ranges  0x00000060       0x40 CMakeFiles/Test.elf.dir/Core/Src/stm32f4xx_it.c.obj
 .debug_ranges  0x000000a0       0x18 CMakeFiles/Test.elf.dir/Core/Src/system_stm32f4xx.c.obj
 .debug_ranges  0x000000b8       0x20 CMakeFiles/Test.elf.dir/Core/Startup/startup_stm32f427iihx.s.obj
 .debug_ranges  0x000000d8       0xf0 CMakeFiles/Test.elf.dir/Drivers/STM32F4xx_HAL_Driver/Src/stm32f4xx_hal.c.obj
 .debug_ranges  0x000001c8       0xf8 CMakeFiles/Test.elf.dir/Drivers/STM32F4xx_HAL_Driver/Src/stm32f4xx_hal_cortex.c.obj
 .debug_ranges  0x000002c0       0x48 CMakeFiles/Test.elf.dir/Drivers/STM32F4xx_HAL_Driver/Src/stm32f4xx_hal_gpio.c.obj
 .debug_ranges  0x00000308       0x90 CMakeFiles/Test.elf.dir/Drivers/STM32F4xx_HAL_Driver/Src/stm32f4xx_hal_rcc.c.obj
 .debug_ranges  0x00000398      0x2a0 CMakeFiles/Test.elf.dir/Middlewares/Third_Party/FreeRTOS/Source/CMSIS_RTOS_V2/cmsis_os2.c.obj
 .debug_ranges  0x00000638       0x30 CMakeFiles/Test.elf.dir/Middlewares/Third_Party/FreeRTOS/Source/list.c.obj
 .debug_ranges  0x00000668       0x88 CMakeFiles/Test.elf.dir/Middlewares/Third_Party/FreeRTOS/Source/portable/GCC/ARM_CM4F/port.c.obj
 .debug_ranges  0x000006f0       0x48 CMakeFiles/Test.elf.dir/Middlewares/Third_Party/FreeRTOS/Source/portable/MemMang/heap_4.c.obj
 .debug_ranges  0x00000738      0x218 CMakeFiles/Test.elf.dir/Middlewares/Third_Party/FreeRTOS/Source/queue.c.obj
 .debug_ranges  0x00000950      0x338 CMakeFiles/Test.elf.dir/Middlewares/Third_Party/FreeRTOS/Source/tasks.c.obj
 .debug_ranges  0x00000c88       0xe0 CMakeFiles/Test.elf.dir/Middlewares/Third_Party/FreeRTOS/Source/timers.c.obj

.debug_line     0x00000000     0xc8fa
 .debug_line    0x00000000      0x276 CMakeFiles/Test.elf.dir/Core/Src/freertos.c.obj
 .debug_line    0x00000276      0x204 CMakeFiles/Test.elf.dir/Core/Src/gpio.c.obj
 .debug_line    0x0000047a      0x3a9 CMakeFiles/Test.elf.dir/Core/Src/main.c.obj
 .debug_line    0x00000823      0x1c2 CMakeFiles/Test.elf.dir/Core/Src/stm32f4xx_hal_msp.c.obj
 .debug_line    0x000009e5      0x262 CMakeFiles/Test.elf.dir/Core/Src/stm32f4xx_it.c.obj
 .debug_line    0x00000c47      0x27c CMakeFiles/Test.elf.dir/Core/Src/system_stm32f4xx.c.obj
 .debug_line    0x00000ec3       0x97 CMakeFiles/Test.elf.dir/Core/Startup/startup_stm32f427iihx.s.obj
 .debug_line    0x00000f5a      0x5db CMakeFiles/Test.elf.dir/Drivers/STM32F4xx_HAL_Driver/Src/stm32f4xx_hal.c.obj
 .debug_line    0x00001535      0x7b6 CMakeFiles/Test.elf.dir/Drivers/STM32F4xx_HAL_Driver/Src/stm32f4xx_hal_cortex.c.obj
 .debug_line    0x00001ceb      0x722 CMakeFiles/Test.elf.dir/Drivers/STM32F4xx_HAL_Driver/Src/stm32f4xx_hal_gpio.c.obj
 .debug_line    0x0000240d      0xb3b CMakeFiles/Test.elf.dir/Drivers/STM32F4xx_HAL_Driver/Src/stm32f4xx_hal_rcc.c.obj
 .debug_line    0x00002f48     0x2a2a CMakeFiles/Test.elf.dir/Middlewares/Third_Party/FreeRTOS/Source/CMSIS_RTOS_V2/cmsis_os2.c.obj
 .debug_line    0x00005972      0x385 CMakeFiles/Test.elf.dir/Middlewares/Third_Party/FreeRTOS/Source/list.c.obj
 .debug_line    0x00005cf7      0x736 CMakeFiles/Test.elf.dir/Middlewares/Third_Party/FreeRTOS/Source/portable/GCC/ARM_CM4F/port.c.obj
 .debug_line    0x0000642d      0x759 CMakeFiles/Test.elf.dir/Middlewares/Third_Party/FreeRTOS/Source/portable/MemMang/heap_4.c.obj
 .debug_line    0x00006b86     0x2071 CMakeFiles/Test.elf.dir/Middlewares/Third_Party/FreeRTOS/Source/queue.c.obj
 .debug_line    0x00008bf7     0x2dbc CMakeFiles/Test.elf.dir/Middlewares/Third_Party/FreeRTOS/Source/tasks.c.obj
 .debug_line    0x0000b9b3      0xf47 CMakeFiles/Test.elf.dir/Middlewares/Third_Party/FreeRTOS/Source/timers.c.obj

.debug_str      0x00000000     0x4bbe
 .debug_str     0x00000000      0x6cc CMakeFiles/Test.elf.dir/Core/Src/freertos.c.obj
                                0x717 (size before relaxing)
 .debug_str     0x000006cc      0x1b2 CMakeFiles/Test.elf.dir/Core/Src/gpio.c.obj
                                0x3a4 (size before relaxing)
 .debug_str     0x0000087e      0x201 CMakeFiles/Test.elf.dir/Core/Src/main.c.obj
                                0x4eb (size before relaxing)
 .debug_str     0x00000a7f      0x58b CMakeFiles/Test.elf.dir/Core/Src/stm32f4xx_hal_msp.c.obj
                                0x843 (size before relaxing)
 .debug_str     0x0000100a       0xd6 CMakeFiles/Test.elf.dir/Core/Src/stm32f4xx_it.c.obj
                                0x274 (size before relaxing)
 .debug_str     0x000010e0       0xea CMakeFiles/Test.elf.dir/Core/Src/system_stm32f4xx.c.obj
                                0x3ad (size before relaxing)
 .debug_str     0x000011ca       0x45 CMakeFiles/Test.elf.dir/Core/Startup/startup_stm32f427iihx.s.obj
                                 0x69 (size before relaxing)
 .debug_str     0x0000120f      0x3ab CMakeFiles/Test.elf.dir/Drivers/STM32F4xx_HAL_Driver/Src/stm32f4xx_hal.c.obj
                                0xc1a (size before relaxing)
 .debug_str     0x000015ba      0x45d CMakeFiles/Test.elf.dir/Drivers/STM32F4xx_HAL_Driver/Src/stm32f4xx_hal_cortex.c.obj
                                0xc9e (size before relaxing)
 .debug_str     0x00001a17      0x134 CMakeFiles/Test.elf.dir/Drivers/STM32F4xx_HAL_Driver/Src/stm32f4xx_hal_gpio.c.obj
                                0x518 (size before relaxing)
 .debug_str     0x00001b4b      0x1b3 CMakeFiles/Test.elf.dir/Drivers/STM32F4xx_HAL_Driver/Src/stm32f4xx_hal_rcc.c.obj
                                0x73e (size before relaxing)
 .debug_str     0x00001cfe     0x1435 CMakeFiles/Test.elf.dir/Middlewares/Third_Party/FreeRTOS/Source/CMSIS_RTOS_V2/cmsis_os2.c.obj
                               0x21a2 (size before relaxing)
 .debug_str     0x00003133      0x148 CMakeFiles/Test.elf.dir/Middlewares/Third_Party/FreeRTOS/Source/list.c.obj
                                0x327 (size before relaxing)
 .debug_str     0x0000327b      0x23c CMakeFiles/Test.elf.dir/Middlewares/Third_Party/FreeRTOS/Source/portable/GCC/ARM_CM4F/port.c.obj
                                0x4a7 (size before relaxing)
 .debug_str     0x000034b7      0x2e1 CMakeFiles/Test.elf.dir/Middlewares/Third_Party/FreeRTOS/Source/portable/MemMang/heap_4.c.obj
                                0x535 (size before relaxing)
 .debug_str     0x00003798      0x631 CMakeFiles/Test.elf.dir/Middlewares/Third_Party/FreeRTOS/Source/queue.c.obj
                                0xd3d (size before relaxing)
 .debug_str     0x00003dc9      0x8fb CMakeFiles/Test.elf.dir/Middlewares/Third_Party/FreeRTOS/Source/tasks.c.obj
                               0x130c (size before relaxing)
 .debug_str     0x000046c4      0x4fa CMakeFiles/Test.elf.dir/Middlewares/Third_Party/FreeRTOS/Source/timers.c.obj
                                0xc6d (size before relaxing)

.comment        0x00000000       0x49
 .comment       0x00000000       0x49 CMakeFiles/Test.elf.dir/Core/Src/freertos.c.obj
                                 0x4a (size before relaxing)
 .comment       0x00000049       0x4a CMakeFiles/Test.elf.dir/Core/Src/gpio.c.obj
 .comment       0x00000049       0x4a CMakeFiles/Test.elf.dir/Core/Src/main.c.obj
 .comment       0x00000049       0x4a CMakeFiles/Test.elf.dir/Core/Src/stm32f4xx_hal_msp.c.obj
 .comment       0x00000049       0x4a CMakeFiles/Test.elf.dir/Core/Src/stm32f4xx_it.c.obj
 .comment       0x00000049       0x4a CMakeFiles/Test.elf.dir/Core/Src/system_stm32f4xx.c.obj
 .comment       0x00000049       0x4a CMakeFiles/Test.elf.dir/Drivers/STM32F4xx_HAL_Driver/Src/stm32f4xx_hal.c.obj
 .comment       0x00000049       0x4a CMakeFiles/Test.elf.dir/Drivers/STM32F4xx_HAL_Driver/Src/stm32f4xx_hal_cortex.c.obj
 .comment       0x00000049       0x4a CMakeFiles/Test.elf.dir/Drivers/STM32F4xx_HAL_Driver/Src/stm32f4xx_hal_gpio.c.obj
 .comment       0x00000049       0x4a CMakeFiles/Test.elf.dir/Drivers/STM32F4xx_HAL_Driver/Src/stm32f4xx_hal_rcc.c.obj
 .comment       0x00000049       0x4a CMakeFiles/Test.elf.dir/Middlewares/Third_Party/FreeRTOS/Source/CMSIS_RTOS_V2/cmsis_os2.c.obj
 .comment       0x00000049       0x4a CMakeFiles/Test.elf.dir/Middlewares/Third_Party/FreeRTOS/Source/list.c.obj
 .comment       0x00000049       0x4a CMakeFiles/Test.elf.dir/Middlewares/Third_Party/FreeRTOS/Source/portable/GCC/ARM_CM4F/port.c.obj
 .comment       0x00000049       0x4a CMakeFiles/Test.elf.dir/Middlewares/Third_Party/FreeRTOS/Source/portable/MemMang/heap_4.c.obj
 .comment       0x00000049       0x4a CMakeFiles/Test.elf.dir/Middlewares/Third_Party/FreeRTOS/Source/queue.c.obj
 .comment       0x00000049       0x4a CMakeFiles/Test.elf.dir/Middlewares/Third_Party/FreeRTOS/Source/tasks.c.obj
 .comment       0x00000049       0x4a CMakeFiles/Test.elf.dir/Middlewares/Third_Party/FreeRTOS/Source/timers.c.obj

.debug_frame    0x00000000     0x22dc
 .debug_frame   0x00000000       0x58 CMakeFiles/Test.elf.dir/Core/Src/freertos.c.obj
 .debug_frame   0x00000058       0x34 CMakeFiles/Test.elf.dir/Core/Src/gpio.c.obj
 .debug_frame   0x0000008c       0x58 CMakeFiles/Test.elf.dir/Core/Src/main.c.obj
 .debug_frame   0x000000e4       0x2c CMakeFiles/Test.elf.dir/Core/Src/stm32f4xx_hal_msp.c.obj
 .debug_frame   0x00000110       0x88 CMakeFiles/Test.elf.dir/Core/Src/stm32f4xx_it.c.obj
 .debug_frame   0x00000198       0x30 CMakeFiles/Test.elf.dir/Core/Src/system_stm32f4xx.c.obj
 .debug_frame   0x000001c8      0x20c CMakeFiles/Test.elf.dir/Drivers/STM32F4xx_HAL_Driver/Src/stm32f4xx_hal.c.obj
 .debug_frame   0x000003d4      0x148 CMakeFiles/Test.elf.dir/Drivers/STM32F4xx_HAL_Driver/Src/stm32f4xx_hal_cortex.c.obj
 .debug_frame   0x0000051c       0xd8 CMakeFiles/Test.elf.dir/Drivers/STM32F4xx_HAL_Driver/Src/stm32f4xx_hal_gpio.c.obj
 .debug_frame   0x000005f4      0x16c CMakeFiles/Test.elf.dir/Drivers/STM32F4xx_HAL_Driver/Src/stm32f4xx_hal_rcc.c.obj
 .debug_frame   0x00000760      0x8e8 CMakeFiles/Test.elf.dir/Middlewares/Third_Party/FreeRTOS/Source/CMSIS_RTOS_V2/cmsis_os2.c.obj
 .debug_frame   0x00001048       0x70 CMakeFiles/Test.elf.dir/Middlewares/Third_Party/FreeRTOS/Source/list.c.obj
 .debug_frame   0x000010b8      0x110 CMakeFiles/Test.elf.dir/Middlewares/Third_Party/FreeRTOS/Source/portable/GCC/ARM_CM4F/port.c.obj
 .debug_frame   0x000011c8       0xd0 CMakeFiles/Test.elf.dir/Middlewares/Third_Party/FreeRTOS/Source/portable/MemMang/heap_4.c.obj
 .debug_frame   0x00001298      0x458 CMakeFiles/Test.elf.dir/Middlewares/Third_Party/FreeRTOS/Source/queue.c.obj
 .debug_frame   0x000016f0      0x688 CMakeFiles/Test.elf.dir/Middlewares/Third_Party/FreeRTOS/Source/tasks.c.obj
 .debug_frame   0x00001d78      0x30c CMakeFiles/Test.elf.dir/Middlewares/Third_Party/FreeRTOS/Source/timers.c.obj
 .debug_frame   0x00002084       0x2c d:/stm32cubemx/gcc-arm-none-eabi-10.3-2021.10/bin/../lib/gcc/arm-none-eabi/10.3.1/thumb/v7e-m+fp/hard\libgcc.a(_aeabi_uldivmod.o)
 .debug_frame   0x000020b0       0x34 d:/stm32cubemx/gcc-arm-none-eabi-10.3-2021.10/bin/../lib/gcc/arm-none-eabi/10.3.1/thumb/v7e-m+fp/hard\libgcc.a(_udivmoddi4.o)
 .debug_frame   0x000020e4       0x2c d:/stm32cubemx/gcc-arm-none-eabi-10.3-2021.10/bin/../lib/gcc/arm-none-eabi/10.3.1/../../../../arm-none-eabi/lib/thumb/v7e-m+fp/hard\libg.a(lib_a-init.o)
 .debug_frame   0x00002110       0x2c d:/stm32cubemx/gcc-arm-none-eabi-10.3-2021.10/bin/../lib/gcc/arm-none-eabi/10.3.1/../../../../arm-none-eabi/lib/thumb/v7e-m+fp/hard\libg.a(lib_a-memset.o)
 .debug_frame   0x0000213c       0x68 d:/stm32cubemx/gcc-arm-none-eabi-10.3-2021.10/bin/../lib/gcc/arm-none-eabi/10.3.1/../../../../arm-none-eabi/lib/thumb/v7e-m+fp/hard\libg.a(lib_a-__call_atexit.o)
 .debug_frame   0x000021a4       0x20 d:/stm32cubemx/gcc-arm-none-eabi-10.3-2021.10/bin/../lib/gcc/arm-none-eabi/10.3.1/../../../../arm-none-eabi/lib/thumb/v7e-m+fp/hard\libg.a(lib_a-atexit.o)
 .debug_frame   0x000021c4       0x34 d:/stm32cubemx/gcc-arm-none-eabi-10.3-2021.10/bin/../lib/gcc/arm-none-eabi/10.3.1/../../../../arm-none-eabi/lib/thumb/v7e-m+fp/hard\libg.a(lib_a-fini.o)
 .debug_frame   0x000021f8       0xb0 d:/stm32cubemx/gcc-arm-none-eabi-10.3-2021.10/bin/../lib/gcc/arm-none-eabi/10.3.1/../../../../arm-none-eabi/lib/thumb/v7e-m+fp/hard\libg.a(lib_a-lock.o)
 .debug_frame   0x000022a8       0x34 d:/stm32cubemx/gcc-arm-none-eabi-10.3-2021.10/bin/../lib/gcc/arm-none-eabi/10.3.1/../../../../arm-none-eabi/lib/thumb/v7e-m+fp/hard\libg.a(lib_a-__atexit.o)
