Archive member included to satisfy reference by file (symbol)

d:/stm32cubemx/gcc-arm-none-eabi-10.3-2021.10/bin/../lib/gcc/arm-none-eabi/10.3.1/thumb/v7e-m+fp/hard\libgcc.a(_arm_muldf3.o)
                              CMakeFiles/Test.elf.dir/User/motor.c.obj (__aeabi_dmul)
d:/stm32cubemx/gcc-arm-none-eabi-10.3-2021.10/bin/../lib/gcc/arm-none-eabi/10.3.1/thumb/v7e-m+fp/hard\libgcc.a(_arm_addsubdf3.o)
                              CMakeFiles/Test.elf.dir/User/motor.c.obj (__aeabi_dadd)
d:/stm32cubemx/gcc-arm-none-eabi-10.3-2021.10/bin/../lib/gcc/arm-none-eabi/10.3.1/thumb/v7e-m+fp/hard\libgcc.a(_arm_truncdfsf2.o)
                              CMakeFiles/Test.elf.dir/User/motor.c.obj (__aeabi_d2f)
d:/stm32cubemx/gcc-arm-none-eabi-10.3-2021.10/bin/../lib/gcc/arm-none-eabi/10.3.1/thumb/v7e-m+fp/hard\libgcc.a(_aeabi_uldivmod.o)
                              CMakeFiles/Test.elf.dir/Drivers/STM32F4xx_HAL_Driver/Src/stm32f4xx_hal_rcc.c.obj (__aeabi_uldivmod)
d:/stm32cubemx/gcc-arm-none-eabi-10.3-2021.10/bin/../lib/gcc/arm-none-eabi/10.3.1/thumb/v7e-m+fp/hard\libgcc.a(_udivmoddi4.o)
                              d:/stm32cubemx/gcc-arm-none-eabi-10.3-2021.10/bin/../lib/gcc/arm-none-eabi/10.3.1/thumb/v7e-m+fp/hard\libgcc.a(_aeabi_uldivmod.o) (__udivmoddi4)
d:/stm32cubemx/gcc-arm-none-eabi-10.3-2021.10/bin/../lib/gcc/arm-none-eabi/10.3.1/thumb/v7e-m+fp/hard\libgcc.a(_dvmd_tls.o)
                              d:/stm32cubemx/gcc-arm-none-eabi-10.3-2021.10/bin/../lib/gcc/arm-none-eabi/10.3.1/thumb/v7e-m+fp/hard\libgcc.a(_aeabi_uldivmod.o) (__aeabi_ldiv0)
d:/stm32cubemx/gcc-arm-none-eabi-10.3-2021.10/bin/../lib/gcc/arm-none-eabi/10.3.1/../../../../arm-none-eabi/lib/thumb/v7e-m+fp/hard\libg.a(lib_a-atof.o)
                              CMakeFiles/Test.elf.dir/User/motor.c.obj (atof)
d:/stm32cubemx/gcc-arm-none-eabi-10.3-2021.10/bin/../lib/gcc/arm-none-eabi/10.3.1/../../../../arm-none-eabi/lib/thumb/v7e-m+fp/hard\libg.a(lib_a-errno.o)
                              CMakeFiles/Test.elf.dir/Core/Src/syscalls.c.obj (__errno)
d:/stm32cubemx/gcc-arm-none-eabi-10.3-2021.10/bin/../lib/gcc/arm-none-eabi/10.3.1/../../../../arm-none-eabi/lib/thumb/v7e-m+fp/hard\libg.a(lib_a-exit.o)
                              d:/stm32cubemx/gcc-arm-none-eabi-10.3-2021.10/bin/../lib/gcc/arm-none-eabi/10.3.1/../../../../arm-none-eabi/lib/thumb/v7e-m+fp/hard/crt0.o (exit)
d:/stm32cubemx/gcc-arm-none-eabi-10.3-2021.10/bin/../lib/gcc/arm-none-eabi/10.3.1/../../../../arm-none-eabi/lib/thumb/v7e-m+fp/hard\libg.a(lib_a-impure.o)
                              d:/stm32cubemx/gcc-arm-none-eabi-10.3-2021.10/bin/../lib/gcc/arm-none-eabi/10.3.1/../../../../arm-none-eabi/lib/thumb/v7e-m+fp/hard\libg.a(lib_a-exit.o) (_global_impure_ptr)
d:/stm32cubemx/gcc-arm-none-eabi-10.3-2021.10/bin/../lib/gcc/arm-none-eabi/10.3.1/../../../../arm-none-eabi/lib/thumb/v7e-m+fp/hard\libg.a(lib_a-init.o)
                              d:/stm32cubemx/gcc-arm-none-eabi-10.3-2021.10/bin/../lib/gcc/arm-none-eabi/10.3.1/../../../../arm-none-eabi/lib/thumb/v7e-m+fp/hard/crt0.o (__libc_init_array)
d:/stm32cubemx/gcc-arm-none-eabi-10.3-2021.10/bin/../lib/gcc/arm-none-eabi/10.3.1/../../../../arm-none-eabi/lib/thumb/v7e-m+fp/hard\libg.a(lib_a-memcpy.o)
                              CMakeFiles/Test.elf.dir/Middlewares/Third_Party/FreeRTOS/Source/CMSIS_RTOS_V2/cmsis_os2.c.obj (memcpy)
d:/stm32cubemx/gcc-arm-none-eabi-10.3-2021.10/bin/../lib/gcc/arm-none-eabi/10.3.1/../../../../arm-none-eabi/lib/thumb/v7e-m+fp/hard\libg.a(lib_a-memset.o)
                              d:/stm32cubemx/gcc-arm-none-eabi-10.3-2021.10/bin/../lib/gcc/arm-none-eabi/10.3.1/../../../../arm-none-eabi/lib/thumb/v7e-m+fp/hard/crt0.o (memset)
d:/stm32cubemx/gcc-arm-none-eabi-10.3-2021.10/bin/../lib/gcc/arm-none-eabi/10.3.1/../../../../arm-none-eabi/lib/thumb/v7e-m+fp/hard\libg.a(lib_a-printf.o)
                              CMakeFiles/Test.elf.dir/User/motor.c.obj (printf)
d:/stm32cubemx/gcc-arm-none-eabi-10.3-2021.10/bin/../lib/gcc/arm-none-eabi/10.3.1/../../../../arm-none-eabi/lib/thumb/v7e-m+fp/hard\libg.a(lib_a-strtod.o)
                              d:/stm32cubemx/gcc-arm-none-eabi-10.3-2021.10/bin/../lib/gcc/arm-none-eabi/10.3.1/../../../../arm-none-eabi/lib/thumb/v7e-m+fp/hard\libg.a(lib_a-atof.o) (strtod)
d:/stm32cubemx/gcc-arm-none-eabi-10.3-2021.10/bin/../lib/gcc/arm-none-eabi/10.3.1/../../../../arm-none-eabi/lib/thumb/v7e-m+fp/hard\libg.a(lib_a-vfprintf.o)
                              d:/stm32cubemx/gcc-arm-none-eabi-10.3-2021.10/bin/../lib/gcc/arm-none-eabi/10.3.1/../../../../arm-none-eabi/lib/thumb/v7e-m+fp/hard\libg.a(lib_a-printf.o) (_vfprintf_r)
d:/stm32cubemx/gcc-arm-none-eabi-10.3-2021.10/bin/../lib/gcc/arm-none-eabi/10.3.1/../../../../arm-none-eabi/lib/thumb/v7e-m+fp/hard\libg.a(lib_a-wsetup.o)
                              d:/stm32cubemx/gcc-arm-none-eabi-10.3-2021.10/bin/../lib/gcc/arm-none-eabi/10.3.1/../../../../arm-none-eabi/lib/thumb/v7e-m+fp/hard\libg.a(lib_a-vfprintf.o) (__swsetup_r)
[...]
Memory Configuration

Name             Origin             Length             Attributes
CCMRAM           0x10000000         0x00010000         xrw
RAM              0x20000000         0x00030000         xrw
FLASH            0x08000000         0x00200000         xr
*default*        0x00000000         0xffffffff

Linker script and memory map

LOAD d:/stm32cubemx/gcc-arm-none-eabi-10.3-2021.10/bin/../lib/gcc/arm-none-eabi/10.3.1/thumb/v7e-m+fp/hard/crti.o
LOAD d:/stm32cubemx/gcc-arm-none-eabi-10.3-2021.10/bin/../lib/gcc/arm-none-eabi/10.3.1/thumb/v7e-m+fp/hard/crtbegin.o
LOAD d:/stm32cubemx/gcc-arm-none-eabi-10.3-2021.10/bin/../lib/gcc/arm-none-eabi/10.3.1/../../../../arm-none-eabi/lib/thumb/v7e-m+fp/hard/crt0.o
LOAD CMakeFiles/Test.elf.dir/Core/Src/can.c.obj
LOAD CMakeFiles/Test.elf.dir/Core/Src/dma.c.obj
LOAD CMakeFiles/Test.elf.dir/Core/Src/freertos.c.obj
LOAD CMakeFiles/Test.elf.dir/Core/Src/gpio.c.obj
LOAD CMakeFiles/Test.elf.dir/Core/Src/main.c.obj
LOAD CMakeFiles/Test.elf.dir/Core/Src/stm32f4xx_hal_msp.c.obj
LOAD CMakeFiles/Test.elf.dir/Core/Src/stm32f4xx_hal_timebase_tim.c.obj
LOAD CMakeFiles/Test.elf.dir/Core/Src/stm32f4xx_it.c.obj
LOAD CMakeFiles/Test.elf.dir/Core/Src/syscalls.c.obj
LOAD CMakeFiles/Test.elf.dir/Core/Src/sysmem.c.obj
LOAD CMakeFiles/Test.elf.dir/Core/Src/system_stm32f4xx.c.obj
LOAD CMakeFiles/Test.elf.dir/Core/Src/usart.c.obj
LOAD CMakeFiles/Test.elf.dir/Core/Startup/startup_stm32f427iihx.s.obj
LOAD CMakeFiles/Test.elf.dir/Drivers/STM32F4xx_HAL_Driver/Src/stm32f4xx_hal.c.obj
LOAD CMakeFiles/Test.elf.dir/Drivers/STM32F4xx_HAL_Driver/Src/stm32f4xx_hal_can.c.obj
LOAD CMakeFiles/Test.elf.dir/Drivers/STM32F4xx_HAL_Driver/Src/stm32f4xx_hal_cortex.c.obj
LOAD CMakeFiles/Test.elf.dir/Drivers/STM32F4xx_HAL_Driver/Src/stm32f4xx_hal_dma.c.obj
LOAD CMakeFiles/Test.elf.dir/Drivers/STM32F4xx_HAL_Driver/Src/stm32f4xx_hal_dma_ex.c.obj
LOAD CMakeFiles/Test.elf.dir/Drivers/STM32F4xx_HAL_Driver/Src/stm32f4xx_hal_exti.c.obj
LOAD CMakeFiles/Test.elf.dir/Drivers/STM32F4xx_HAL_Driver/Src/stm32f4xx_hal_flash.c.obj
LOAD CMakeFiles/Test.elf.dir/Drivers/STM32F4xx_HAL_Driver/Src/stm32f4xx_hal_flash_ex.c.obj
LOAD CMakeFiles/Test.elf.dir/Drivers/STM32F4xx_HAL_Driver/Src/stm32f4xx_hal_flash_ramfunc.c.obj
LOAD CMakeFiles/Test.elf.dir/Drivers/STM32F4xx_HAL_Driver/Src/stm32f4xx_hal_gpio.c.obj
LOAD CMakeFiles/Test.elf.dir/Drivers/STM32F4xx_HAL_Driver/Src/stm32f4xx_hal_pwr.c.obj
LOAD CMakeFiles/Test.elf.dir/Drivers/STM32F4xx_HAL_Driver/Src/stm32f4xx_hal_pwr_ex.c.obj
LOAD CMakeFiles/Test.elf.dir/Drivers/STM32F4xx_HAL_Driver/Src/stm32f4xx_hal_rcc.c.obj
LOAD CMakeFiles/Test.elf.dir/Drivers/STM32F4xx_HAL_Driver/Src/stm32f4xx_hal_rcc_ex.c.obj
LOAD CMakeFiles/Test.elf.dir/Drivers/STM32F4xx_HAL_Driver/Src/stm32f4xx_hal_tim.c.obj
LOAD CMakeFiles/Test.elf.dir/Drivers/STM32F4xx_HAL_Driver/Src/stm32f4xx_hal_tim_ex.c.obj
LOAD CMakeFiles/Test.elf.dir/Drivers/STM32F4xx_HAL_Driver/Src/stm32f4xx_hal_uart.c.obj
LOAD CMakeFiles/Test.elf.dir/Middlewares/Third_Party/FreeRTOS/Source/CMSIS_RTOS_V2/cmsis_os2.c.obj
LOAD CMakeFiles/Test.elf.dir/Middlewares/Third_Party/FreeRTOS/Source/croutine.c.obj
LOAD CMakeFiles/Test.elf.dir/Middlewares/Third_Party/FreeRTOS/Source/event_groups.c.obj
LOAD CMakeFiles/Test.elf.dir/Middlewares/Third_Party/FreeRTOS/Source/list.c.obj
LOAD CMakeFiles/Test.elf.dir/Middlewares/Third_Party/FreeRTOS/Source/portable/GCC/ARM_CM4F/port.c.obj
LOAD CMakeFiles/Test.elf.dir/Middlewares/Third_Party/FreeRTOS/Source/portable/MemMang/heap_4.c.obj
LOAD CMakeFiles/Test.elf.dir/Middlewares/Third_Party/FreeRTOS/Source/queue.c.obj
LOAD CMakeFiles/Test.elf.dir/Middlewares/Third_Party/FreeRTOS/Source/stream_buffer.c.obj
LOAD CMakeFiles/Test.elf.dir/Middlewares/Third_Party/FreeRTOS/Source/tasks.c.obj
LOAD CMakeFiles/Test.elf.dir/Middlewares/Third_Party/FreeRTOS/Source/timers.c.obj
LOAD CMakeFiles/Test.elf.dir/User/motor.c.obj
LOAD CMakeFiles/Test.elf.dir/User/pid.c.obj
LOAD CMakeFiles/Test.elf.dir/User/vofa.c.obj
START GROUP
LOAD d:/stm32cubemx/gcc-arm-none-eabi-10.3-2021.10/bin/../lib/gcc/arm-none-eabi/10.3.1/thumb/v7e-m+fp/hard\libgcc.a
LOAD d:/stm32cubemx/gcc-arm-none-eabi-10.3-2021.10/bin/../lib/gcc/arm-none-eabi/10.3.1/../../../../arm-none-eabi/lib/thumb/v7e-m+fp/hard\libg.a
LOAD d:/stm32cubemx/gcc-arm-none-eabi-10.3-2021.10/bin/../lib/gcc/arm-none-eabi/10.3.1/../../../../arm-none-eabi/lib/thumb/v7e-m+fp/hard\libc.a
END GROUP
LOAD d:/stm32cubemx/gcc-arm-none-eabi-10.3-2021.10/bin/../lib/gcc/arm-none-eabi/10.3.1/thumb/v7e-m+fp/hard/crtend.o
LOAD d:/stm32cubemx/gcc-arm-none-eabi-10.3-2021.10/bin/../lib/gcc/arm-none-eabi/10.3.1/thumb/v7e-m+fp/hard/crtn.o
                0x20030000                _estack = (ORIGIN (RAM) + LENGTH (RAM))
                0x00000200                _Min_Heap_Size = 0x200
                0x00000400                _Min_Stack_Size = 0x400

.isr_vector     0x08000000      0x1ac
                0x08000000                . = ALIGN (0x4)
 *(.isr_vector)
 .isr_vector    0x08000000      0x1ac CMakeFiles/Test.elf.dir/Core/Startup/startup_stm32f427iihx.s.obj
                0x08000000                g_pfnVectors
                0x080001ac                . = ALIGN (0x4)

.text           0x080001c0     0xdb04
                0x080001c0                . = ALIGN (0x4)
 *(.text)
 .text          0x080001c0       0x40 d:/stm32cubemx/gcc-arm-none-eabi-10.3-2021.10/bin/../lib/gcc/arm-none-eabi/10.3.1/thumb/v7e-m+fp/hard/crtbegin.o
 .text          0x08000200      0x378 d:/stm32cubemx/gcc-arm-none-eabi-10.3-2021.10/bin/../lib/gcc/arm-none-eabi/10.3.1/thumb/v7e-m+fp/hard\libgcc.a(_arm_addsubdf3.o)
                0x08000200                __aeabi_drsub
                0x08000208                __aeabi_dsub
                0x08000208                __subdf3
                0x0800020c                __aeabi_dadd
                0x0800020c                __adddf3
                0x08000484                __floatunsidf
                0x08000484                __aeabi_ui2d
                0x080004a4                __floatsidf
                0x080004a4                __aeabi_i2d
                0x080004c8                __aeabi_f2d
                0x080004c8                __extendsfdf2
                0x0800050c                __floatundidf
                0x0800050c                __aeabi_ul2d
                0x0800051c                __floatdidf
                0x0800051c                __aeabi_l2d
 .text          0x08000578       0xa0 d:/stm32cubemx/gcc-arm-none-eabi-10.3-2021.10/bin/../lib/gcc/arm-none-eabi/10.3.1/thumb/v7e-m+fp/hard\libgcc.a(_arm_truncdfsf2.o)
                0x08000578                __truncdfsf2
                0x08000578                __aeabi_d2f
 .text          0x08000618       0x30 d:/stm32cubemx/gcc-arm-none-eabi-10.3-2021.10/bin/../lib/gcc/arm-none-eabi/10.3.1/thumb/v7e-m+fp/hard\libgcc.a(_aeabi_uldivmod.o)
                0x08000618                __aeabi_uldivmod
 .text          0x08000648      0x2d0 d:/stm32cubemx/gcc-arm-none-eabi-10.3-2021.10/bin/../lib/gcc/arm-none-eabi/10.3.1/thumb/v7e-m+fp/hard\libgcc.a(_udivmoddi4.o)
                0x08000648                __udivmoddi4
 .text          0x08000918        0x4 d:/stm32cubemx/gcc-arm-none-eabi-10.3-2021.10/bin/../lib/gcc/arm-none-eabi/10.3.1/thumb/v7e-m+fp/hard\libgcc.a(_dvmd_tls.o)
                0x08000918                __aeabi_idiv0
                0x08000918                __aeabi_ldiv0
 .text          0x0800091c      0x134 d:/stm32cubemx/gcc-arm-none-eabi-10.3-2021.10/bin/../lib/gcc/arm-none-eabi/10.3.1/../../../../arm-none-eabi/lib/thumb/v7e-m+fp/hard\libg.a(lib_a-memcpy.o)
                0x0800091c                memcpy
 .text          0x08000a50       0xa0 d:/stm32cubemx/gcc-arm-none-eabi-10.3-2021.10/bin/../lib/gcc/arm-none-eabi/10.3.1/../../../../arm-none-eabi/lib/thumb/v7e-m+fp/hard\libg.a(lib_a-memchr.o)
                0x08000a50                memchr
 *fill*         0x08000af0       0x10 
 .text          0x08000b00       0xdc d:/stm32cubemx/gcc-arm-none-eabi-10.3-2021.10/bin/../lib/gcc/arm-none-eabi/10.3.1/../../../../arm-none-eabi/lib/thumb/v7e-m+fp/hard\libg.a(lib_a-strlen.o)
                0x08000b00                strlen
 .text          0x08000bdc      0x424 d:/stm32cubemx/gcc-arm-none-eabi-10.3-2021.10/bin/../lib/gcc/arm-none-eabi/10.3.1/thumb/v7e-m+fp/hard\libgcc.a(_arm_muldivdf3.o)
                0x08000bdc                __aeabi_dmul
                0x08000bdc                __muldf3
                0x08000e30                __divdf3
                0x08000e30                __aeabi_ddiv
 .text          0x08001000      0x110 d:/stm32cubemx/gcc-arm-none-eabi-10.3-2021.10/bin/../lib/gcc/arm-none-eabi/10.3.1/thumb/v7e-m+fp/hard\libgcc.a(_arm_cmpdf2.o)
                0x08001000                __gtdf2
                0x08001000                __gedf2
                0x08001008                __ltdf2
                0x08001008                __ledf2
                0x08001010                __nedf2
                0x08001010                __eqdf2
                0x08001010                __cmpdf2
                0x0800108c                __aeabi_cdrcmple
                0x0800109c                __aeabi_cdcmpeq
                0x0800109c                __aeabi_cdcmple
                0x080010ac                __aeabi_dcmpeq
                0x080010c0                __aeabi_dcmplt
                0x080010d4                __aeabi_dcmple
                0x080010e8                __aeabi_dcmpge
                0x080010fc                __aeabi_dcmpgt
 .text          0x08001110       0x2c d:/stm32cubemx/gcc-arm-none-eabi-10.3-2021.10/bin/../lib/gcc/arm-none-eabi/10.3.1/thumb/v7e-m+fp/hard\libgcc.a(_arm_unorddf2.o)
                0x08001110                __unorddf2
                0x08001110                __aeabi_dcmpun
 .text          0x0800113c       0x50 d:/stm32cubemx/gcc-arm-none-eabi-10.3-2021.10/bin/../lib/gcc/arm-none-eabi/10.3.1/thumb/v7e-m+fp/hard\libgcc.a(_arm_fixdfsi.o)
                0x0800113c                __aeabi_d2iz
                0x0800113c                __fixdfsi
 .text          0x0800118c       0x40 d:/stm32cubemx/gcc-arm-none-eabi-10.3-2021.10/bin/../lib/gcc/arm-none-eabi/10.3.1/thumb/v7e-m+fp/hard\libgcc.a(_arm_fixunsdfsi.o)
                0x0800118c                __aeabi_d2uiz
                0x0800118c                __fixunsdfsi
 .text          0x080011cc       0x30 d:/stm32cubemx/gcc-arm-none-eabi-10.3-2021.10/bin/../lib/gcc/arm-none-eabi/10.3.1/thumb/v7e-m+fp/hard\libgcc.a(_fixdfdi.o)
                0x080011cc                __fixdfdi
                0x080011cc                __aeabi_d2lz
 .text          0x080011fc       0x3c d:/stm32cubemx/gcc-arm-none-eabi-10.3-2021.10/bin/../lib/gcc/arm-none-eabi/10.3.1/thumb/v7e-m+fp/hard\libgcc.a(_fixunsdfdi.o)
                0x080011fc                __fixunsdfdi
                0x080011fc                __aeabi_d2ulz
 *(.text*)
 .text.MX_CAN1_Init
                0x08001238       0x40 CMakeFiles/Test.elf.dir/Core/Src/can.c.obj
                0x08001238                MX_CAN1_Init
 .text.HAL_CAN_MspInit
                0x08001278       0x7c CMakeFiles/Test.elf.dir/Core/Src/can.c.obj
                0x08001278                HAL_CAN_MspInit
 .text.CAN_FilterInit
                0x080012f4       0x38 CMakeFiles/Test.elf.dir/Core/Src/can.c.obj
                0x080012f4                CAN_FilterInit
 .text.CAN_Init
                0x0800132c       0x1c CMakeFiles/Test.elf.dir/Core/Src/can.c.obj
                0x0800132c                CAN_Init
 .text.HAL_CAN_RxFifo0MsgPendingCallback
                0x08001348       0x4c CMakeFiles/Test.elf.dir/Core/Src/can.c.obj
                0x08001348                HAL_CAN_RxFifo0MsgPendingCallback
 .text.CAN_DriverInit
                0x08001394       0x14 CMakeFiles/Test.elf.dir/Core/Src/can.c.obj
                0x08001394                CAN_DriverInit
 .text.MX_DMA_Init
                0x080013a8       0x44 CMakeFiles/Test.elf.dir/Core/Src/dma.c.obj
                0x080013a8                MX_DMA_Init
 .text.StartDefaultTask
                0x080013ec       0x18 CMakeFiles/Test.elf.dir/Core/Src/freertos.c.obj
                0x080013ec                StartDefaultTask
 .text.LED_Task
                0x08001404       0x4c CMakeFiles/Test.elf.dir/Core/Src/freertos.c.obj
                0x08001404                LED_Task
 .text.myTimer_Callback
                0x08001450       0x54 CMakeFiles/Test.elf.dir/Core/Src/freertos.c.obj
                0x08001450                myTimer_Callback
 .text.MX_FREERTOS_Init
                0x080014a4       0x54 CMakeFiles/Test.elf.dir/Core/Src/freertos.c.obj
                0x080014a4                MX_FREERTOS_Init
 .text.MX_GPIO_Init
                0x080014f8       0xb8 CMakeFiles/Test.elf.dir/Core/Src/gpio.c.obj
                0x080014f8                MX_GPIO_Init
 .text.HAL_TIM_PeriodElapsedCallback
                0x080015b0       0x18 CMakeFiles/Test.elf.dir/Core/Src/main.c.obj
                0x080015b0                HAL_TIM_PeriodElapsedCallback
 .text.Error_Handler
                0x080015c8        0x4 CMakeFiles/Test.elf.dir/Core/Src/main.c.obj
                0x080015c8                Error_Handler
 .text.SystemClock_Config
                0x080015cc       0xa8 CMakeFiles/Test.elf.dir/Core/Src/main.c.obj
                0x080015cc                SystemClock_Config
 .text.main     0x08001674       0x30 CMakeFiles/Test.elf.dir/Core/Src/main.c.obj
                0x08001674                main
 .text.HAL_MspInit
                0x080016a4       0x44 CMakeFiles/Test.elf.dir/Core/Src/stm32f4xx_hal_msp.c.obj
                0x080016a4                HAL_MspInit
 .text.HAL_InitTick
                0x080016e8       0x98 CMakeFiles/Test.elf.dir/Core/Src/stm32f4xx_hal_timebase_tim.c.obj
                0x080016e8                HAL_InitTick
 .text.NMI_Handler
                0x08001780        0x2 CMakeFiles/Test.elf.dir/Core/Src/stm32f4xx_it.c.obj
                0x08001780                NMI_Handler
 .text.HardFault_Handler
                0x08001782        0x2 CMakeFiles/Test.elf.dir/Core/Src/stm32f4xx_it.c.obj
                0x08001782                HardFault_Handler
 .text.MemManage_Handler
                0x08001784        0x2 CMakeFiles/Test.elf.dir/Core/Src/stm32f4xx_it.c.obj
                0x08001784                MemManage_Handler
 .text.BusFault_Handler
                0x08001786        0x2 CMakeFiles/Test.elf.dir/Core/Src/stm32f4xx_it.c.obj
                0x08001786                BusFault_Handler
 .text.UsageFault_Handler
                0x08001788        0x2 CMakeFiles/Test.elf.dir/Core/Src/stm32f4xx_it.c.obj
                0x08001788                UsageFault_Handler
 .text.DebugMon_Handler
                0x0800178a        0x2 CMakeFiles/Test.elf.dir/Core/Src/stm32f4xx_it.c.obj
                0x0800178a                DebugMon_Handler
 .text.DMA1_Stream0_IRQHandler
                0x0800178c       0x10 CMakeFiles/Test.elf.dir/Core/Src/stm32f4xx_it.c.obj
                0x0800178c                DMA1_Stream0_IRQHandler
 .text.DMA1_Stream6_IRQHandler
                0x0800179c       0x10 CMakeFiles/Test.elf.dir/Core/Src/stm32f4xx_it.c.obj
                0x0800179c                DMA1_Stream6_IRQHandler
 .text.CAN1_RX0_IRQHandler
                0x080017ac       0x10 CMakeFiles/Test.elf.dir/Core/Src/stm32f4xx_it.c.obj
                0x080017ac                CAN1_RX0_IRQHandler
 .text.TIM1_UP_TIM10_IRQHandler
                0x080017bc       0x10 CMakeFiles/Test.elf.dir/Core/Src/stm32f4xx_it.c.obj
                0x080017bc                TIM1_UP_TIM10_IRQHandler
 .text.UART8_IRQHandler
                0x080017cc       0x58 CMakeFiles/Test.elf.dir/Core/Src/stm32f4xx_it.c.obj
                0x080017cc                UART8_IRQHandler
 .text._getpid  0x08001824        0x4 CMakeFiles/Test.elf.dir/Core/Src/syscalls.c.obj
                0x08001824                _getpid
 .text._kill    0x08001828       0x10 CMakeFiles/Test.elf.dir/Core/Src/syscalls.c.obj
                0x08001828                _kill
 .text._exit    0x08001838        0xc CMakeFiles/Test.elf.dir/Core/Src/syscalls.c.obj
                0x08001838                _exit
 .text._read    0x08001844       0x20 CMakeFiles/Test.elf.dir/Core/Src/syscalls.c.obj
                0x08001844                _read
 .text._write   0x08001864       0x1c CMakeFiles/Test.elf.dir/Core/Src/syscalls.c.obj
                0x08001864                _write
 .text._close   0x08001880        0x6 CMakeFiles/Test.elf.dir/Core/Src/syscalls.c.obj
                0x08001880                _close
 .text._fstat   0x08001886        0xa CMakeFiles/Test.elf.dir/Core/Src/syscalls.c.obj
                0x08001886                _fstat
 .text._isatty  0x08001890        0x4 CMakeFiles/Test.elf.dir/Core/Src/syscalls.c.obj
                0x08001890                _isatty
 .text._lseek   0x08001894        0x4 CMakeFiles/Test.elf.dir/Core/Src/syscalls.c.obj
                0x08001894                _lseek
 .text._sbrk    0x08001898       0x48 CMakeFiles/Test.elf.dir/Core/Src/sysmem.c.obj
                0x08001898                _sbrk
 .text.SystemInit
                0x080018e0       0x14 CMakeFiles/Test.elf.dir/Core/Src/system_stm32f4xx.c.obj
                0x080018e0                SystemInit
 .text.__io_putchar
                0x080018f4       0x20 CMakeFiles/Test.elf.dir/Core/Src/usart.c.obj
                0x080018f4                __io_putchar
 .text.MX_UART8_Init
                0x08001914       0x4c CMakeFiles/Test.elf.dir/Core/Src/usart.c.obj
                0x08001914                MX_UART8_Init
 .text.HAL_UART_MspInit
                0x08001960       0xf4 CMakeFiles/Test.elf.dir/Core/Src/usart.c.obj
                0x08001960                HAL_UART_MspInit
 .text.Reset_Handler
                0x08001a54       0x50 CMakeFiles/Test.elf.dir/Core/Startup/startup_stm32f427iihx.s.obj
                0x08001a54                Reset_Handler
 .text.Default_Handler
                0x08001aa4        0x2 CMakeFiles/Test.elf.dir/Core/Startup/startup_stm32f427iihx.s.obj
                0x08001aa4                RTC_Alarm_IRQHandler
                0x08001aa4                HASH_RNG_IRQHandler
                0x08001aa4                EXTI2_IRQHandler
                0x08001aa4                TIM8_CC_IRQHandler
                0x08001aa4                SPI4_IRQHandler
                0x08001aa4                TIM1_CC_IRQHandler
                0x08001aa4                DMA2_Stream5_IRQHandler
                0x08001aa4                DMA1_Stream5_IRQHandler
                0x08001aa4                PVD_IRQHandler
                0x08001aa4                SDIO_IRQHandler
                0x08001aa4                TAMP_STAMP_IRQHandler
                0x08001aa4                CAN2_RX1_IRQHandler
                0x08001aa4                EXTI3_IRQHandler
                0x08001aa4                TIM8_TRG_COM_TIM14_IRQHandler
                0x08001aa4                TIM8_UP_TIM13_IRQHandler
                0x08001aa4                I2C3_ER_IRQHandler
                0x08001aa4                EXTI0_IRQHandler
                0x08001aa4                I2C2_EV_IRQHandler
                0x08001aa4                DMA1_Stream2_IRQHandler
                0x08001aa4                FPU_IRQHandler
                0x08001aa4                OTG_HS_WKUP_IRQHandler
                0x08001aa4                CAN2_SCE_IRQHandler
                0x08001aa4                DMA2_Stream2_IRQHandler
                0x08001aa4                SPI1_IRQHandler
                0x08001aa4                TIM6_DAC_IRQHandler
                0x08001aa4                TIM1_BRK_TIM9_IRQHandler
                0x08001aa4                DCMI_IRQHandler
                0x08001aa4                CAN2_RX0_IRQHandler
                0x08001aa4                DMA2_Stream3_IRQHandler
                0x08001aa4                USART6_IRQHandler
                0x08001aa4                USART3_IRQHandler
                0x08001aa4                CAN1_RX1_IRQHandler
                0x08001aa4                UART5_IRQHandler
                0x08001aa4                DMA2_Stream0_IRQHandler
                0x08001aa4                TIM4_IRQHandler
                0x08001aa4                I2C1_EV_IRQHandler
                0x08001aa4                DMA1_Stream1_IRQHandler
                0x08001aa4                UART4_IRQHandler
                0x08001aa4                TIM3_IRQHandler
                0x08001aa4                RCC_IRQHandler
                0x08001aa4                TIM8_BRK_TIM12_IRQHandler
                0x08001aa4                Default_Handler
                0x08001aa4                EXTI15_10_IRQHandler
                0x08001aa4                ADC_IRQHandler
                0x08001aa4                DMA1_Stream7_IRQHandler
                0x08001aa4                SPI5_IRQHandler
                0x08001aa4                TIM7_IRQHandler
                0x08001aa4                CAN2_TX_IRQHandler
                0x08001aa4                TIM5_IRQHandler
                0x08001aa4                DMA2_Stream7_IRQHandler
                0x08001aa4                I2C3_EV_IRQHandler
                0x08001aa4                EXTI9_5_IRQHandler
                0x08001aa4                RTC_WKUP_IRQHandler
                0x08001aa4                ETH_WKUP_IRQHandler
                0x08001aa4                SPI2_IRQHandler
                0x08001aa4                OTG_HS_EP1_IN_IRQHandler
                0x08001aa4                CAN1_TX_IRQHandler
                0x08001aa4                EXTI4_IRQHandler
                0x08001aa4                ETH_IRQHandler
                0x08001aa4                OTG_HS_EP1_OUT_IRQHandler
                0x08001aa4                WWDG_IRQHandler
                0x08001aa4                SPI6_IRQHandler
                0x08001aa4                TIM2_IRQHandler
                0x08001aa4                OTG_FS_WKUP_IRQHandler
                0x08001aa4                TIM1_TRG_COM_TIM11_IRQHandler
                0x08001aa4                OTG_HS_IRQHandler
                0x08001aa4                DMA2D_IRQHandler
                0x08001aa4                EXTI1_IRQHandler
                0x08001aa4                UART7_IRQHandler
                0x08001aa4                USART2_IRQHandler
                0x08001aa4                I2C2_ER_IRQHandler
                0x08001aa4                DMA2_Stream1_IRQHandler
                0x08001aa4                CAN1_SCE_IRQHandler
                0x08001aa4                FLASH_IRQHandler
                0x08001aa4                DMA2_Stream4_IRQHandler
                0x08001aa4                USART1_IRQHandler
                0x08001aa4                OTG_FS_IRQHandler
                0x08001aa4                SPI3_IRQHandler
                0x08001aa4                DMA1_Stream4_IRQHandler
                0x08001aa4                I2C1_ER_IRQHandler
                0x08001aa4                FMC_IRQHandler
                0x08001aa4                DMA2_Stream6_IRQHandler
                0x08001aa4                SAI1_IRQHandler
                0x08001aa4                DMA1_Stream3_IRQHandler
 *fill*         0x08001aa6        0x2 
 .text.HAL_Init
                0x08001aa8       0x34 CMakeFiles/Test.elf.dir/Drivers/STM32F4xx_HAL_Driver/Src/stm32f4xx_hal.c.obj
                0x08001aa8                HAL_Init
 .text.HAL_IncTick
                0x08001adc       0x18 CMakeFiles/Test.elf.dir/Drivers/STM32F4xx_HAL_Driver/Src/stm32f4xx_hal.c.obj
                0x08001adc                HAL_IncTick
 .text.HAL_GetTick
                0x08001af4        0xc CMakeFiles/Test.elf.dir/Drivers/STM32F4xx_HAL_Driver/Src/stm32f4xx_hal.c.obj
                0x08001af4                HAL_GetTick
 .text.HAL_CAN_Init
                0x08001b00      0x14c CMakeFiles/Test.elf.dir/Drivers/STM32F4xx_HAL_Driver/Src/stm32f4xx_hal_can.c.obj
                0x08001b00                HAL_CAN_Init
 .text.HAL_CAN_ConfigFilter
                0x08001c4c      0x138 CMakeFiles/Test.elf.dir/Drivers/STM32F4xx_HAL_Driver/Src/stm32f4xx_hal_can.c.obj
                0x08001c4c                HAL_CAN_ConfigFilter
 .text.HAL_CAN_Start
                0x08001d84       0x5c CMakeFiles/Test.elf.dir/Drivers/STM32F4xx_HAL_Driver/Src/stm32f4xx_hal_can.c.obj
                0x08001d84                HAL_CAN_Start
 .text.HAL_CAN_AddTxMessage
                0x08001de0       0xfc CMakeFiles/Test.elf.dir/Drivers/STM32F4xx_HAL_Driver/Src/stm32f4xx_hal_can.c.obj
                0x08001de0                HAL_CAN_AddTxMessage
 .text.HAL_CAN_GetRxMessage
                0x08001edc      0x14a CMakeFiles/Test.elf.dir/Drivers/STM32F4xx_HAL_Driver/Src/stm32f4xx_hal_can.c.obj
                0x08001edc                HAL_CAN_GetRxMessage
 .text.HAL_CAN_ActivateNotification
                0x08002026       0x24 CMakeFiles/Test.elf.dir/Drivers/STM32F4xx_HAL_Driver/Src/stm32f4xx_hal_can.c.obj
                0x08002026                HAL_CAN_ActivateNotification
 .text.HAL_CAN_TxMailbox0CompleteCallback
                0x0800204a        0x2 CMakeFiles/Test.elf.dir/Drivers/STM32F4xx_HAL_Driver/Src/stm32f4xx_hal_can.c.obj
                0x0800204a                HAL_CAN_TxMailbox0CompleteCallback
 .text.HAL_CAN_TxMailbox1CompleteCallback
                0x0800204c        0x2 CMakeFiles/Test.elf.dir/Drivers/STM32F4xx_HAL_Driver/Src/stm32f4xx_hal_can.c.obj
                0x0800204c                HAL_CAN_TxMailbox1CompleteCallback
 .text.HAL_CAN_TxMailbox2CompleteCallback
                0x0800204e        0x2 CMakeFiles/Test.elf.dir/Drivers/STM32F4xx_HAL_Driver/Src/stm32f4xx_hal_can.c.obj
                0x0800204e                HAL_CAN_TxMailbox2CompleteCallback
 .text.HAL_CAN_TxMailbox0AbortCallback
                0x08002050        0x2 CMakeFiles/Test.elf.dir/Drivers/STM32F4xx_HAL_Driver/Src/stm32f4xx_hal_can.c.obj
                0x08002050                HAL_CAN_TxMailbox0AbortCallback
 .text.HAL_CAN_TxMailbox1AbortCallback
                0x08002052        0x2 CMakeFiles/Test.elf.dir/Drivers/STM32F4xx_HAL_Driver/Src/stm32f4xx_hal_can.c.obj
                0x08002052                HAL_CAN_TxMailbox1AbortCallback
 .text.HAL_CAN_TxMailbox2AbortCallback
                0x08002054        0x2 CMakeFiles/Test.elf.dir/Drivers/STM32F4xx_HAL_Driver/Src/stm32f4xx_hal_can.c.obj
                0x08002054                HAL_CAN_TxMailbox2AbortCallback
 .text.HAL_CAN_RxFifo0FullCallback
                0x08002056        0x2 CMakeFiles/Test.elf.dir/Drivers/STM32F4xx_HAL_Driver/Src/stm32f4xx_hal_can.c.obj
                0x08002056                HAL_CAN_RxFifo0FullCallback
 .text.HAL_CAN_RxFifo1MsgPendingCallback
                0x08002058        0x2 CMakeFiles/Test.elf.dir/Drivers/STM32F4xx_HAL_Driver/Src/stm32f4xx_hal_can.c.obj
                0x08002058                HAL_CAN_RxFifo1MsgPendingCallback
 .text.HAL_CAN_RxFifo1FullCallback
                0x0800205a        0x2 CMakeFiles/Test.elf.dir/Drivers/STM32F4xx_HAL_Driver/Src/stm32f4xx_hal_can.c.obj
                0x0800205a                HAL_CAN_RxFifo1FullCallback
 .text.HAL_CAN_SleepCallback
                0x0800205c        0x2 CMakeFiles/Test.elf.dir/Drivers/STM32F4xx_HAL_Driver/Src/stm32f4xx_hal_can.c.obj
                0x0800205c                HAL_CAN_SleepCallback
 .text.HAL_CAN_WakeUpFromRxMsgCallback
                0x0800205e        0x2 CMakeFiles/Test.elf.dir/Drivers/STM32F4xx_HAL_Driver/Src/stm32f4xx_hal_can.c.obj
                0x0800205e                HAL_CAN_WakeUpFromRxMsgCallback
 .text.HAL_CAN_ErrorCallback
                0x08002060        0x2 CMakeFiles/Test.elf.dir/Drivers/STM32F4xx_HAL_Driver/Src/stm32f4xx_hal_can.c.obj
                0x08002060                HAL_CAN_ErrorCallback
 .text.HAL_CAN_IRQHandler
                0x08002062      0x24a CMakeFiles/Test.elf.dir/Drivers/STM32F4xx_HAL_Driver/Src/stm32f4xx_hal_can.c.obj
                0x08002062                HAL_CAN_IRQHandler
 .text.HAL_NVIC_SetPriorityGrouping
                0x080022ac       0x24 CMakeFiles/Test.elf.dir/Drivers/STM32F4xx_HAL_Driver/Src/stm32f4xx_hal_cortex.c.obj
                0x080022ac                HAL_NVIC_SetPriorityGrouping
 .text.HAL_NVIC_SetPriority
                0x080022d0       0x70 CMakeFiles/Test.elf.dir/Drivers/STM32F4xx_HAL_Driver/Src/stm32f4xx_hal_cortex.c.obj
                0x080022d0                HAL_NVIC_SetPriority
 .text.HAL_NVIC_EnableIRQ
                0x08002340       0x1c CMakeFiles/Test.elf.dir/Drivers/STM32F4xx_HAL_Driver/Src/stm32f4xx_hal_cortex.c.obj
                0x08002340                HAL_NVIC_EnableIRQ
 .text.DMA_SetConfig
                0x0800235c       0x2c CMakeFiles/Test.elf.dir/Drivers/STM32F4xx_HAL_Driver/Src/stm32f4xx_hal_dma.c.obj
 .text.DMA_CalcBaseAndBitshift
                0x08002388       0x44 CMakeFiles/Test.elf.dir/Drivers/STM32F4xx_HAL_Driver/Src/stm32f4xx_hal_dma.c.obj
 .text.DMA_CheckFifoParam
                0x080023cc       0x8e CMakeFiles/Test.elf.dir/Drivers/STM32F4xx_HAL_Driver/Src/stm32f4xx_hal_dma.c.obj
 *fill*         0x0800245a        0x2 
 .text.HAL_DMA_Init
                0x0800245c       0xcc CMakeFiles/Test.elf.dir/Drivers/STM32F4xx_HAL_Driver/Src/stm32f4xx_hal_dma.c.obj
                0x0800245c                HAL_DMA_Init
 .text.HAL_DMA_Start_IT
                0x08002528       0x6a CMakeFiles/Test.elf.dir/Drivers/STM32F4xx_HAL_Driver/Src/stm32f4xx_hal_dma.c.obj
                0x08002528                HAL_DMA_Start_IT
 .text.HAL_DMA_Abort
                0x08002592       0x94 CMakeFiles/Test.elf.dir/Drivers/STM32F4xx_HAL_Driver/Src/stm32f4xx_hal_dma.c.obj
                0x08002592                HAL_DMA_Abort
 .text.HAL_DMA_Abort_IT
                0x08002626       0x26 CMakeFiles/Test.elf.dir/Drivers/STM32F4xx_HAL_Driver/Src/stm32f4xx_hal_dma.c.obj
                0x08002626                HAL_DMA_Abort_IT
 .text.HAL_DMA_IRQHandler
                0x0800264c      0x1dc CMakeFiles/Test.elf.dir/Drivers/STM32F4xx_HAL_Driver/Src/stm32f4xx_hal_dma.c.obj
                0x0800264c                HAL_DMA_IRQHandler
 .text.HAL_GPIO_Init
                0x08002828      0x1fc CMakeFiles/Test.elf.dir/Drivers/STM32F4xx_HAL_Driver/Src/stm32f4xx_hal_gpio.c.obj
                0x08002828                HAL_GPIO_Init
 .text.HAL_GPIO_WritePin
                0x08002a24        0xc CMakeFiles/Test.elf.dir/Drivers/STM32F4xx_HAL_Driver/Src/stm32f4xx_hal_gpio.c.obj
                0x08002a24                HAL_GPIO_WritePin
 .text.HAL_GPIO_TogglePin
                0x08002a30       0x12 CMakeFiles/Test.elf.dir/Drivers/STM32F4xx_HAL_Driver/Src/stm32f4xx_hal_gpio.c.obj
                0x08002a30                HAL_GPIO_TogglePin
 *fill*         0x08002a42        0x2 
 .text.HAL_RCC_OscConfig
                0x08002a44      0x3f8 CMakeFiles/Test.elf.dir/Drivers/STM32F4xx_HAL_Driver/Src/stm32f4xx_hal_rcc.c.obj
                0x08002a44                HAL_RCC_OscConfig
 .text.HAL_RCC_GetSysClockFreq
                0x08002e3c       0xa4 CMakeFiles/Test.elf.dir/Drivers/STM32F4xx_HAL_Driver/Src/stm32f4xx_hal_rcc.c.obj
                0x08002e3c                HAL_RCC_GetSysClockFreq
 .text.HAL_RCC_ClockConfig
                0x08002ee0      0x160 CMakeFiles/Test.elf.dir/Drivers/STM32F4xx_HAL_Driver/Src/stm32f4xx_hal_rcc.c.obj
                0x08002ee0                HAL_RCC_ClockConfig
 .text.HAL_RCC_GetHCLKFreq
                0x08003040        0xc CMakeFiles/Test.elf.dir/Drivers/STM32F4xx_HAL_Driver/Src/stm32f4xx_hal_rcc.c.obj
                0x08003040                HAL_RCC_GetHCLKFreq
 .text.HAL_RCC_GetPCLK1Freq
                0x0800304c       0x20 CMakeFiles/Test.elf.dir/Drivers/STM32F4xx_HAL_Driver/Src/stm32f4xx_hal_rcc.c.obj
                0x0800304c                HAL_RCC_GetPCLK1Freq
 .text.HAL_RCC_GetPCLK2Freq
                0x0800306c       0x20 CMakeFiles/Test.elf.dir/Drivers/STM32F4xx_HAL_Driver/Src/stm32f4xx_hal_rcc.c.obj
                0x0800306c                HAL_RCC_GetPCLK2Freq
 .text.HAL_RCC_GetClockConfig
                0x0800308c       0x3c CMakeFiles/Test.elf.dir/Drivers/STM32F4xx_HAL_Driver/Src/stm32f4xx_hal_rcc.c.obj
                0x0800308c                HAL_RCC_GetClockConfig
 .text.HAL_TIM_Base_MspInit
                0x080030c8        0x2 CMakeFiles/Test.elf.dir/Drivers/STM32F4xx_HAL_Driver/Src/stm32f4xx_hal_tim.c.obj
                0x080030c8                HAL_TIM_Base_MspInit
 *fill*         0x080030ca        0x2 
 .text.HAL_TIM_Base_Start_IT
                0x080030cc       0x88 CMakeFiles/Test.elf.dir/Drivers/STM32F4xx_HAL_Driver/Src/stm32f4xx_hal_tim.c.obj
                0x080030cc                HAL_TIM_Base_Start_IT
 .text.HAL_TIM_OC_DelayElapsedCallback
                0x08003154        0x2 CMakeFiles/Test.elf.dir/Drivers/STM32F4xx_HAL_Driver/Src/stm32f4xx_hal_tim.c.obj
                0x08003154                HAL_TIM_OC_DelayElapsedCallback
 .text.HAL_TIM_IC_CaptureCallback
                0x08003156        0x2 CMakeFiles/Test.elf.dir/Drivers/STM32F4xx_HAL_Driver/Src/stm32f4xx_hal_tim.c.obj
                0x08003156                HAL_TIM_IC_CaptureCallback
 .text.HAL_TIM_PWM_PulseFinishedCallback
                0x08003158        0x2 CMakeFiles/Test.elf.dir/Drivers/STM32F4xx_HAL_Driver/Src/stm32f4xx_hal_tim.c.obj
                0x08003158                HAL_TIM_PWM_PulseFinishedCallback
 .text.HAL_TIM_TriggerCallback
                0x0800315a        0x2 CMakeFiles/Test.elf.dir/Drivers/STM32F4xx_HAL_Driver/Src/stm32f4xx_hal_tim.c.obj
                0x0800315a                HAL_TIM_TriggerCallback
 .text.HAL_TIM_IRQHandler
                0x0800315c      0x17a CMakeFiles/Test.elf.dir/Drivers/STM32F4xx_HAL_Driver/Src/stm32f4xx_hal_tim.c.obj
                0x0800315c                HAL_TIM_IRQHandler
 *fill*         0x080032d6        0x2 
 .text.TIM_Base_SetConfig
                0x080032d8       0xc8 CMakeFiles/Test.elf.dir/Drivers/STM32F4xx_HAL_Driver/Src/stm32f4xx_hal_tim.c.obj
                0x080032d8                TIM_Base_SetConfig
 .text.HAL_TIM_Base_Init
                0x080033a0       0x58 CMakeFiles/Test.elf.dir/Drivers/STM32F4xx_HAL_Driver/Src/stm32f4xx_hal_tim.c.obj
                0x080033a0                HAL_TIM_Base_Init
 .text.HAL_TIMEx_CommutCallback
                0x080033f8        0x2 CMakeFiles/Test.elf.dir/Drivers/STM32F4xx_HAL_Driver/Src/stm32f4xx_hal_tim_ex.c.obj
                0x080033f8                HAL_TIMEx_CommutCallback
 .text.HAL_TIMEx_BreakCallback
                0x080033fa        0x2 CMakeFiles/Test.elf.dir/Drivers/STM32F4xx_HAL_Driver/Src/stm32f4xx_hal_tim_ex.c.obj
                0x080033fa                HAL_TIMEx_BreakCallback
 .text.UART_EndTxTransfer
                0x080033fc       0x20 CMakeFiles/Test.elf.dir/Drivers/STM32F4xx_HAL_Driver/Src/stm32f4xx_hal_uart.c.obj
 .text.UART_EndRxTransfer
                0x0800341c       0x5c CMakeFiles/Test.elf.dir/Drivers/STM32F4xx_HAL_Driver/Src/stm32f4xx_hal_uart.c.obj
 .text.UART_Transmit_IT
                0x08003478       0x60 CMakeFiles/Test.elf.dir/Drivers/STM32F4xx_HAL_Driver/Src/stm32f4xx_hal_uart.c.obj
 .text.UART_SetConfig
                0x080034d8      0x110 CMakeFiles/Test.elf.dir/Drivers/STM32F4xx_HAL_Driver/Src/stm32f4xx_hal_uart.c.obj
 .text.UART_WaitOnFlagUntilTimeout
                0x080035e8       0x88 CMakeFiles/Test.elf.dir/Drivers/STM32F4xx_HAL_Driver/Src/stm32f4xx_hal_uart.c.obj
 .text.HAL_UART_Init
                0x08003670       0x5e CMakeFiles/Test.elf.dir/Drivers/STM32F4xx_HAL_Driver/Src/stm32f4xx_hal_uart.c.obj
                0x08003670                HAL_UART_Init
 .text.HAL_UART_Transmit
                0x080036ce       0xd8 CMakeFiles/Test.elf.dir/Drivers/STM32F4xx_HAL_Driver/Src/stm32f4xx_hal_uart.c.obj
                0x080036ce                HAL_UART_Transmit
 .text.HAL_UART_DMAStop
                0x080037a6       0x84 CMakeFiles/Test.elf.dir/Drivers/STM32F4xx_HAL_Driver/Src/stm32f4xx_hal_uart.c.obj
                0x080037a6                HAL_UART_DMAStop
 .text.HAL_UART_TxCpltCallback
                0x0800382a        0x2 CMakeFiles/Test.elf.dir/Drivers/STM32F4xx_HAL_Driver/Src/stm32f4xx_hal_uart.c.obj
                0x0800382a                HAL_UART_TxCpltCallback
 .text.UART_EndTransmit_IT
                0x0800382c       0x1a CMakeFiles/Test.elf.dir/Drivers/STM32F4xx_HAL_Driver/Src/stm32f4xx_hal_uart.c.obj
 .text.HAL_UART_RxCpltCallback
                0x08003846        0x2 CMakeFiles/Test.elf.dir/Drivers/STM32F4xx_HAL_Driver/Src/stm32f4xx_hal_uart.c.obj
                0x08003846                HAL_UART_RxCpltCallback
 .text.HAL_UART_RxHalfCpltCallback
                0x08003848        0x2 CMakeFiles/Test.elf.dir/Drivers/STM32F4xx_HAL_Driver/Src/stm32f4xx_hal_uart.c.obj
                0x08003848                HAL_UART_RxHalfCpltCallback
 .text.HAL_UART_ErrorCallback
                0x0800384a        0x2 CMakeFiles/Test.elf.dir/Drivers/STM32F4xx_HAL_Driver/Src/stm32f4xx_hal_uart.c.obj
                0x0800384a                HAL_UART_ErrorCallback
 .text.UART_DMAError
                0x0800384c       0x58 CMakeFiles/Test.elf.dir/Drivers/STM32F4xx_HAL_Driver/Src/stm32f4xx_hal_uart.c.obj
 .text.UART_DMAAbortOnError
                0x080038a4       0x10 CMakeFiles/Test.elf.dir/Drivers/STM32F4xx_HAL_Driver/Src/stm32f4xx_hal_uart.c.obj
 .text.HAL_UARTEx_RxEventCallback
                0x080038b4        0x2 CMakeFiles/Test.elf.dir/Drivers/STM32F4xx_HAL_Driver/Src/stm32f4xx_hal_uart.c.obj
                0x080038b4                HAL_UARTEx_RxEventCallback
 .text.UART_Receive_IT
                0x080038b6       0xe2 CMakeFiles/Test.elf.dir/Drivers/STM32F4xx_HAL_Driver/Src/stm32f4xx_hal_uart.c.obj
 .text.HAL_UART_IRQHandler
                0x08003998      0x280 CMakeFiles/Test.elf.dir/Drivers/STM32F4xx_HAL_Driver/Src/stm32f4xx_hal_uart.c.obj
                0x08003998                HAL_UART_IRQHandler
 .text.UART_DMARxHalfCplt
                0x08003c18       0x1a CMakeFiles/Test.elf.dir/Drivers/STM32F4xx_HAL_Driver/Src/stm32f4xx_hal_uart.c.obj
 .text.UART_DMAReceiveCplt
                0x08003c32       0x96 CMakeFiles/Test.elf.dir/Drivers/STM32F4xx_HAL_Driver/Src/stm32f4xx_hal_uart.c.obj
 .text.UART_Start_Receive_DMA
                0x08003cc8       0xa8 CMakeFiles/Test.elf.dir/Drivers/STM32F4xx_HAL_Driver/Src/stm32f4xx_hal_uart.c.obj
                0x08003cc8                UART_Start_Receive_DMA
 .text.HAL_UART_Receive_DMA
                0x08003d70       0x38 CMakeFiles/Test.elf.dir/Drivers/STM32F4xx_HAL_Driver/Src/stm32f4xx_hal_uart.c.obj
                0x08003d70                HAL_UART_Receive_DMA
 .text.TimerCallback
                0x08003da8       0x10 CMakeFiles/Test.elf.dir/Middlewares/Third_Party/FreeRTOS/Source/CMSIS_RTOS_V2/cmsis_os2.c.obj
 .text.SysTick_Handler
                0x08003db8       0x18 CMakeFiles/Test.elf.dir/Middlewares/Third_Party/FreeRTOS/Source/CMSIS_RTOS_V2/cmsis_os2.c.obj
                0x08003db8                SysTick_Handler
 .text.osKernelInitialize
                0x08003dd0       0x24 CMakeFiles/Test.elf.dir/Middlewares/Third_Party/FreeRTOS/Source/CMSIS_RTOS_V2/cmsis_os2.c.obj
                0x08003dd0                osKernelInitialize
 .text.osKernelStart
                0x08003df4       0x38 CMakeFiles/Test.elf.dir/Middlewares/Third_Party/FreeRTOS/Source/CMSIS_RTOS_V2/cmsis_os2.c.obj
                0x08003df4                osKernelStart
 .text.osThreadNew
                0x08003e2c       0xbc CMakeFiles/Test.elf.dir/Middlewares/Third_Party/FreeRTOS/Source/CMSIS_RTOS_V2/cmsis_os2.c.obj
                0x08003e2c                osThreadNew
 .text.osDelay  0x08003ee8       0x1c CMakeFiles/Test.elf.dir/Middlewares/Third_Party/FreeRTOS/Source/CMSIS_RTOS_V2/cmsis_os2.c.obj
                0x08003ee8                osDelay
 .text.osTimerNew
                0x08003f04       0xa8 CMakeFiles/Test.elf.dir/Middlewares/Third_Party/FreeRTOS/Source/CMSIS_RTOS_V2/cmsis_os2.c.obj
                0x08003f04                osTimerNew
 .text.osTimerStart
                0x08003fac       0x34 CMakeFiles/Test.elf.dir/Middlewares/Third_Party/FreeRTOS/Source/CMSIS_RTOS_V2/cmsis_os2.c.obj
                0x08003fac                osTimerStart
 .text.vApplicationGetIdleTaskMemory
                0x08003fe0       0x18 CMakeFiles/Test.elf.dir/Middlewares/Third_Party/FreeRTOS/Source/CMSIS_RTOS_V2/cmsis_os2.c.obj
                0x08003fe0                vApplicationGetIdleTaskMemory
 .text.vApplicationGetTimerTaskMemory
                0x08003ff8       0x18 CMakeFiles/Test.elf.dir/Middlewares/Third_Party/FreeRTOS/Source/CMSIS_RTOS_V2/cmsis_os2.c.obj
                0x08003ff8                vApplicationGetTimerTaskMemory
 .text.vListInitialise
                0x08004010       0x16 CMakeFiles/Test.elf.dir/Middlewares/Third_Party/FreeRTOS/Source/list.c.obj
                0x08004010                vListInitialise
 .text.vListInitialiseItem
                0x08004026        0x6 CMakeFiles/Test.elf.dir/Middlewares/Third_Party/FreeRTOS/Source/list.c.obj
                0x08004026                vListInitialiseItem
 .text.vListInsertEnd
                0x0800402c       0x16 CMakeFiles/Test.elf.dir/Middlewares/Third_Party/FreeRTOS/Source/list.c.obj
                0x0800402c                vListInsertEnd
 .text.vListInsert
                0x08004042       0x32 CMakeFiles/Test.elf.dir/Middlewares/Third_Party/FreeRTOS/Source/list.c.obj
                0x08004042                vListInsert
 .text.uxListRemove
                0x08004074       0x26 CMakeFiles/Test.elf.dir/Middlewares/Third_Party/FreeRTOS/Source/list.c.obj
                0x08004074                uxListRemove
 *fill*         0x0800409a        0x2 
 .text.prvTaskExitError
                0x0800409c       0x40 CMakeFiles/Test.elf.dir/Middlewares/Third_Party/FreeRTOS/Source/portable/GCC/ARM_CM4F/port.c.obj
 .text.prvPortStartFirstTask
                0x080040dc       0x28 CMakeFiles/Test.elf.dir/Middlewares/Third_Party/FreeRTOS/Source/portable/GCC/ARM_CM4F/port.c.obj
 .text.vPortEnableVFP
                0x08004104       0x14 CMakeFiles/Test.elf.dir/Middlewares/Third_Party/FreeRTOS/Source/portable/GCC/ARM_CM4F/port.c.obj
 .text.pxPortInitialiseStack
                0x08004118       0x2c CMakeFiles/Test.elf.dir/Middlewares/Third_Party/FreeRTOS/Source/portable/GCC/ARM_CM4F/port.c.obj
                0x08004118                pxPortInitialiseStack
 *fill*         0x08004144        0xc 
 .text.SVC_Handler
                0x08004150       0x24 CMakeFiles/Test.elf.dir/Middlewares/Third_Party/FreeRTOS/Source/portable/GCC/ARM_CM4F/port.c.obj
                0x08004150                SVC_Handler
 .text.vPortEnterCritical
                0x08004174       0x44 CMakeFiles/Test.elf.dir/Middlewares/Third_Party/FreeRTOS/Source/portable/GCC/ARM_CM4F/port.c.obj
                0x08004174                vPortEnterCritical
 .text.vPortExitCritical
                0x080041b8       0x2c CMakeFiles/Test.elf.dir/Middlewares/Third_Party/FreeRTOS/Source/portable/GCC/ARM_CM4F/port.c.obj
                0x080041b8                vPortExitCritical
 *fill*         0x080041e4        0xc 
 .text.PendSV_Handler
                0x080041f0       0x64 CMakeFiles/Test.elf.dir/Middlewares/Third_Party/FreeRTOS/Source/portable/GCC/ARM_CM4F/port.c.obj
                0x080041f0                PendSV_Handler
 .text.xPortSysTickHandler
                0x08004254       0x2c CMakeFiles/Test.elf.dir/Middlewares/Third_Party/FreeRTOS/Source/portable/GCC/ARM_CM4F/port.c.obj
                0x08004254                xPortSysTickHandler
 .text.vPortSetupTimerInterrupt
                0x08004280       0x28 CMakeFiles/Test.elf.dir/Middlewares/Third_Party/FreeRTOS/Source/portable/GCC/ARM_CM4F/port.c.obj
                0x08004280                vPortSetupTimerInterrupt
 .text.xPortStartScheduler
                0x080042a8      0x118 CMakeFiles/Test.elf.dir/Middlewares/Third_Party/FreeRTOS/Source/portable/GCC/ARM_CM4F/port.c.obj
                0x080042a8                xPortStartScheduler
 .text.vPortValidateInterruptPriority
                0x080043c0       0x5c CMakeFiles/Test.elf.dir/Middlewares/Third_Party/FreeRTOS/Source/portable/GCC/ARM_CM4F/port.c.obj
                0x080043c0                vPortValidateInterruptPriority
 .text.prvHeapInit
                0x0800441c       0x64 CMakeFiles/Test.elf.dir/Middlewares/Third_Party/FreeRTOS/Source/portable/MemMang/heap_4.c.obj
 .text.prvInsertBlockIntoFreeList
                0x08004480       0x64 CMakeFiles/Test.elf.dir/Middlewares/Third_Party/FreeRTOS/Source/portable/MemMang/heap_4.c.obj
 .text.pvPortMalloc
                0x080044e4       0xfc CMakeFiles/Test.elf.dir/Middlewares/Third_Party/FreeRTOS/Source/portable/MemMang/heap_4.c.obj
                0x080044e4                pvPortMalloc
 .text.vPortFree
                0x080045e0       0x7c CMakeFiles/Test.elf.dir/Middlewares/Third_Party/FreeRTOS/Source/portable/MemMang/heap_4.c.obj
                0x080045e0                vPortFree
 .text.prvIsQueueFull
                0x0800465c       0x1e CMakeFiles/Test.elf.dir/Middlewares/Third_Party/FreeRTOS/Source/queue.c.obj
 .text.prvIsQueueEmpty
                0x0800467a       0x1a CMakeFiles/Test.elf.dir/Middlewares/Third_Party/FreeRTOS/Source/queue.c.obj
 .text.prvCopyDataToQueue
                0x08004694       0x76 CMakeFiles/Test.elf.dir/Middlewares/Third_Party/FreeRTOS/Source/queue.c.obj
 .text.prvCopyDataFromQueue
                0x0800470a       0x24 CMakeFiles/Test.elf.dir/Middlewares/Third_Party/FreeRTOS/Source/queue.c.obj
 .text.prvUnlockQueue
                0x0800472e       0x6e CMakeFiles/Test.elf.dir/Middlewares/Third_Party/FreeRTOS/Source/queue.c.obj
 .text.xQueueGenericReset
                0x0800479c       0x84 CMakeFiles/Test.elf.dir/Middlewares/Third_Party/FreeRTOS/Source/queue.c.obj
                0x0800479c                xQueueGenericReset
 .text.prvInitialiseNewQueue
                0x08004820       0x22 CMakeFiles/Test.elf.dir/Middlewares/Third_Party/FreeRTOS/Source/queue.c.obj
 .text.xQueueGenericCreateStatic
                0x08004842       0x94 CMakeFiles/Test.elf.dir/Middlewares/Third_Party/FreeRTOS/Source/queue.c.obj
                0x08004842                xQueueGenericCreateStatic
 .text.xQueueGenericSend
                0x080048d6      0x188 CMakeFiles/Test.elf.dir/Middlewares/Third_Party/FreeRTOS/Source/queue.c.obj
                0x080048d6                xQueueGenericSend
 .text.xQueueGenericSendFromISR
                0x08004a5e       0xce CMakeFiles/Test.elf.dir/Middlewares/Third_Party/FreeRTOS/Source/queue.c.obj
                0x08004a5e                xQueueGenericSendFromISR
 .text.xQueueReceive
                0x08004b2c      0x15e CMakeFiles/Test.elf.dir/Middlewares/Third_Party/FreeRTOS/Source/queue.c.obj
                0x08004b2c                xQueueReceive
 *fill*         0x08004c8a        0x2 
 .text.vQueueAddToRegistry
                0x08004c8c       0x28 CMakeFiles/Test.elf.dir/Middlewares/Third_Party/FreeRTOS/Source/queue.c.obj
                0x08004c8c                vQueueAddToRegistry
 .text.vQueueWaitForMessageRestricted
                0x08004cb4       0x52 CMakeFiles/Test.elf.dir/Middlewares/Third_Party/FreeRTOS/Source/queue.c.obj
                0x08004cb4                vQueueWaitForMessageRestricted
 *fill*         0x08004d06        0x2 
 .text.prvResetNextTaskUnblockTime
                0x08004d08       0x2c CMakeFiles/Test.elf.dir/Middlewares/Third_Party/FreeRTOS/Source/tasks.c.obj
 .text.prvInitialiseNewTask
                0x08004d34       0xa6 CMakeFiles/Test.elf.dir/Middlewares/Third_Party/FreeRTOS/Source/tasks.c.obj
 *fill*         0x08004dda        0x2 
 .text.prvInitialiseTaskLists
                0x08004ddc       0x68 CMakeFiles/Test.elf.dir/Middlewares/Third_Party/FreeRTOS/Source/tasks.c.obj
 .text.prvAddNewTaskToReadyList
                0x08004e44       0xac CMakeFiles/Test.elf.dir/Middlewares/Third_Party/FreeRTOS/Source/tasks.c.obj
 .text.prvDeleteTCB
                0x08004ef0       0x38 CMakeFiles/Test.elf.dir/Middlewares/Third_Party/FreeRTOS/Source/tasks.c.obj
 .text.prvCheckTasksWaitingTermination
                0x08004f28       0x4c CMakeFiles/Test.elf.dir/Middlewares/Third_Party/FreeRTOS/Source/tasks.c.obj
 .text.prvIdleTask
                0x08004f74       0x28 CMakeFiles/Test.elf.dir/Middlewares/Third_Party/FreeRTOS/Source/tasks.c.obj
 .text.prvAddCurrentTaskToDelayedList
                0x08004f9c       0x7c CMakeFiles/Test.elf.dir/Middlewares/Third_Party/FreeRTOS/Source/tasks.c.obj
 .text.xTaskCreateStatic
                0x08005018       0x76 CMakeFiles/Test.elf.dir/Middlewares/Third_Party/FreeRTOS/Source/tasks.c.obj
                0x08005018                xTaskCreateStatic
 .text.xTaskCreate
                0x0800508e       0x68 CMakeFiles/Test.elf.dir/Middlewares/Third_Party/FreeRTOS/Source/tasks.c.obj
                0x0800508e                xTaskCreate
 *fill*         0x080050f6        0x2 
 .text.vTaskStartScheduler
                0x080050f8       0x9c CMakeFiles/Test.elf.dir/Middlewares/Third_Party/FreeRTOS/Source/tasks.c.obj
                0x080050f8                vTaskStartScheduler
 .text.vTaskSuspendAll
                0x08005194       0x10 CMakeFiles/Test.elf.dir/Middlewares/Third_Party/FreeRTOS/Source/tasks.c.obj
                0x08005194                vTaskSuspendAll
 .text.xTaskGetTickCount
                0x080051a4        0xc CMakeFiles/Test.elf.dir/Middlewares/Third_Party/FreeRTOS/Source/tasks.c.obj
                0x080051a4                xTaskGetTickCount
 .text.xTaskIncrementTick
                0x080051b0      0x118 CMakeFiles/Test.elf.dir/Middlewares/Third_Party/FreeRTOS/Source/tasks.c.obj
                0x080051b0                xTaskIncrementTick
 .text.xTaskResumeAll
                0x080052c8       0xf8 CMakeFiles/Test.elf.dir/Middlewares/Third_Party/FreeRTOS/Source/tasks.c.obj
                0x080052c8                xTaskResumeAll
 .text.vTaskDelay
                0x080053c0       0x4c CMakeFiles/Test.elf.dir/Middlewares/Third_Party/FreeRTOS/Source/tasks.c.obj
                0x080053c0                vTaskDelay
 .text.vTaskSwitchContext
                0x0800540c       0x94 CMakeFiles/Test.elf.dir/Middlewares/Third_Party/FreeRTOS/Source/tasks.c.obj
                0x0800540c                vTaskSwitchContext
 .text.vTaskPlaceOnEventList
                0x080054a0       0x30 CMakeFiles/Test.elf.dir/Middlewares/Third_Party/FreeRTOS/Source/tasks.c.obj
                0x080054a0                vTaskPlaceOnEventList
 .text.vTaskPlaceOnEventListRestricted
                0x080054d0       0x38 CMakeFiles/Test.elf.dir/Middlewares/Third_Party/FreeRTOS/Source/tasks.c.obj
                0x080054d0                vTaskPlaceOnEventListRestricted
 .text.xTaskRemoveFromEventList
                0x08005508       0x8c CMakeFiles/Test.elf.dir/Middlewares/Third_Party/FreeRTOS/Source/tasks.c.obj
                0x08005508                xTaskRemoveFromEventList
 .text.vTaskInternalSetTimeOutState
                0x08005594       0x18 CMakeFiles/Test.elf.dir/Middlewares/Third_Party/FreeRTOS/Source/tasks.c.obj
                0x08005594                vTaskInternalSetTimeOutState
 .text.xTaskCheckForTimeOut
                0x080055ac       0x84 CMakeFiles/Test.elf.dir/Middlewares/Third_Party/FreeRTOS/Source/tasks.c.obj
                0x080055ac                xTaskCheckForTimeOut
 .text.vTaskMissedYield
                0x08005630        0xc CMakeFiles/Test.elf.dir/Middlewares/Third_Party/FreeRTOS/Source/tasks.c.obj
                0x08005630                vTaskMissedYield
 .text.xTaskGetSchedulerState
                0x0800563c       0x20 CMakeFiles/Test.elf.dir/Middlewares/Third_Party/FreeRTOS/Source/tasks.c.obj
                0x0800563c                xTaskGetSchedulerState
 .text.xTaskPriorityDisinherit
                0x0800565c       0x90 CMakeFiles/Test.elf.dir/Middlewares/Third_Party/FreeRTOS/Source/tasks.c.obj
                0x0800565c                xTaskPriorityDisinherit
 .text.prvGetNextExpireTime
                0x080056ec       0x20 CMakeFiles/Test.elf.dir/Middlewares/Third_Party/FreeRTOS/Source/timers.c.obj
 .text.prvInsertTimerInActiveList
                0x0800570c       0x48 CMakeFiles/Test.elf.dir/Middlewares/Third_Party/FreeRTOS/Source/timers.c.obj
 .text.prvCheckForValidListAndQueue
                0x08005754       0x70 CMakeFiles/Test.elf.dir/Middlewares/Third_Party/FreeRTOS/Source/timers.c.obj
 .text.prvInitialiseNewTimer
                0x080057c4       0x4c CMakeFiles/Test.elf.dir/Middlewares/Third_Party/FreeRTOS/Source/timers.c.obj
 .text.xTimerCreateTimerTask
                0x08005810       0x64 CMakeFiles/Test.elf.dir/Middlewares/Third_Party/FreeRTOS/Source/timers.c.obj
                0x08005810                xTimerCreateTimerTask
 .text.xTimerCreate
                0x08005874       0x38 CMakeFiles/Test.elf.dir/Middlewares/Third_Party/FreeRTOS/Source/timers.c.obj
                0x08005874                xTimerCreate
 .text.xTimerCreateStatic
                0x080058ac       0x54 CMakeFiles/Test.elf.dir/Middlewares/Third_Party/FreeRTOS/Source/timers.c.obj
                0x080058ac                xTimerCreateStatic
 .text.xTimerGenericCommand
                0x08005900       0x6c CMakeFiles/Test.elf.dir/Middlewares/Third_Party/FreeRTOS/Source/timers.c.obj
                0x08005900                xTimerGenericCommand
 .text.prvSwitchTimerLists
                0x0800596c       0x7c CMakeFiles/Test.elf.dir/Middlewares/Third_Party/FreeRTOS/Source/timers.c.obj
 .text.prvSampleTimeNow
                0x080059e8       0x2c CMakeFiles/Test.elf.dir/Middlewares/Third_Party/FreeRTOS/Source/timers.c.obj
 .text.prvProcessExpiredTimer
                0x08005a14       0x6c CMakeFiles/Test.elf.dir/Middlewares/Third_Party/FreeRTOS/Source/timers.c.obj
 .text.prvProcessTimerOrBlockTask
                0x08005a80       0x74 CMakeFiles/Test.elf.dir/Middlewares/Third_Party/FreeRTOS/Source/timers.c.obj
 .text.prvProcessReceivedCommands
                0x08005af4      0x10c CMakeFiles/Test.elf.dir/Middlewares/Third_Party/FreeRTOS/Source/timers.c.obj
 .text.prvTimerTask
                0x08005c00       0x16 CMakeFiles/Test.elf.dir/Middlewares/Third_Party/FreeRTOS/Source/timers.c.obj
 .text.pvTimerGetTimerID
                0x08005c16       0x26 CMakeFiles/Test.elf.dir/Middlewares/Third_Party/FreeRTOS/Source/timers.c.obj
                0x08005c16                pvTimerGetTimerID
 .text.MOTORC_InfoInit
                0x08005c3c       0x98 CMakeFiles/Test.elf.dir/User/motor.c.obj
                0x08005c3c                MOTORC_InfoInit
 .text.MOTORC_SetCurrent
                0x08005cd4       0x38 CMakeFiles/Test.elf.dir/User/motor.c.obj
                0x08005cd4                MOTORC_SetCurrent
 .text.MOTORC_CANUpdate
                0x08005d0c        0xc CMakeFiles/Test.elf.dir/User/motor.c.obj
                0x08005d0c                MOTORC_CANUpdate
 .text.MOTORC_InfoUpdate
                0x08005d18       0xa8 CMakeFiles/Test.elf.dir/User/motor.c.obj
                0x08005d18                MOTORC_InfoUpdate
 .text.MOTORC_UpdateCurrent
                0x08005dc0        0xc CMakeFiles/Test.elf.dir/User/motor.c.obj
                0x08005dc0                MOTORC_UpdateCurrent
 .text.MOTORC_SetVelWithRamp
                0x08005dcc        0xc CMakeFiles/Test.elf.dir/User/motor.c.obj
                0x08005dcc                MOTORC_SetVelWithRamp
 .text.MOTORC_SetAngle
                0x08005dd8        0xc CMakeFiles/Test.elf.dir/User/motor.c.obj
                0x08005dd8                MOTORC_SetAngle
 .text.MOTORC_InfoUpdateLoop
                0x08005de4       0x50 CMakeFiles/Test.elf.dir/User/motor.c.obj
                0x08005de4                MOTORC_InfoUpdateLoop
 .text.VofaModifyValue
                0x08005e34       0x98 CMakeFiles/Test.elf.dir/User/motor.c.obj
                0x08005e34                VofaModifyValue
 .text.MOTORC_Test
                0x08005ecc       0x64 CMakeFiles/Test.elf.dir/User/motor.c.obj
                0x08005ecc                MOTORC_Test
 .text.PID_DeInit
                0x08005f30       0x1a CMakeFiles/Test.elf.dir/User/pid.c.obj
                0x08005f30                PID_DeInit
 .text.PID_UpdateTargetNow
                0x08005f4a       0x58 CMakeFiles/Test.elf.dir/User/pid.c.obj
                0x08005f4a                PID_UpdateTargetNow
 .text.PID_GetOutput
                0x08005fa2       0xf8 CMakeFiles/Test.elf.dir/User/pid.c.obj
                0x08005fa2                PID_GetOutput
 *fill*         0x0800609a        0x2 
 .text.atof     0x0800609c        0x8 d:/stm32cubemx/gcc-arm-none-eabi-10.3-2021.10/bin/../lib/gcc/arm-none-eabi/10.3.1/../../../../arm-none-eabi/lib/thumb/v7e-m+fp/hard\libg.a(lib_a-atof.o)
                0x0800609c                atof
 .text.__errno  0x080060a4        0xc d:/stm32cubemx/gcc-arm-none-eabi-10.3-2021.10/bin/../lib/gcc/arm-none-eabi/10.3.1/../../../../arm-none-eabi/lib/thumb/v7e-m+fp/hard\libg.a(lib_a-errno.o)
                0x080060a4                __errno
 .text.__libc_init_array
                0x080060b0       0x48 d:/stm32cubemx/gcc-arm-none-eabi-10.3-2021.10/bin/../lib/gcc/arm-none-eabi/10.3.1/../../../../arm-none-eabi/lib/thumb/v7e-m+fp/hard\libg.a(lib_a-init.o)
                0x080060b0                __libc_init_array
 .text.memset   0x080060f8       0xa4 d:/stm32cubemx/gcc-arm-none-eabi-10.3-2021.10/bin/../lib/gcc/arm-none-eabi/10.3.1/../../../../arm-none-eabi/lib/thumb/v7e-m+fp/hard\libg.a(lib_a-memset.o)
                0x080060f8                memset
 .text.printf   0x0800619c       0x28 d:/stm32cubemx/gcc-arm-none-eabi-10.3-2021.10/bin/../lib/gcc/arm-none-eabi/10.3.1/../../../../arm-none-eabi/lib/thumb/v7e-m+fp/hard\libg.a(lib_a-printf.o)
                0x0800619c                printf
 *fill*         0x080061c4        0x4 
 .text._strtod_l
                0x080061c8      0xf50 d:/stm32cubemx/gcc-arm-none-eabi-10.3-2021.10/bin/../lib/gcc/arm-none-eabi/10.3.1/../../../../arm-none-eabi/lib/thumb/v7e-m+fp/hard\libg.a(lib_a-strtod.o)
                0x080061c8                _strtod_l
 .text.strtod   0x08007118       0x20 d:/stm32cubemx/gcc-arm-none-eabi-10.3-2021.10/bin/../lib/gcc/arm-none-eabi/10.3.1/../../../../arm-none-eabi/lib/thumb/v7e-m+fp/hard\libg.a(lib_a-strtod.o)
                0x08007118                strtod
 .text._vfprintf_r
                0x08007138     0x1b90 d:/stm32cubemx/gcc-arm-none-eabi-10.3-2021.10/bin/../lib/gcc/arm-none-eabi/10.3.1/../../../../arm-none-eabi/lib/thumb/v7e-m+fp/hard\libg.a(lib_a-vfprintf.o)
                0x08007138                _vfprintf_r
 .text.__sbprintf
                0x08008cc8       0x80 d:/stm32cubemx/gcc-arm-none-eabi-10.3-2021.10/bin/../lib/gcc/arm-none-eabi/10.3.1/../../../../arm-none-eabi/lib/thumb/v7e-m+fp/hard\libg.a(lib_a-vfprintf.o)
 .text.__swsetup_r
                0x08008d48       0xd4 d:/stm32cubemx/gcc-arm-none-eabi-10.3-2021.10/bin/../lib/gcc/arm-none-eabi/10.3.1/../../../../arm-none-eabi/lib/thumb/v7e-m+fp/hard\libg.a(lib_a-wsetup.o)
                0x08008d48                __swsetup_r
 .text.startup.register_fini
                0x08008e1c       0x14 d:/stm32cubemx/gcc-arm-none-eabi-10.3-2021.10/bin/../lib/gcc/arm-none-eabi/10.3.1/../../../../arm-none-eabi/lib/thumb/v7e-m+fp/hard\libg.a(lib_a-__call_atexit.o)
 .text.atexit   0x08008e30        0xc d:/stm32cubemx/gcc-arm-none-eabi-10.3-2021.10/bin/../lib/gcc/arm-none-eabi/10.3.1/../../../../arm-none-eabi/lib/thumb/v7e-m+fp/hard\libg.a(lib_a-atexit.o)
                0x08008e30                atexit
 .text.quorem   0x08008e3c      0x128 d:/stm32cubemx/gcc-arm-none-eabi-10.3-2021.10/bin/../lib/gcc/arm-none-eabi/10.3.1/../../../../arm-none-eabi/lib/thumb/v7e-m+fp/hard\libg.a(lib_a-dtoa.o)
 *fill*         0x08008f64        0x4 
 .text._dtoa_r  0x08008f68      0xf3c d:/stm32cubemx/gcc-arm-none-eabi-10.3-2021.10/bin/../lib/gcc/arm-none-eabi/10.3.1/../../../../arm-none-eabi/lib/thumb/v7e-m+fp/hard\libg.a(lib_a-dtoa.o)
                0x08008f68                _dtoa_r
 .text.__sflush_r
                0x08009ea4      0x130 d:/stm32cubemx/gcc-arm-none-eabi-10.3-2021.10/bin/../lib/gcc/arm-none-eabi/10.3.1/../../../../arm-none-eabi/lib/thumb/v7e-m+fp/hard\libg.a(lib_a-fflush.o)
                0x08009ea4                __sflush_r
 .text._fflush_r
                0x08009fd4       0x5c d:/stm32cubemx/gcc-arm-none-eabi-10.3-2021.10/bin/../lib/gcc/arm-none-eabi/10.3.1/../../../../arm-none-eabi/lib/thumb/v7e-m+fp/hard\libg.a(lib_a-fflush.o)
                0x08009fd4                _fflush_r
 .text._cleanup_r
                0x0800a030        0xc d:/stm32cubemx/gcc-arm-none-eabi-10.3-2021.10/bin/../lib/gcc/arm-none-eabi/10.3.1/../../../../arm-none-eabi/lib/thumb/v7e-m+fp/hard\libg.a(lib_a-findfp.o)
                0x0800a030                _cleanup_r
 .text.__sinit  0x0800a03c      0x10c d:/stm32cubemx/gcc-arm-none-eabi-10.3-2021.10/bin/../lib/gcc/arm-none-eabi/10.3.1/../../../../arm-none-eabi/lib/thumb/v7e-m+fp/hard\libg.a(lib_a-findfp.o)
                0x0800a03c                __sinit
 .text.__sfp_lock_acquire
                0x0800a148        0xc d:/stm32cubemx/gcc-arm-none-eabi-10.3-2021.10/bin/../lib/gcc/arm-none-eabi/10.3.1/../../../../arm-none-eabi/lib/thumb/v7e-m+fp/hard\libg.a(lib_a-findfp.o)
                0x0800a148                __sfp_lock_acquire
 .text.__sfp_lock_release
                0x0800a154        0xc d:/stm32cubemx/gcc-arm-none-eabi-10.3-2021.10/bin/../lib/gcc/arm-none-eabi/10.3.1/../../../../arm-none-eabi/lib/thumb/v7e-m+fp/hard\libg.a(lib_a-findfp.o)
                0x0800a154                __sfp_lock_release
 .text.__libc_fini_array
                0x0800a160       0x2c d:/stm32cubemx/gcc-arm-none-eabi-10.3-2021.10/bin/../lib/gcc/arm-none-eabi/10.3.1/../../../../arm-none-eabi/lib/thumb/v7e-m+fp/hard\libg.a(lib_a-fini.o)
                0x0800a160                __libc_fini_array
 .text._malloc_trim_r
                0x0800a18c       0xa0 d:/stm32cubemx/gcc-arm-none-eabi-10.3-2021.10/bin/../lib/gcc/arm-none-eabi/10.3.1/../../../../arm-none-eabi/lib/thumb/v7e-m+fp/hard\libg.a(lib_a-freer.o)
                0x0800a18c                _malloc_trim_r
 .text._free_r  0x0800a22c      0x20c d:/stm32cubemx/gcc-arm-none-eabi-10.3-2021.10/bin/../lib/gcc/arm-none-eabi/10.3.1/../../../../arm-none-eabi/lib/thumb/v7e-m+fp/hard\libg.a(lib_a-freer.o)
                0x0800a22c                _free_r
 .text._fwalk_reent
                0x0800a438       0x48 d:/stm32cubemx/gcc-arm-none-eabi-10.3-2021.10/bin/../lib/gcc/arm-none-eabi/10.3.1/../../../../arm-none-eabi/lib/thumb/v7e-m+fp/hard\libg.a(lib_a-fwalk.o)
                0x0800a438                _fwalk_reent
 .text.rshift   0x0800a480       0xa4 d:/stm32cubemx/gcc-arm-none-eabi-10.3-2021.10/bin/../lib/gcc/arm-none-eabi/10.3.1/../../../../arm-none-eabi/lib/thumb/v7e-m+fp/hard\libg.a(lib_a-gdtoa-gethex.o)
 .text.__gethex
                0x0800a524      0x5d8 d:/stm32cubemx/gcc-arm-none-eabi-10.3-2021.10/bin/../lib/gcc/arm-none-eabi/10.3.1/../../../../arm-none-eabi/lib/thumb/v7e-m+fp/hard\libg.a(lib_a-gdtoa-gethex.o)
                0x0800a524                __gethex
 .text.__match  0x0800aafc       0x38 d:/stm32cubemx/gcc-arm-none-eabi-10.3-2021.10/bin/../lib/gcc/arm-none-eabi/10.3.1/../../../../arm-none-eabi/lib/thumb/v7e-m+fp/hard\libg.a(lib_a-gdtoa-hexnan.o)
                0x0800aafc                __match
 .text.__hexnan
                0x0800ab34      0x1ac d:/stm32cubemx/gcc-arm-none-eabi-10.3-2021.10/bin/../lib/gcc/arm-none-eabi/10.3.1/../../../../arm-none-eabi/lib/thumb/v7e-m+fp/hard\libg.a(lib_a-gdtoa-hexnan.o)
                0x0800ab34                __hexnan
 .text.__locale_mb_cur_max
                0x0800ace0        0xc d:/stm32cubemx/gcc-arm-none-eabi-10.3-2021.10/bin/../lib/gcc/arm-none-eabi/10.3.1/../../../../arm-none-eabi/lib/thumb/v7e-m+fp/hard\libg.a(lib_a-locale.o)
                0x0800ace0                __locale_mb_cur_max
 .text._localeconv_r
                0x0800acec        0x8 d:/stm32cubemx/gcc-arm-none-eabi-10.3-2021.10/bin/../lib/gcc/arm-none-eabi/10.3.1/../../../../arm-none-eabi/lib/thumb/v7e-m+fp/hard\libg.a(lib_a-localeconv.o)
                0x0800acec                _localeconv_r
 .text.__retarget_lock_init_recursive
                0x0800acf4        0x4 d:/stm32cubemx/gcc-arm-none-eabi-10.3-2021.10/bin/../lib/gcc/arm-none-eabi/10.3.1/../../../../arm-none-eabi/lib/thumb/v7e-m+fp/hard\libg.a(lib_a-lock.o)
                0x0800acf4                __retarget_lock_init_recursive
 .text.__retarget_lock_close_recursive
                0x0800acf8        0x4 d:/stm32cubemx/gcc-arm-none-eabi-10.3-2021.10/bin/../lib/gcc/arm-none-eabi/10.3.1/../../../../arm-none-eabi/lib/thumb/v7e-m+fp/hard\libg.a(lib_a-lock.o)
                0x0800acf8                __retarget_lock_close_recursive
 .text.__retarget_lock_acquire_recursive
                0x0800acfc        0x4 d:/stm32cubemx/gcc-arm-none-eabi-10.3-2021.10/bin/../lib/gcc/arm-none-eabi/10.3.1/../../../../arm-none-eabi/lib/thumb/v7e-m+fp/hard\libg.a(lib_a-lock.o)
                0x0800acfc                __retarget_lock_acquire_recursive
 .text.__retarget_lock_release_recursive
                0x0800ad00        0x4 d:/stm32cubemx/gcc-arm-none-eabi-10.3-2021.10/bin/../lib/gcc/arm-none-eabi/10.3.1/../../../../arm-none-eabi/lib/thumb/v7e-m+fp/hard\libg.a(lib_a-lock.o)
                0x0800ad00                __retarget_lock_release_recursive
 .text.__smakebuf_r
                0x0800ad04       0xe0 d:/stm32cubemx/gcc-arm-none-eabi-10.3-2021.10/bin/../lib/gcc/arm-none-eabi/10.3.1/../../../../arm-none-eabi/lib/thumb/v7e-m+fp/hard\libg.a(lib_a-makebuf.o)
                0x0800ad04                __smakebuf_r
 .text._malloc_r
                0x0800ade4      0x560 d:/stm32cubemx/gcc-arm-none-eabi-10.3-2021.10/bin/../lib/gcc/arm-none-eabi/10.3.1/../../../../arm-none-eabi/lib/thumb/v7e-m+fp/hard\libg.a(lib_a-mallocr.o)
                0x0800ade4                _malloc_r
 .text.__ascii_mbtowc
                0x0800b344       0x2c d:/stm32cubemx/gcc-arm-none-eabi-10.3-2021.10/bin/../lib/gcc/arm-none-eabi/10.3.1/../../../../arm-none-eabi/lib/thumb/v7e-m+fp/hard\libg.a(lib_a-mbtowc_r.o)
                0x0800b344                __ascii_mbtowc
 .text.__malloc_lock
                0x0800b370        0xc d:/stm32cubemx/gcc-arm-none-eabi-10.3-2021.10/bin/../lib/gcc/arm-none-eabi/10.3.1/../../../../arm-none-eabi/lib/thumb/v7e-m+fp/hard\libg.a(lib_a-mlock.o)
                0x0800b370                __malloc_lock
 .text.__malloc_unlock
                0x0800b37c        0xc d:/stm32cubemx/gcc-arm-none-eabi-10.3-2021.10/bin/../lib/gcc/arm-none-eabi/10.3.1/../../../../arm-none-eabi/lib/thumb/v7e-m+fp/hard\libg.a(lib_a-mlock.o)
                0x0800b37c                __malloc_unlock
 .text._Balloc  0x0800b388       0x4c d:/stm32cubemx/gcc-arm-none-eabi-10.3-2021.10/bin/../lib/gcc/arm-none-eabi/10.3.1/../../../../arm-none-eabi/lib/thumb/v7e-m+fp/hard\libg.a(lib_a-mprec.o)
                0x0800b388                _Balloc
 .text._Bfree   0x0800b3d4       0x14 d:/stm32cubemx/gcc-arm-none-eabi-10.3-2021.10/bin/../lib/gcc/arm-none-eabi/10.3.1/../../../../arm-none-eabi/lib/thumb/v7e-m+fp/hard\libg.a(lib_a-mprec.o)
                0x0800b3d4                _Bfree
 .text.__multadd
                0x0800b3e8       0xa8 d:/stm32cubemx/gcc-arm-none-eabi-10.3-2021.10/bin/../lib/gcc/arm-none-eabi/10.3.1/../../../../arm-none-eabi/lib/thumb/v7e-m+fp/hard\libg.a(lib_a-mprec.o)
                0x0800b3e8                __multadd
 .text.__s2b    0x0800b490       0xb4 d:/stm32cubemx/gcc-arm-none-eabi-10.3-2021.10/bin/../lib/gcc/arm-none-eabi/10.3.1/../../../../arm-none-eabi/lib/thumb/v7e-m+fp/hard\libg.a(lib_a-mprec.o)
                0x0800b490                __s2b
 .text.__hi0bits
                0x0800b544       0x40 d:/stm32cubemx/gcc-arm-none-eabi-10.3-2021.10/bin/../lib/gcc/arm-none-eabi/10.3.1/../../../../arm-none-eabi/lib/thumb/v7e-m+fp/hard\libg.a(lib_a-mprec.o)
                0x0800b544                __hi0bits
 .text.__lo0bits
                0x0800b584       0x60 d:/stm32cubemx/gcc-arm-none-eabi-10.3-2021.10/bin/../lib/gcc/arm-none-eabi/10.3.1/../../../../arm-none-eabi/lib/thumb/v7e-m+fp/hard\libg.a(lib_a-mprec.o)
                0x0800b584                __lo0bits
 .text.__i2b    0x0800b5e4       0x5c d:/stm32cubemx/gcc-arm-none-eabi-10.3-2021.10/bin/../lib/gcc/arm-none-eabi/10.3.1/../../../../arm-none-eabi/lib/thumb/v7e-m+fp/hard\libg.a(lib_a-mprec.o)
                0x0800b5e4                __i2b
 .text.__multiply
                0x0800b640      0x15c d:/stm32cubemx/gcc-arm-none-eabi-10.3-2021.10/bin/../lib/gcc/arm-none-eabi/10.3.1/../../../../arm-none-eabi/lib/thumb/v7e-m+fp/hard\libg.a(lib_a-mprec.o)
                0x0800b640                __multiply
 .text.__pow5mult
                0x0800b79c       0xc0 d:/stm32cubemx/gcc-arm-none-eabi-10.3-2021.10/bin/../lib/gcc/arm-none-eabi/10.3.1/../../../../arm-none-eabi/lib/thumb/v7e-m+fp/hard\libg.a(lib_a-mprec.o)
                0x0800b79c                __pow5mult
 .text.__lshift
                0x0800b85c       0xf0 d:/stm32cubemx/gcc-arm-none-eabi-10.3-2021.10/bin/../lib/gcc/arm-none-eabi/10.3.1/../../../../arm-none-eabi/lib/thumb/v7e-m+fp/hard\libg.a(lib_a-mprec.o)
                0x0800b85c                __lshift
 .text.__mcmp   0x0800b94c       0x44 d:/stm32cubemx/gcc-arm-none-eabi-10.3-2021.10/bin/../lib/gcc/arm-none-eabi/10.3.1/../../../../arm-none-eabi/lib/thumb/v7e-m+fp/hard\libg.a(lib_a-mprec.o)
                0x0800b94c                __mcmp
 .text.__mdiff  0x0800b990      0x14c d:/stm32cubemx/gcc-arm-none-eabi-10.3-2021.10/bin/../lib/gcc/arm-none-eabi/10.3.1/../../../../arm-none-eabi/lib/thumb/v7e-m+fp/hard\libg.a(lib_a-mprec.o)
                0x0800b990                __mdiff
 .text.__ulp    0x0800badc       0x60 d:/stm32cubemx/gcc-arm-none-eabi-10.3-2021.10/bin/../lib/gcc/arm-none-eabi/10.3.1/../../../../arm-none-eabi/lib/thumb/v7e-m+fp/hard\libg.a(lib_a-mprec.o)
                0x0800badc                __ulp
 .text.__b2d    0x0800bb3c       0xc0 d:/stm32cubemx/gcc-arm-none-eabi-10.3-2021.10/bin/../lib/gcc/arm-none-eabi/10.3.1/../../../../arm-none-eabi/lib/thumb/v7e-m+fp/hard\libg.a(lib_a-mprec.o)
                0x0800bb3c                __b2d
 .text.__d2b    0x0800bbfc       0xd0 d:/stm32cubemx/gcc-arm-none-eabi-10.3-2021.10/bin/../lib/gcc/arm-none-eabi/10.3.1/../../../../arm-none-eabi/lib/thumb/v7e-m+fp/hard\libg.a(lib_a-mprec.o)
                0x0800bbfc                __d2b
 .text.__ratio  0x0800bccc       0x5c d:/stm32cubemx/gcc-arm-none-eabi-10.3-2021.10/bin/../lib/gcc/arm-none-eabi/10.3.1/../../../../arm-none-eabi/lib/thumb/v7e-m+fp/hard\libg.a(lib_a-mprec.o)
                0x0800bccc                __ratio
 .text.__copybits
                0x0800bd28       0x5c d:/stm32cubemx/gcc-arm-none-eabi-10.3-2021.10/bin/../lib/gcc/arm-none-eabi/10.3.1/../../../../arm-none-eabi/lib/thumb/v7e-m+fp/hard\libg.a(lib_a-mprec.o)
                0x0800bd28                __copybits
 .text.__any_on
                0x0800bd84       0x64 d:/stm32cubemx/gcc-arm-none-eabi-10.3-2021.10/bin/../lib/gcc/arm-none-eabi/10.3.1/../../../../arm-none-eabi/lib/thumb/v7e-m+fp/hard\libg.a(lib_a-mprec.o)
                0x0800bd84                __any_on
 .text.frexp    0x0800bde8       0x6c d:/stm32cubemx/gcc-arm-none-eabi-10.3-2021.10/bin/../lib/gcc/arm-none-eabi/10.3.1/../../../../arm-none-eabi/lib/thumb/v7e-m+fp/hard\libg.a(lib_a-s_frexp.o)
                0x0800bde8                frexp
 *fill*         0x0800be54        0x4 
 .text.nan      0x0800be58       0x10 d:/stm32cubemx/gcc-arm-none-eabi-10.3-2021.10/bin/../lib/gcc/arm-none-eabi/10.3.1/../../../../arm-none-eabi/lib/thumb/v7e-m+fp/hard\libg.a(lib_a-s_nan.o)
                0x0800be58                nan
 .text._sbrk_r  0x0800be68       0x24 d:/stm32cubemx/gcc-arm-none-eabi-10.3-2021.10/bin/../lib/gcc/arm-none-eabi/10.3.1/../../../../arm-none-eabi/lib/thumb/v7e-m+fp/hard\libg.a(lib_a-sbrkr.o)
                0x0800be68                _sbrk_r
 .text.__sread  0x0800be8c       0x24 d:/stm32cubemx/gcc-arm-none-eabi-10.3-2021.10/bin/../lib/gcc/arm-none-eabi/10.3.1/../../../../arm-none-eabi/lib/thumb/v7e-m+fp/hard\libg.a(lib_a-stdio.o)
                0x0800be8c                __sread
 .text.__swrite
                0x0800beb0       0x40 d:/stm32cubemx/gcc-arm-none-eabi-10.3-2021.10/bin/../lib/gcc/arm-none-eabi/10.3.1/../../../../arm-none-eabi/lib/thumb/v7e-m+fp/hard\libg.a(lib_a-stdio.o)
                0x0800beb0                __swrite
 .text.__sseek  0x0800bef0       0x20 d:/stm32cubemx/gcc-arm-none-eabi-10.3-2021.10/bin/../lib/gcc/arm-none-eabi/10.3.1/../../../../arm-none-eabi/lib/thumb/v7e-m+fp/hard\libg.a(lib_a-stdio.o)
                0x0800bef0                __sseek
 .text.__sclose
                0x0800bf10        0x8 d:/stm32cubemx/gcc-arm-none-eabi-10.3-2021.10/bin/../lib/gcc/arm-none-eabi/10.3.1/../../../../arm-none-eabi/lib/thumb/v7e-m+fp/hard\libg.a(lib_a-stdio.o)
                0x0800bf10                __sclose
 .text.strncmp  0x0800bf18       0x80 d:/stm32cubemx/gcc-arm-none-eabi-10.3-2021.10/bin/../lib/gcc/arm-none-eabi/10.3.1/../../../../arm-none-eabi/lib/thumb/v7e-m+fp/hard\libg.a(lib_a-strncmp.o)
                0x0800bf18                strncmp
 .text.strncpy  0x0800bf98       0x64 d:/stm32cubemx/gcc-arm-none-eabi-10.3-2021.10/bin/../lib/gcc/arm-none-eabi/10.3.1/../../../../arm-none-eabi/lib/thumb/v7e-m+fp/hard\libg.a(lib_a-strncpy.o)
                0x0800bf98                strncpy
 .text.__sprint_r.part.0
                0x0800bffc       0x78 d:/stm32cubemx/gcc-arm-none-eabi-10.3-2021.10/bin/../lib/gcc/arm-none-eabi/10.3.1/../../../../arm-none-eabi/lib/thumb/v7e-m+fp/hard\libg.a(lib_a-vfiprintf.o)
 .text.__sprint_r
                0x0800c074       0x18 d:/stm32cubemx/gcc-arm-none-eabi-10.3-2021.10/bin/../lib/gcc/arm-none-eabi/10.3.1/../../../../arm-none-eabi/lib/thumb/v7e-m+fp/hard\libg.a(lib_a-vfiprintf.o)
                0x0800c074                __sprint_r
 .text._vfiprintf_r
                0x0800c08c      0xdfc d:/stm32cubemx/gcc-arm-none-eabi-10.3-2021.10/bin/../lib/gcc/arm-none-eabi/10.3.1/../../../../arm-none-eabi/lib/thumb/v7e-m+fp/hard\libg.a(lib_a-vfiprintf.o)
                0x0800c08c                _vfiprintf_r
 .text.__sbprintf
                0x0800ce88       0x80 d:/stm32cubemx/gcc-arm-none-eabi-10.3-2021.10/bin/../lib/gcc/arm-none-eabi/10.3.1/../../../../arm-none-eabi/lib/thumb/v7e-m+fp/hard\libg.a(lib_a-vfiprintf.o)
 .text.__ascii_wctomb
                0x0800cf08       0x1c d:/stm32cubemx/gcc-arm-none-eabi-10.3-2021.10/bin/../lib/gcc/arm-none-eabi/10.3.1/../../../../arm-none-eabi/lib/thumb/v7e-m+fp/hard\libg.a(lib_a-wctomb_r.o)
                0x0800cf08                __ascii_wctomb
 .text._write_r
                0x0800cf24       0x2c d:/stm32cubemx/gcc-arm-none-eabi-10.3-2021.10/bin/../lib/gcc/arm-none-eabi/10.3.1/../../../../arm-none-eabi/lib/thumb/v7e-m+fp/hard\libg.a(lib_a-writer.o)
                0x0800cf24                _write_r
 .text.__register_exitproc
                0x0800cf50       0x8c d:/stm32cubemx/gcc-arm-none-eabi-10.3-2021.10/bin/../lib/gcc/arm-none-eabi/10.3.1/../../../../arm-none-eabi/lib/thumb/v7e-m+fp/hard\libg.a(lib_a-__atexit.o)
                0x0800cf50                __register_exitproc
 .text.__assert_func
                0x0800cfdc       0x40 d:/stm32cubemx/gcc-arm-none-eabi-10.3-2021.10/bin/../lib/gcc/arm-none-eabi/10.3.1/../../../../arm-none-eabi/lib/thumb/v7e-m+fp/hard\libg.a(lib_a-assert.o)
                0x0800cfdc                __assert_func
 .text._calloc_r
                0x0800d01c       0x78 d:/stm32cubemx/gcc-arm-none-eabi-10.3-2021.10/bin/../lib/gcc/arm-none-eabi/10.3.1/../../../../arm-none-eabi/lib/thumb/v7e-m+fp/hard\libg.a(lib_a-callocr.o)
                0x0800d01c                _calloc_r
 .text._close_r
                0x0800d094       0x24 d:/stm32cubemx/gcc-arm-none-eabi-10.3-2021.10/bin/../lib/gcc/arm-none-eabi/10.3.1/../../../../arm-none-eabi/lib/thumb/v7e-m+fp/hard\libg.a(lib_a-closer.o)
                0x0800d094                _close_r
 .text._fclose_r
                0x0800d0b8       0xcc d:/stm32cubemx/gcc-arm-none-eabi-10.3-2021.10/bin/../lib/gcc/arm-none-eabi/10.3.1/../../../../arm-none-eabi/lib/thumb/v7e-m+fp/hard\libg.a(lib_a-fclose.o)
                0x0800d0b8                _fclose_r
 .text.fiprintf
                0x0800d184       0x28 d:/stm32cubemx/gcc-arm-none-eabi-10.3-2021.10/bin/../lib/gcc/arm-none-eabi/10.3.1/../../../../arm-none-eabi/lib/thumb/v7e-m+fp/hard\libg.a(lib_a-fiprintf.o)
                0x0800d184                fiprintf
 .text.__fputwc
                0x0800d1ac       0xa8 d:/stm32cubemx/gcc-arm-none-eabi-10.3-2021.10/bin/../lib/gcc/arm-none-eabi/10.3.1/../../../../arm-none-eabi/lib/thumb/v7e-m+fp/hard\libg.a(lib_a-fputwc.o)
                0x0800d1ac                __fputwc
 .text._fputwc_r
                0x0800d254       0x68 d:/stm32cubemx/gcc-arm-none-eabi-10.3-2021.10/bin/../lib/gcc/arm-none-eabi/10.3.1/../../../../arm-none-eabi/lib/thumb/v7e-m+fp/hard\libg.a(lib_a-fputwc.o)
                0x0800d254                _fputwc_r
 .text._fstat_r
                0x0800d2bc       0x2c d:/stm32cubemx/gcc-arm-none-eabi-10.3-2021.10/bin/../lib/gcc/arm-none-eabi/10.3.1/../../../../arm-none-eabi/lib/thumb/v7e-m+fp/hard\libg.a(lib_a-fstatr.o)
                0x0800d2bc                _fstat_r
 .text.__sfvwrite_r
                0x0800d2e8      0x2f0 d:/stm32cubemx/gcc-arm-none-eabi-10.3-2021.10/bin/../lib/gcc/arm-none-eabi/10.3.1/../../../../arm-none-eabi/lib/thumb/v7e-m+fp/hard\libg.a(lib_a-fvwrite.o)
                0x0800d2e8                __sfvwrite_r
 .text._isatty_r
                0x0800d5d8       0x24 d:/stm32cubemx/gcc-arm-none-eabi-10.3-2021.10/bin/../lib/gcc/arm-none-eabi/10.3.1/../../../../arm-none-eabi/lib/thumb/v7e-m+fp/hard\libg.a(lib_a-isattyr.o)
                0x0800d5d8                _isatty_r
 .text._lseek_r
                0x0800d5fc       0x2c d:/stm32cubemx/gcc-arm-none-eabi-10.3-2021.10/bin/../lib/gcc/arm-none-eabi/10.3.1/../../../../arm-none-eabi/lib/thumb/v7e-m+fp/hard\libg.a(lib_a-lseekr.o)
                0x0800d5fc                _lseek_r
 .text.memmove  0x0800d628       0xf8 d:/stm32cubemx/gcc-arm-none-eabi-10.3-2021.10/bin/../lib/gcc/arm-none-eabi/10.3.1/../../../../arm-none-eabi/lib/thumb/v7e-m+fp/hard\libg.a(lib_a-memmove.o)
                0x0800d628                memmove
 .text._read_r  0x0800d720       0x2c d:/stm32cubemx/gcc-arm-none-eabi-10.3-2021.10/bin/../lib/gcc/arm-none-eabi/10.3.1/../../../../arm-none-eabi/lib/thumb/v7e-m+fp/hard\libg.a(lib_a-readr.o)
                0x0800d720                _read_r
 .text._realloc_r
                0x0800d74c      0x3d8 d:/stm32cubemx/gcc-arm-none-eabi-10.3-2021.10/bin/../lib/gcc/arm-none-eabi/10.3.1/../../../../arm-none-eabi/lib/thumb/v7e-m+fp/hard\libg.a(lib_a-reallocr.o)
                0x0800d74c                _realloc_r
 .text.__swbuf_r
                0x0800db24       0xb0 d:/stm32cubemx/gcc-arm-none-eabi-10.3-2021.10/bin/../lib/gcc/arm-none-eabi/10.3.1/../../../../arm-none-eabi/lib/thumb/v7e-m+fp/hard\libg.a(lib_a-wbuf.o)
                0x0800db24                __swbuf_r
 .text._wcrtomb_r
                0x0800dbd4       0x3c d:/stm32cubemx/gcc-arm-none-eabi-10.3-2021.10/bin/../lib/gcc/arm-none-eabi/10.3.1/../../../../arm-none-eabi/lib/thumb/v7e-m+fp/hard\libg.a(lib_a-wcrtomb.o)
                0x0800dbd4                _wcrtomb_r
 .text.abort    0x0800dc10       0x10 d:/stm32cubemx/gcc-arm-none-eabi-10.3-2021.10/bin/../lib/gcc/arm-none-eabi/10.3.1/../../../../arm-none-eabi/lib/thumb/v7e-m+fp/hard\libg.a(lib_a-abort.o)
                0x0800dc10                abort
 .text.raise    0x0800dc20       0x5c d:/stm32cubemx/gcc-arm-none-eabi-10.3-2021.10/bin/../lib/gcc/arm-none-eabi/10.3.1/../../../../arm-none-eabi/lib/thumb/v7e-m+fp/hard\libg.a(lib_a-signal.o)
                0x0800dc20                raise
 .text._kill_r  0x0800dc7c       0x2c d:/stm32cubemx/gcc-arm-none-eabi-10.3-2021.10/bin/../lib/gcc/arm-none-eabi/10.3.1/../../../../arm-none-eabi/lib/thumb/v7e-m+fp/hard\libg.a(lib_a-signalr.o)
                0x0800dc7c                _kill_r
 .text._getpid_r
                0x0800dca8        0x4 d:/stm32cubemx/gcc-arm-none-eabi-10.3-2021.10/bin/../lib/gcc/arm-none-eabi/10.3.1/../../../../arm-none-eabi/lib/thumb/v7e-m+fp/hard\libg.a(lib_a-signalr.o)
                0x0800dca8                _getpid_r
 *(.glue_7)
 .glue_7        0x0800dcac        0x0 linker stubs
 *(.glue_7t)
 .glue_7t       0x0800dcac        0x0 linker stubs
 *(.eh_frame)
 .eh_frame      0x0800dcac        0x0 d:/stm32cubemx/gcc-arm-none-eabi-10.3-2021.10/bin/../lib/gcc/arm-none-eabi/10.3.1/thumb/v7e-m+fp/hard/crtbegin.o
 *(.init)
 .init          0x0800dcac        0x4 d:/stm32cubemx/gcc-arm-none-eabi-10.3-2021.10/bin/../lib/gcc/arm-none-eabi/10.3.1/thumb/v7e-m+fp/hard/crti.o
                0x0800dcac                _init
 .init          0x0800dcb0        0x8 d:/stm32cubemx/gcc-arm-none-eabi-10.3-2021.10/bin/../lib/gcc/arm-none-eabi/10.3.1/thumb/v7e-m+fp/hard/crtn.o
 *(.fini)
 .fini          0x0800dcb8        0x4 d:/stm32cubemx/gcc-arm-none-eabi-10.3-2021.10/bin/../lib/gcc/arm-none-eabi/10.3.1/thumb/v7e-m+fp/hard/crti.o
                0x0800dcb8                _fini
 .fini          0x0800dcbc        0x8 d:/stm32cubemx/gcc-arm-none-eabi-10.3-2021.10/bin/../lib/gcc/arm-none-eabi/10.3.1/thumb/v7e-m+fp/hard/crtn.o
                0x0800dcc4                . = ALIGN (0x4)
                0x0800dcc4                _etext = .

.vfp11_veneer   0x0800dcc4        0x0
 .vfp11_veneer  0x0800dcc4        0x0 linker stubs

.v4_bx          0x0800dcc4        0x0
 .v4_bx         0x0800dcc4        0x0 linker stubs

.iplt           0x0800dcc4        0x0
 .iplt          0x0800dcc4        0x0 d:/stm32cubemx/gcc-arm-none-eabi-10.3-2021.10/bin/../lib/gcc/arm-none-eabi/10.3.1/thumb/v7e-m+fp/hard/crtbegin.o

.rodata         0x0800dcc8      0x6b8
                0x0800dcc8                . = ALIGN (0x4)
 *(.rodata)
 *(.rodata*)
 .rodata.str1.4
                0x0800dcc8       0x18 CMakeFiles/Test.elf.dir/Core/Src/freertos.c.obj
 .rodata.LED_attributes
                0x0800dce0       0x24 CMakeFiles/Test.elf.dir/Core/Src/freertos.c.obj
                0x0800dce0                LED_attributes
 .rodata.defaultTask_attributes
                0x0800dd04       0x24 CMakeFiles/Test.elf.dir/Core/Src/freertos.c.obj
                0x0800dd04                defaultTask_attributes
 .rodata.myTimer_attributes
                0x0800dd28       0x10 CMakeFiles/Test.elf.dir/Core/Src/freertos.c.obj
                0x0800dd28                myTimer_attributes
 .rodata.AHBPrescTable
                0x0800dd38       0x10 CMakeFiles/Test.elf.dir/Core/Src/system_stm32f4xx.c.obj
                0x0800dd38                AHBPrescTable
 .rodata.APBPrescTable
                0x0800dd48        0x8 CMakeFiles/Test.elf.dir/Core/Src/system_stm32f4xx.c.obj
                0x0800dd48                APBPrescTable
 .rodata.flagBitshiftOffset.0
                0x0800dd50        0x8 CMakeFiles/Test.elf.dir/Drivers/STM32F4xx_HAL_Driver/Src/stm32f4xx_hal_dma.c.obj
 .rodata.vTaskStartScheduler.str1.4
                0x0800dd58        0x5 CMakeFiles/Test.elf.dir/Middlewares/Third_Party/FreeRTOS/Source/tasks.c.obj
 *fill*         0x0800dd5d        0x3 
 .rodata.prvCheckForValidListAndQueue.str1.4
                0x0800dd60        0x5 CMakeFiles/Test.elf.dir/Middlewares/Third_Party/FreeRTOS/Source/timers.c.obj
 *fill*         0x0800dd65        0x3 
 .rodata.xTimerCreateTimerTask.str1.4
                0x0800dd68        0x8 CMakeFiles/Test.elf.dir/Middlewares/Third_Party/FreeRTOS/Source/timers.c.obj
 .rodata.MOTORC_Test.str1.4
                0x0800dd70       0x18 CMakeFiles/Test.elf.dir/User/motor.c.obj
 .rodata._global_impure_ptr
                0x0800dd88        0x4 d:/stm32cubemx/gcc-arm-none-eabi-10.3-2021.10/bin/../lib/gcc/arm-none-eabi/10.3.1/../../../../arm-none-eabi/lib/thumb/v7e-m+fp/hard\libg.a(lib_a-impure.o)
                0x0800dd88                _global_impure_ptr
 .rodata._strtod_l.str1.4
                0x0800dd8c        0xf d:/stm32cubemx/gcc-arm-none-eabi-10.3-2021.10/bin/../lib/gcc/arm-none-eabi/10.3.1/../../../../arm-none-eabi/lib/thumb/v7e-m+fp/hard\libg.a(lib_a-strtod.o)
                                 0x11 (size before relaxing)
 *fill*         0x0800dd9b        0x1 
 .rodata.fpi.1  0x0800dd9c       0x14 d:/stm32cubemx/gcc-arm-none-eabi-10.3-2021.10/bin/../lib/gcc/arm-none-eabi/10.3.1/../../../../arm-none-eabi/lib/thumb/v7e-m+fp/hard\libg.a(lib_a-strtod.o)
 .rodata.fpinan.0
                0x0800ddb0       0x14 d:/stm32cubemx/gcc-arm-none-eabi-10.3-2021.10/bin/../lib/gcc/arm-none-eabi/10.3.1/../../../../arm-none-eabi/lib/thumb/v7e-m+fp/hard\libg.a(lib_a-strtod.o)
 *fill*         0x0800ddc4        0x4 
 .rodata.tinytens
                0x0800ddc8       0x28 d:/stm32cubemx/gcc-arm-none-eabi-10.3-2021.10/bin/../lib/gcc/arm-none-eabi/10.3.1/../../../../arm-none-eabi/lib/thumb/v7e-m+fp/hard\libg.a(lib_a-strtod.o)
 .rodata._vfprintf_r.str1.4
                0x0800ddf0       0x42 d:/stm32cubemx/gcc-arm-none-eabi-10.3-2021.10/bin/../lib/gcc/arm-none-eabi/10.3.1/../../../../arm-none-eabi/lib/thumb/v7e-m+fp/hard\libg.a(lib_a-vfprintf.o)
 *fill*         0x0800de32        0x2 
 .rodata.blanks.1
                0x0800de34       0x10 d:/stm32cubemx/gcc-arm-none-eabi-10.3-2021.10/bin/../lib/gcc/arm-none-eabi/10.3.1/../../../../arm-none-eabi/lib/thumb/v7e-m+fp/hard\libg.a(lib_a-vfprintf.o)
 .rodata.zeroes.0
                0x0800de44       0x10 d:/stm32cubemx/gcc-arm-none-eabi-10.3-2021.10/bin/../lib/gcc/arm-none-eabi/10.3.1/../../../../arm-none-eabi/lib/thumb/v7e-m+fp/hard\libg.a(lib_a-vfprintf.o)
 .rodata._dtoa_r.str1.4
                0x0800de54       0xa2 d:/stm32cubemx/gcc-arm-none-eabi-10.3-2021.10/bin/../lib/gcc/arm-none-eabi/10.3.1/../../../../arm-none-eabi/lib/thumb/v7e-m+fp/hard\libg.a(lib_a-dtoa.o)
                                 0xa6 (size before relaxing)
 *fill*         0x0800def6        0x2 
 .rodata.__gethex.str1.4
                0x0800def8       0x86 d:/stm32cubemx/gcc-arm-none-eabi-10.3-2021.10/bin/../lib/gcc/arm-none-eabi/10.3.1/../../../../arm-none-eabi/lib/thumb/v7e-m+fp/hard\libg.a(lib_a-gdtoa-gethex.o)
                                 0x9a (size before relaxing)
 *fill*         0x0800df7e        0x2 
 .rodata.__hexdig
                0x0800df80      0x100 d:/stm32cubemx/gcc-arm-none-eabi-10.3-2021.10/bin/../lib/gcc/arm-none-eabi/10.3.1/../../../../arm-none-eabi/lib/thumb/v7e-m+fp/hard\libg.a(lib_a-gdtoa-gethex.o)
                0x0800df80                __hexdig
 .rodata.str1.4
                0x0800e080        0x2 d:/stm32cubemx/gcc-arm-none-eabi-10.3-2021.10/bin/../lib/gcc/arm-none-eabi/10.3.1/../../../../arm-none-eabi/lib/thumb/v7e-m+fp/hard\libg.a(lib_a-lnumeric.o)
                                  0x5 (size before relaxing)
 *fill*         0x0800e082        0x2 
 .rodata._C_numeric_locale
                0x0800e084        0xc d:/stm32cubemx/gcc-arm-none-eabi-10.3-2021.10/bin/../lib/gcc/arm-none-eabi/10.3.1/../../../../arm-none-eabi/lib/thumb/v7e-m+fp/hard\libg.a(lib_a-lnumeric.o)
                0x0800e084                _C_numeric_locale
 .rodata._setlocale_r.str1.4
                0x0800e090        0xa d:/stm32cubemx/gcc-arm-none-eabi-10.3-2021.10/bin/../lib/gcc/arm-none-eabi/10.3.1/../../../../arm-none-eabi/lib/thumb/v7e-m+fp/hard\libg.a(lib_a-locale.o)
                                  0xd (size before relaxing)
 .rodata.str1.4
                0x0800e09a        0x2 d:/stm32cubemx/gcc-arm-none-eabi-10.3-2021.10/bin/../lib/gcc/arm-none-eabi/10.3.1/../../../../arm-none-eabi/lib/thumb/v7e-m+fp/hard\libg.a(lib_a-locale.o)
 *fill*         0x0800e09a        0x2 
 .rodata.__multadd.str1.4
                0x0800e09c       0x7f d:/stm32cubemx/gcc-arm-none-eabi-10.3-2021.10/bin/../lib/gcc/arm-none-eabi/10.3.1/../../../../arm-none-eabi/lib/thumb/v7e-m+fp/hard\libg.a(lib_a-mprec.o)
                                 0x93 (size before relaxing)
 *fill*         0x0800e11b        0x5 
 .rodata.__mprec_bigtens
                0x0800e120       0x28 d:/stm32cubemx/gcc-arm-none-eabi-10.3-2021.10/bin/../lib/gcc/arm-none-eabi/10.3.1/../../../../arm-none-eabi/lib/thumb/v7e-m+fp/hard\libg.a(lib_a-mprec.o)
                0x0800e120                __mprec_bigtens
 .rodata.__mprec_tens
                0x0800e148       0xc8 d:/stm32cubemx/gcc-arm-none-eabi-10.3-2021.10/bin/../lib/gcc/arm-none-eabi/10.3.1/../../../../arm-none-eabi/lib/thumb/v7e-m+fp/hard\libg.a(lib_a-mprec.o)
                0x0800e148                __mprec_tens
 .rodata.p05.0  0x0800e210        0xc d:/stm32cubemx/gcc-arm-none-eabi-10.3-2021.10/bin/../lib/gcc/arm-none-eabi/10.3.1/../../../../arm-none-eabi/lib/thumb/v7e-m+fp/hard\libg.a(lib_a-mprec.o)
 .rodata._vfiprintf_r.str1.4
                0x0800e21c       0x2f d:/stm32cubemx/gcc-arm-none-eabi-10.3-2021.10/bin/../lib/gcc/arm-none-eabi/10.3.1/../../../../arm-none-eabi/lib/thumb/v7e-m+fp/hard\libg.a(lib_a-vfiprintf.o)
 .rodata.blanks.1
                0x0800e21c       0x10 d:/stm32cubemx/gcc-arm-none-eabi-10.3-2021.10/bin/../lib/gcc/arm-none-eabi/10.3.1/../../../../arm-none-eabi/lib/thumb/v7e-m+fp/hard\libg.a(lib_a-vfiprintf.o)
 .rodata.zeroes.0
                0x0800e22c       0x10 d:/stm32cubemx/gcc-arm-none-eabi-10.3-2021.10/bin/../lib/gcc/arm-none-eabi/10.3.1/../../../../arm-none-eabi/lib/thumb/v7e-m+fp/hard\libg.a(lib_a-vfiprintf.o)
 .rodata.__assert_func.str1.4
                0x0800e23c       0x3f d:/stm32cubemx/gcc-arm-none-eabi-10.3-2021.10/bin/../lib/gcc/arm-none-eabi/10.3.1/../../../../arm-none-eabi/lib/thumb/v7e-m+fp/hard\libg.a(lib_a-assert.o)
                                 0x43 (size before relaxing)
 *fill*         0x0800e27b        0x1 
 .rodata._ctype_
                0x0800e27c      0x101 d:/stm32cubemx/gcc-arm-none-eabi-10.3-2021.10/bin/../lib/gcc/arm-none-eabi/10.3.1/../../../../arm-none-eabi/lib/thumb/v7e-m+fp/hard\libg.a(lib_a-ctype_.o)
                0x0800e27c                _ctype_
                0x0800e380                . = ALIGN (0x4)
 *fill*         0x0800e37d        0x3 

.ARM.extab      0x0800e380        0x0
                0x0800e380                . = ALIGN (0x4)
 *(.ARM.extab* .gnu.linkonce.armextab.*)
                0x0800e380                . = ALIGN (0x4)

.ARM            0x0800e380        0x8
                0x0800e380                . = ALIGN (0x4)
                0x0800e380                __exidx_start = .
 *(.ARM.exidx*)
 .ARM.exidx     0x0800e380        0x8 d:/stm32cubemx/gcc-arm-none-eabi-10.3-2021.10/bin/../lib/gcc/arm-none-eabi/10.3.1/thumb/v7e-m+fp/hard\libgcc.a(_udivmoddi4.o)
                0x0800e388                __exidx_end = .
                0x0800e388                . = ALIGN (0x4)

.rel.dyn        0x0800e388        0x0
 .rel.iplt      0x0800e388        0x0 d:/stm32cubemx/gcc-arm-none-eabi-10.3-2021.10/bin/../lib/gcc/arm-none-eabi/10.3.1/thumb/v7e-m+fp/hard/crtbegin.o

.preinit_array  0x0800e388        0x0
                0x0800e388                . = ALIGN (0x4)
                0x0800e388                PROVIDE (__preinit_array_start = .)
 *(.preinit_array*)
                0x0800e388                PROVIDE (__preinit_array_end = .)
                0x0800e388                . = ALIGN (0x4)

.init_array     0x0800e388        0x8
                0x0800e388                . = ALIGN (0x4)
                0x0800e388                PROVIDE (__init_array_start = .)
 *(SORT_BY_NAME(.init_array.*))
 .init_array.00000
                0x0800e388        0x4 d:/stm32cubemx/gcc-arm-none-eabi-10.3-2021.10/bin/../lib/gcc/arm-none-eabi/10.3.1/../../../../arm-none-eabi/lib/thumb/v7e-m+fp/hard\libg.a(lib_a-__call_atexit.o)
 *(.init_array*)
 .init_array    0x0800e38c        0x4 d:/stm32cubemx/gcc-arm-none-eabi-10.3-2021.10/bin/../lib/gcc/arm-none-eabi/10.3.1/thumb/v7e-m+fp/hard/crtbegin.o
                0x0800e390                PROVIDE (__init_array_end = .)
                0x0800e390                . = ALIGN (0x4)

.fini_array     0x0800e390        0x4
                0x0800e390                . = ALIGN (0x4)
                0x0800e390                PROVIDE (__fini_array_start = .)
 *(SORT_BY_NAME(.fini_array.*))
 *(.fini_array*)
 .fini_array    0x0800e390        0x4 d:/stm32cubemx/gcc-arm-none-eabi-10.3-2021.10/bin/../lib/gcc/arm-none-eabi/10.3.1/thumb/v7e-m+fp/hard/crtbegin.o
                0x0800e394                PROVIDE (__fini_array_end = .)
                0x0800e394                . = ALIGN (0x4)
                0x0800e394                _sidata = LOADADDR (.data)

.data           0x20000000      0x9c4 load address 0x0800e394
                0x20000000                . = ALIGN (0x4)
                0x20000000                _sdata = .
 *(.data)
 *(.data*)
 .data.SystemCoreClock
                0x20000000        0x4 CMakeFiles/Test.elf.dir/Core/Src/system_stm32f4xx.c.obj
                0x20000000                SystemCoreClock
 .data.uwTickFreq
                0x20000004        0x1 CMakeFiles/Test.elf.dir/Drivers/STM32F4xx_HAL_Driver/Src/stm32f4xx_hal.c.obj
                0x20000004                uwTickFreq
 *fill*         0x20000005        0x3 
 .data.uwTickPrio
                0x20000008        0x4 CMakeFiles/Test.elf.dir/Drivers/STM32F4xx_HAL_Driver/Src/stm32f4xx_hal.c.obj
                0x20000008                uwTickPrio
 .data.uxCriticalNesting
                0x2000000c        0x4 CMakeFiles/Test.elf.dir/Middlewares/Third_Party/FreeRTOS/Source/portable/GCC/ARM_CM4F/port.c.obj
 .data._impure_ptr
                0x20000010        0x4 d:/stm32cubemx/gcc-arm-none-eabi-10.3-2021.10/bin/../lib/gcc/arm-none-eabi/10.3.1/../../../../arm-none-eabi/lib/thumb/v7e-m+fp/hard\libg.a(lib_a-impure.o)
                0x20000010                _impure_ptr
 *fill*         0x20000014        0x4 
 .data.impure_data
                0x20000018      0x428 d:/stm32cubemx/gcc-arm-none-eabi-10.3-2021.10/bin/../lib/gcc/arm-none-eabi/10.3.1/../../../../arm-none-eabi/lib/thumb/v7e-m+fp/hard\libg.a(lib_a-impure.o)
 .data.__atexit_recursive_mutex
                0x20000440        0x4 d:/stm32cubemx/gcc-arm-none-eabi-10.3-2021.10/bin/../lib/gcc/arm-none-eabi/10.3.1/../../../../arm-none-eabi/lib/thumb/v7e-m+fp/hard\libg.a(lib_a-__call_atexit.o)
                0x20000440                __atexit_recursive_mutex
 .data.numempty
                0x20000444        0x2 d:/stm32cubemx/gcc-arm-none-eabi-10.3-2021.10/bin/../lib/gcc/arm-none-eabi/10.3.1/../../../../arm-none-eabi/lib/thumb/v7e-m+fp/hard\libg.a(lib_a-lnumeric.o)
 *fill*         0x20000446        0x2 
 .data.__global_locale